[8:0x42e8760]      384 ms: Mark-sweep 10.8 (17.7) -> 8.0 (18.4) MB, 1.9 / 0.0 ms  (+ 0.2 ms in 1 steps since start of marking, biggest step 0.2 ms, walltime since start of marking 10 ms) (average mu = 1.000, current mu = 1.000) testing GC in old space requested
[8:0x42e8760]      389 ms: Mark-sweep 8.0 (18.4) -> 7.9 (26.7) MB, 5.5 / 0.0 ms  (average mu = 0.005, current mu = 0.005) testing GC in old space requested
[8:0x42e8760]   110000 ms: Mark-sweep 8.0 (26.7) -> 7.9 (10.2) MB, 4.5 / 0.0 ms  (+ 0.7 ms in 3 steps since start of marking, biggest step 0.5 ms, walltime since start of marking 14 ms) (average mu = 1.000, current mu = 1.000) finalize incremental marking via stack guard GC in old space requested
[8:0x42e8760]   110008 ms: Mark-sweep 8.0 (10.2) -> 7.9 (10.2) MB, 4.6 / 0.0 ms  (average mu = 1.000, current mu = 0.448) testing GC in old space requested
[8:0x42e8760]   110081 ms: Mark-sweep 8.1 (10.2) -> 7.9 (10.2) MB, 5.0 / 0.0 ms  (average mu = 1.000, current mu = 0.932) testing GC in old space requested
[8:0x42e8760]   110151 ms: Mark-sweep 8.1 (10.2) -> 7.9 (10.2) MB, 4.9 / 0.0 ms  (average mu = 0.999, current mu = 0.930) testing GC in old space requested
[8:0x42e8760]   110223 ms: Mark-sweep 8.1 (10.2) -> 8.0 (10.2) MB, 5.9 / 0.0 ms  (average mu = 0.998, current mu = 0.917) testing GC in old space requested
[8:0x42e8760]   110293 ms: Mark-sweep 8.2 (10.2) -> 8.0 (10.2) MB, 5.0 / 0.0 ms  (average mu = 0.997, current mu = 0.929) testing GC in old space requested
[8:0x42e8760]   110366 ms: Mark-sweep 8.2 (10.2) -> 8.0 (10.4) MB, 5.1 / 0.0 ms  (average mu = 0.994, current mu = 0.931) testing GC in old space requested
[8:0x42e8760]   110615 ms: Mark-sweep 8.2 (10.4) -> 8.0 (10.4) MB, 5.2 / 0.0 ms  (average mu = 0.991, current mu = 0.979) testing GC in old space requested
[8:0x42e8760]   110685 ms: Mark-sweep 8.2 (10.4) -> 8.0 (10.4) MB, 5.1 / 0.0 ms  (average mu = 0.984, current mu = 0.928) testing GC in old space requested
[8:0x42e8760]   110753 ms: Mark-sweep 8.2 (10.4) -> 8.0 (10.4) MB, 5.1 / 0.0 ms  (average mu = 0.974, current mu = 0.926) testing GC in old space requested
[8:0x42e8760]   110823 ms: Mark-sweep 8.2 (10.4) -> 8.0 (10.4) MB, 5.1 / 0.0 ms  (average mu = 0.962, current mu = 0.926) testing GC in old space requested
[8:0x42e8760]   110896 ms: Mark-sweep 8.2 (10.4) -> 8.0 (11.4) MB, 5.2 / 0.0 ms  (average mu = 0.950, current mu = 0.929) testing GC in old space requested
[8:0x42e8760]   110965 ms: Mark-sweep 8.2 (11.4) -> 8.0 (11.4) MB, 5.1 / 0.0 ms  (average mu = 0.941, current mu = 0.926) testing GC in old space requested
[8:0x42e8760]   111036 ms: Mark-sweep 8.2 (11.4) -> 8.0 (11.4) MB, 5.8 / 0.0 ms  (average mu = 0.931, current mu = 0.918) testing GC in old space requested
[8:0x42e8760]   111106 ms: Mark-sweep 8.2 (11.4) -> 8.0 (11.4) MB, 5.1 / 0.0 ms  (average mu = 0.929, current mu = 0.927) testing GC in old space requested
[8:0x42e8760]   111175 ms: Mark-sweep 8.2 (11.4) -> 8.0 (11.4) MB, 5.1 / 0.0 ms  (average mu = 0.928, current mu = 0.926) testing GC in old space requested
[8:0x42e8760]   111424 ms: Mark-sweep 8.2 (11.4) -> 8.0 (11.4) MB, 5.2 / 0.0 ms  (average mu = 0.967, current mu = 0.979) testing GC in old space requested
[8:0x42e8760]   111493 ms: Mark-sweep 8.2 (11.4) -> 8.0 (11.4) MB, 5.1 / 0.0 ms  (average mu = 0.955, current mu = 0.926) testing GC in old space requested
[8:0x42e8760]   111560 ms: Mark-sweep 8.2 (11.4) -> 8.0 (13.4) MB, 5.0 / 0.0 ms  (average mu = 0.944, current mu = 0.925) testing GC in old space requested
[8:0x42e8760]   111631 ms: Mark-sweep 8.2 (13.4) -> 8.0 (13.4) MB, 4.9 / 0.0 ms  (average mu = 0.938, current mu = 0.930) testing GC in old space requested
[8:0x42e8760]   111698 ms: Mark-sweep 8.2 (13.4) -> 8.0 (13.4) MB, 4.9 / 0.0 ms  (average mu = 0.932, current mu = 0.926) testing GC in old space requested
[8:0x42e8760]   111764 ms: Mark-sweep 8.2 (13.4) -> 8.0 (13.4) MB, 5.0 / 0.0 ms  (average mu = 0.929, current mu = 0.925) testing GC in old space requested
[8:0x42e8760]   111832 ms: Mark-sweep 8.2 (13.4) -> 8.0 (13.4) MB, 5.0 / 0.0 ms  (average mu = 0.927, current mu = 0.926) testing GC in old space requested
[8:0x42e8760]   111899 ms: Mark-sweep 8.2 (13.4) -> 8.0 (13.4) MB, 5.1 / 0.0 ms  (average mu = 0.926, current mu = 0.924) testing GC in old space requested
[8:0x42e8760]   111965 ms: Mark-sweep 8.2 (13.4) -> 8.0 (13.4) MB, 5.1 / 0.0 ms  (average mu = 0.924, current mu = 0.923) testing GC in old space requested
[8:0x42e8760]   112031 ms: Mark-sweep 8.2 (13.4) -> 8.0 (13.4) MB, 5.0 / 0.0 ms  (average mu = 0.925, current mu = 0.925) testing GC in old space requested
[8:0x42e8760]   112099 ms: Mark-sweep 8.2 (13.4) -> 8.0 (13.4) MB, 5.1 / 0.0 ms  (average mu = 0.925, current mu = 0.925) testing GC in old space requested
[8:0x42e8760]   112172 ms: Mark-sweep 8.2 (13.4) -> 8.0 (13.4) MB, 5.1 / 0.0 ms  (average mu = 0.928, current mu = 0.931) testing GC in old space requested
[8:0x42e8760]   112829 ms: Mark-sweep 8.2 (13.4) -> 8.0 (13.4) MB, 5.3 / 0.0 ms  (average mu = 0.986, current mu = 0.992) testing GC in old space requested
[8:0x42e8760]   112899 ms: Mark-sweep 8.2 (13.4) -> 8.0 (13.4) MB, 5.1 / 0.0 ms  (average mu = 0.976, current mu = 0.927) testing GC in old space requested
[8:0x42e8760]   112967 ms: Mark-sweep 8.2 (13.4) -> 8.0 (13.4) MB, 5.1 / 0.0 ms  (average mu = 0.964, current mu = 0.926) testing GC in old space requested
[8:0x42e8760]   113034 ms: Mark-sweep 8.2 (13.4) -> 8.0 (13.4) MB, 5.0 / 0.0 ms  (average mu = 0.952, current mu = 0.925) testing GC in old space requested
[8:0x42e8760]   113102 ms: Mark-sweep 8.2 (13.4) -> 8.0 (13.4) MB, 5.0 / 0.0 ms  (average mu = 0.941, current mu = 0.926) testing GC in old space requested
[8:0x42e8760]   113169 ms: Mark-sweep 8.2 (13.4) -> 8.0 (13.4) MB, 5.0 / 0.0 ms  (average mu = 0.935, current mu = 0.926) testing GC in old space requested
[8:0x42e8760]   113243 ms: Mark-sweep 8.2 (13.4) -> 8.0 (13.4) MB, 5.1 / 0.0 ms  (average mu = 0.933, current mu = 0.930) testing GC in old space requested
[8:0x42e8760]   113312 ms: Mark-sweep 8.2 (13.4) -> 8.0 (13.4) MB, 5.2 / 0.0 ms  (average mu = 0.929, current mu = 0.924) testing GC in old space requested
[8:0x42e8760]   113384 ms: Mark-sweep 8.2 (13.4) -> 8.0 (13.4) MB, 5.1 / 0.0 ms  (average mu = 0.929, current mu = 0.930) testing GC in old space requested
[8:0x42e8760]   113452 ms: Mark-sweep 8.2 (13.4) -> 8.0 (13.4) MB, 5.0 / 0.0 ms  (average mu = 0.928, current mu = 0.926) testing GC in old space requested
[8:0x42e8760]   113520 ms: Mark-sweep 8.2 (13.4) -> 8.0 (13.4) MB, 5.1 / 0.0 ms  (average mu = 0.927, current mu = 0.926) testing GC in old space requested
[8:0x42e8760]   113587 ms: Mark-sweep 8.2 (13.4) -> 8.0 (13.4) MB, 5.2 / 0.0 ms  (average mu = 0.925, current mu = 0.923) testing GC in old space requested
[8:0x42e8760]   113654 ms: Mark-sweep 8.2 (13.4) -> 8.0 (13.4) MB, 5.1 / 0.0 ms  (average mu = 0.925, current mu = 0.924) testing GC in old space requested
[8:0x42e8760]   113721 ms: Mark-sweep 8.2 (13.4) -> 8.0 (13.4) MB, 5.0 / 0.0 ms  (average mu = 0.924, current mu = 0.924) testing GC in old space requested
[8:0x42e8760]   113787 ms: Mark-sweep 8.2 (13.4) -> 8.0 (13.4) MB, 5.0 / 0.0 ms  (average mu = 0.925, current mu = 0.926) testing GC in old space requested
[8:0x42e8760]   113854 ms: Mark-sweep 8.2 (13.4) -> 8.0 (13.4) MB, 5.0 / 0.0 ms  (average mu = 0.925, current mu = 0.925) testing GC in old space requested
[8:0x42e8760]   113926 ms: Mark-sweep 8.2 (13.4) -> 8.0 (13.4) MB, 5.1 / 0.0 ms  (average mu = 0.927, current mu = 0.929) testing GC in old space requested
[8:0x42e8760]   113993 ms: Mark-sweep 8.2 (13.4) -> 8.0 (13.4) MB, 5.0 / 0.0 ms  (average mu = 0.927, current mu = 0.926) testing GC in old space requested
[8:0x42e8760]   114065 ms: Mark-sweep 8.2 (13.4) -> 8.0 (13.4) MB, 5.1 / 0.0 ms  (average mu = 0.927, current mu = 0.928) testing GC in old space requested
[8:0x42e8760]   114132 ms: Mark-sweep 8.2 (13.4) -> 8.0 (13.4) MB, 5.1 / 0.0 ms  (average mu = 0.925, current mu = 0.923) testing GC in old space requested
[8:0x42e8760]   114198 ms: Mark-sweep 8.2 (13.4) -> 8.0 (13.4) MB, 5.0 / 0.0 ms  (average mu = 0.925, current mu = 0.924) testing GC in old space requested
[8:0x42e8760]   114265 ms: Mark-sweep 8.2 (13.4) -> 8.0 (13.4) MB, 5.1 / 0.0 ms  (average mu = 0.925, current mu = 0.925) testing GC in old space requested
[8:0x42e8760]   114331 ms: Mark-sweep 8.2 (13.4) -> 8.0 (13.4) MB, 5.1 / 0.0 ms  (average mu = 0.924, current mu = 0.924) testing GC in old space requested
[8:0x42e8760]   114398 ms: Mark-sweep 8.2 (13.4) -> 8.0 (13.4) MB, 5.0 / 0.0 ms  (average mu = 0.925, current mu = 0.925) testing GC in old space requested
[8:0x42e8760]   114466 ms: Mark-sweep 8.2 (13.4) -> 8.0 (13.4) MB, 5.7 / 0.0 ms  (average mu = 0.921, current mu = 0.917) testing GC in old space requested
[8:0x42e8760]   114535 ms: Mark-sweep 8.2 (13.4) -> 8.0 (13.4) MB, 5.1 / 0.0 ms  (average mu = 0.923, current mu = 0.925) testing GC in old space requested
[8:0x42e8760]   114605 ms: Mark-sweep 8.2 (13.4) -> 8.0 (13.4) MB, 5.1 / 0.0 ms  (average mu = 0.926, current mu = 0.928) testing GC in old space requested
[8:0x42e8760]   114671 ms: Mark-sweep 8.2 (13.4) -> 8.0 (13.4) MB, 5.0 / 0.0 ms  (average mu = 0.925, current mu = 0.925) testing GC in old space requested
[8:0x42e8760]   114743 ms: Mark-sweep 8.2 (13.4) -> 8.0 (13.7) MB, 5.2 / 0.0 ms  (average mu = 0.926, current mu = 0.927) testing GC in old space requested
[8:0x42e8760]   114811 ms: Mark-sweep 8.2 (13.7) -> 8.0 (13.7) MB, 5.0 / 0.0 ms  (average mu = 0.926, current mu = 0.926) testing GC in old space requested
[8:0x42e8760]   114878 ms: Mark-sweep 8.2 (13.7) -> 8.0 (13.7) MB, 5.0 / 0.0 ms  (average mu = 0.926, current mu = 0.925) testing GC in old space requested
[8:0x42e8760]   114945 ms: Mark-sweep 8.2 (13.7) -> 8.0 (13.7) MB, 5.0 / 0.0 ms  (average mu = 0.926, current mu = 0.926) testing GC in old space requested
[8:0x42e8760]   115012 ms: Mark-sweep 8.2 (13.7) -> 8.0 (13.7) MB, 5.0 / 0.0 ms  (average mu = 0.926, current mu = 0.926) testing GC in old space requested
[8:0x42e8760]   115079 ms: Mark-sweep 8.2 (13.7) -> 8.0 (13.7) MB, 5.0 / 0.0 ms  (average mu = 0.926, current mu = 0.925) testing GC in old space requested
[8:0x42e8760]   115145 ms: Mark-sweep 8.2 (13.7) -> 8.0 (13.4) MB, 5.4 / 0.0 ms  (average mu = 0.922, current mu = 0.919) testing GC in old space requested
[8:0x42e8760]   115212 ms: Mark-sweep 8.2 (13.4) -> 8.0 (13.4) MB, 4.9 / 0.0 ms  (average mu = 0.924, current mu = 0.925) testing GC in old space requested
[8:0x42e8760]   115286 ms: Mark-sweep 8.2 (13.4) -> 8.0 (13.4) MB, 7.8 / 0.0 ms  (average mu = 0.908, current mu = 0.894) testing GC in old space requested
[8:0x42e8760]   115353 ms: Mark-sweep 8.2 (13.4) -> 8.0 (13.4) MB, 5.1 / 0.0 ms  (average mu = 0.916, current mu = 0.924) testing GC in old space requested
[8:0x42e8760]   115420 ms: Mark-sweep 8.2 (13.4) -> 8.0 (13.4) MB, 4.9 / 0.0 ms  (average mu = 0.921, current mu = 0.926) testing GC in old space requested
[8:0x42e8760]   115488 ms: Mark-sweep 8.2 (13.4) -> 8.0 (17.4) MB, 5.2 / 0.0 ms  (average mu = 0.922, current mu = 0.924) testing GC in old space requested
[8:0x42e8760]   115556 ms: Mark-sweep 8.2 (17.4) -> 8.0 (17.4) MB, 5.1 / 0.0 ms  (average mu = 0.924, current mu = 0.925) testing GC in old space requested
[8:0x42e8760]   115623 ms: Mark-sweep 8.2 (17.4) -> 8.0 (17.4) MB, 5.0 / 0.0 ms  (average mu = 0.924, current mu = 0.925) testing GC in old space requested
[8:0x42e8760]   115689 ms: Mark-sweep 8.2 (17.4) -> 8.0 (17.4) MB, 5.0 / 0.0 ms  (average mu = 0.925, current mu = 0.925) testing GC in old space requested
[8:0x42e8760]   115755 ms: Mark-sweep 8.2 (17.4) -> 8.0 (17.4) MB, 5.0 / 0.0 ms  (average mu = 0.925, current mu = 0.925) testing GC in old space requested
[8:0x42e8760]   115822 ms: Mark-sweep 8.2 (17.4) -> 8.0 (17.4) MB, 5.1 / 0.0 ms  (average mu = 0.924, current mu = 0.924) testing GC in old space requested
[8:0x42e8760]   115889 ms: Mark-sweep 8.2 (17.4) -> 8.0 (17.4) MB, 5.1 / 0.0 ms  (average mu = 0.924, current mu = 0.924) testing GC in old space requested
[8:0x42e8760]   115956 ms: Mark-sweep 8.2 (17.4) -> 8.0 (17.4) MB, 5.0 / 0.0 ms  (average mu = 0.925, current mu = 0.925) testing GC in old space requested
[8:0x42e8760]   116023 ms: Mark-sweep 8.2 (17.4) -> 8.0 (17.4) MB, 5.1 / 0.0 ms  (average mu = 0.924, current mu = 0.924) testing GC in old space requested
[8:0x42e8760]   116089 ms: Mark-sweep 8.2 (17.4) -> 8.0 (17.4) MB, 5.0 / 0.0 ms  (average mu = 0.924, current mu = 0.925) testing GC in old space requested
[8:0x42e8760]   116155 ms: Mark-sweep 8.2 (17.4) -> 8.0 (17.4) MB, 5.0 / 0.0 ms  (average mu = 0.924, current mu = 0.924) testing GC in old space requested
[8:0x42e8760]   116222 ms: Mark-sweep 8.2 (17.4) -> 8.0 (17.4) MB, 5.1 / 0.0 ms  (average mu = 0.924, current mu = 0.924) testing GC in old space requested
[8:0x42e8760]   116288 ms: Mark-sweep 8.2 (17.4) -> 8.0 (17.4) MB, 5.1 / 0.0 ms  (average mu = 0.924, current mu = 0.924) testing GC in old space requested
[8:0x42e8760]   116355 ms: Mark-sweep 8.2 (17.4) -> 8.0 (17.4) MB, 5.0 / 0.0 ms  (average mu = 0.924, current mu = 0.925) testing GC in old space requested
[8:0x42e8760]   116421 ms: Mark-sweep 8.2 (17.4) -> 8.0 (17.4) MB, 5.0 / 0.0 ms  (average mu = 0.924, current mu = 0.924) testing GC in old space requested
[8:0x42e8760]   116488 ms: Mark-sweep 8.2 (17.4) -> 8.1 (17.4) MB, 4.9 / 0.0 ms  (average mu = 0.925, current mu = 0.926) testing GC in old space requested
[8:0x42e8760]   116558 ms: Mark-sweep 8.2 (17.4) -> 8.1 (17.4) MB, 5.0 / 0.0 ms  (average mu = 0.927, current mu = 0.929) testing GC in old space requested
[8:0x42e8760]   116629 ms: Mark-sweep 8.2 (17.4) -> 8.1 (17.4) MB, 5.7 / 0.0 ms  (average mu = 0.923, current mu = 0.919) testing GC in old space requested
[8:0x42e8760]   116694 ms: Mark-sweep 8.3 (17.4) -> 8.1 (17.4) MB, 5.0 / 0.0 ms  (average mu = 0.924, current mu = 0.924) testing GC in old space requested
[8:0x42e8760]   116762 ms: Mark-sweep 8.3 (17.4) -> 8.1 (17.4) MB, 5.2 / 0.0 ms  (average mu = 0.923, current mu = 0.923) testing GC in old space requested
[8:0x42e8760]   116828 ms: Mark-sweep 8.3 (17.4) -> 8.1 (17.4) MB, 5.0 / 0.0 ms  (average mu = 0.924, current mu = 0.924) testing GC in old space requested
[8:0x42e8760]   116895 ms: Mark-sweep 8.3 (17.4) -> 8.1 (17.4) MB, 5.1 / 0.0 ms  (average mu = 0.924, current mu = 0.925) testing GC in old space requested
[8:0x42e8760]   116966 ms: Mark-sweep 8.3 (17.4) -> 8.1 (17.4) MB, 5.0 / 0.0 ms  (average mu = 0.927, current mu = 0.929) testing GC in old space requested
[8:0x42e8760]   117033 ms: Mark-sweep 8.3 (17.4) -> 8.1 (17.4) MB, 5.1 / 0.0 ms  (average mu = 0.925, current mu = 0.923) testing GC in old space requested
[8:0x42e8760]   117100 ms: Mark-sweep 8.3 (17.4) -> 8.1 (17.4) MB, 5.1 / 0.0 ms  (average mu = 0.924, current mu = 0.924) testing GC in old space requested
[8:0x42e8760]   117166 ms: Mark-sweep 8.3 (17.4) -> 8.1 (17.4) MB, 4.9 / 0.0 ms  (average mu = 0.925, current mu = 0.926) testing GC in old space requested
[8:0x42e8760]   117234 ms: Mark-sweep 8.3 (17.4) -> 8.1 (17.4) MB, 5.6 / 0.0 ms  (average mu = 0.921, current mu = 0.917) testing GC in old space requested
[8:0x42e8760]   117509 ms: Mark-sweep 8.3 (17.4) -> 8.1 (17.4) MB, 6.2 / 0.0 ms  (average mu = 0.966, current mu = 0.977) testing GC in old space requested
[8:0x42e8760]   117581 ms: Mark-sweep 8.3 (17.4) -> 8.1 (17.4) MB, 6.1 / 0.0 ms  (average mu = 0.951, current mu = 0.915) testing GC in old space requested
[8:0x42e8760]   117651 ms: Mark-sweep 8.3 (17.4) -> 8.1 (17.4) MB, 5.9 / 0.0 ms  (average mu = 0.938, current mu = 0.915) testing GC in old space requested
[8:0x42e8760]   117720 ms: Mark-sweep 8.3 (17.4) -> 8.1 (17.4) MB, 6.0 / 0.0 ms  (average mu = 0.928, current mu = 0.913) testing GC in old space requested
[8:0x42e8760]   117792 ms: Mark-sweep 8.3 (17.4) -> 8.1 (17.4) MB, 6.1 / 0.0 ms  (average mu = 0.922, current mu = 0.917) testing GC in old space requested
[8:0x42e8760]   117861 ms: Mark-sweep 8.3 (17.4) -> 8.1 (17.4) MB, 6.1 / 0.0 ms  (average mu = 0.917, current mu = 0.911) testing GC in old space requested
[8:0x42e8760]   117933 ms: Mark-sweep 8.2 (17.7) -> 8.1 (17.7) MB, 6.0 / 0.0 ms  (average mu = 0.917, current mu = 0.917) testing GC in old space requested
[8:0x42e8760]   118002 ms: Mark-sweep 8.2 (17.7) -> 8.1 (17.7) MB, 6.2 / 0.0 ms  (average mu = 0.913, current mu = 0.909) testing GC in old space requested
[8:0x42e8760]   118070 ms: Mark-sweep 8.2 (17.7) -> 8.1 (17.7) MB, 6.3 / 0.0 ms  (average mu = 0.911, current mu = 0.908) testing GC in old space requested
[8:0x42e8760]   118138 ms: Mark-sweep 8.2 (17.7) -> 8.1 (17.7) MB, 5.8 / 0.0 ms  (average mu = 0.913, current mu = 0.915) testing GC in old space requested
[8:0x42e8760]   118207 ms: Mark-sweep 8.3 (17.7) -> 8.1 (17.7) MB, 5.6 / 0.0 ms  (average mu = 0.916, current mu = 0.919) testing GC in old space requested
[8:0x42e8760]   118275 ms: Mark-sweep 8.2 (17.7) -> 8.1 (17.7) MB, 5.7 / 0.0 ms  (average mu = 0.916, current mu = 0.917) testing GC in old space requested
[8:0x42e8760]   118346 ms: Mark-sweep 8.3 (17.7) -> 8.1 (17.7) MB, 6.4 / 0.0 ms  (average mu = 0.913, current mu = 0.910) testing GC in old space requested
[8:0x42e8760]   118414 ms: Mark-sweep 8.2 (17.7) -> 8.1 (17.7) MB, 6.1 / 0.0 ms  (average mu = 0.912, current mu = 0.910) testing GC in old space requested
[8:0x42e8760]   118483 ms: Mark-sweep 8.2 (17.7) -> 8.1 (17.7) MB, 6.3 / 0.0 ms  (average mu = 0.911, current mu = 0.909) testing GC in old space requested
[8:0x42e8760]   118553 ms: Mark-sweep 8.2 (17.7) -> 8.1 (17.7) MB, 5.9 / 0.0 ms  (average mu = 0.913, current mu = 0.916) testing GC in old space requested
[8:0x42e8760]   118622 ms: Mark-sweep 8.2 (17.7) -> 8.1 (17.7) MB, 5.9 / 0.0 ms  (average mu = 0.914, current mu = 0.915) testing GC in old space requested
[8:0x42e8760]   118689 ms: Mark-sweep 8.2 (17.7) -> 8.1 (17.7) MB, 5.6 / 0.0 ms  (average mu = 0.915, current mu = 0.916) testing GC in old space requested
[8:0x42e8760]   118756 ms: Mark-sweep 8.2 (17.7) -> 8.1 (17.7) MB, 5.9 / 0.0 ms  (average mu = 0.914, current mu = 0.913) testing GC in old space requested
[8:0x42e8760]   118823 ms: Mark-sweep 8.2 (17.7) -> 8.1 (17.7) MB, 6.0 / 0.0 ms  (average mu = 0.912, current mu = 0.910) testing GC in old space requested
[8:0x42e8760]   118892 ms: Mark-sweep 8.2 (17.7) -> 8.1 (17.7) MB, 6.3 / 0.0 ms  (average mu = 0.910, current mu = 0.908) testing GC in old space requested
[8:0x42e8760]   118960 ms: Mark-sweep 8.2 (17.7) -> 8.1 (17.7) MB, 6.1 / 0.0 ms  (average mu = 0.910, current mu = 0.910) testing GC in old space requested
[8:0x42e8760]   119028 ms: Mark-sweep 8.2 (17.7) -> 8.1 (17.7) MB, 6.0 / 0.0 ms  (average mu = 0.911, current mu = 0.912) testing GC in old space requested
[8:0x42e8760]   119096 ms: Mark-sweep 8.2 (17.7) -> 8.1 (17.7) MB, 5.9 / 0.0 ms  (average mu = 0.913, current mu = 0.914) testing GC in old space requested
[8:0x42e8760]   119167 ms: Mark-sweep 8.2 (17.7) -> 8.1 (17.7) MB, 5.8 / 0.0 ms  (average mu = 0.915, current mu = 0.918) testing GC in old space requested
[8:0x42e8760]   119236 ms: Mark-sweep 8.2 (17.7) -> 8.1 (17.7) MB, 6.3 / 0.0 ms  (average mu = 0.912, current mu = 0.909) testing GC in old space requested
[8:0x42e8760]   119306 ms: Mark-sweep 8.2 (17.7) -> 8.1 (17.7) MB, 6.5 / 0.0 ms  (average mu = 0.909, current mu = 0.906) testing GC in old space requested
[8:0x42e8760]   119374 ms: Mark-sweep 8.3 (17.7) -> 8.1 (17.7) MB, 6.2 / 0.0 ms  (average mu = 0.909, current mu = 0.910) testing GC in old space requested
[8:0x42e8760]   119442 ms: Mark-sweep 8.3 (17.7) -> 8.1 (17.7) MB, 6.0 / 0.0 ms  (average mu = 0.910, current mu = 0.912) testing GC in old space requested
[8:0x42e8760]   119509 ms: Mark-sweep 8.3 (17.7) -> 8.1 (17.7) MB, 5.7 / 0.0 ms  (average mu = 0.913, current mu = 0.916) testing GC in old space requested
[8:0x42e8760]   119578 ms: Mark-sweep 8.3 (17.7) -> 8.1 (17.7) MB, 6.0 / 0.0 ms  (average mu = 0.913, current mu = 0.913) testing GC in old space requested
[8:0x42e8760]   119646 ms: Mark-sweep 8.3 (17.7) -> 8.1 (17.7) MB, 6.0 / 0.0 ms  (average mu = 0.912, current mu = 0.911) testing GC in old space requested
[8:0x42e8760]   119714 ms: Mark-sweep 8.3 (17.7) -> 8.1 (17.7) MB, 6.1 / 0.0 ms  (average mu = 0.912, current mu = 0.911) testing GC in old space requested
[8:0x42e8760]   119783 ms: Mark-sweep 8.3 (17.7) -> 8.1 (17.7) MB, 6.1 / 0.0 ms  (average mu = 0.911, current mu = 0.911) testing GC in old space requested
[8:0x42e8760]   119852 ms: Mark-sweep 8.3 (17.7) -> 8.1 (17.7) MB, 6.2 / 0.0 ms  (average mu = 0.911, current mu = 0.911) testing GC in old space requested
[8:0x42e8760]   119924 ms: Mark-sweep 8.3 (17.7) -> 8.1 (17.7) MB, 6.0 / 0.0 ms  (average mu = 0.914, current mu = 0.916) testing GC in old space requested
[8:0x42e8760]   119998 ms: Mark-sweep 8.3 (17.7) -> 8.1 (17.7) MB, 6.1 / 0.0 ms  (average mu = 0.915, current mu = 0.917) testing GC in old space requested
[8:0x42e8760]   120066 ms: Mark-sweep 8.3 (17.7) -> 8.1 (17.7) MB, 5.9 / 0.0 ms  (average mu = 0.915, current mu = 0.915) testing GC in old space requested
[8:0x42e8760]   120133 ms: Mark-sweep 8.3 (17.7) -> 8.1 (17.7) MB, 5.8 / 0.0 ms  (average mu = 0.914, current mu = 0.913) testing GC in old space requested
[8:0x42e8760]   120201 ms: Mark-sweep 8.3 (17.7) -> 8.1 (17.7) MB, 5.9 / 0.0 ms  (average mu = 0.913, current mu = 0.912) testing GC in old space requested
[8:0x42e8760]   120269 ms: Mark-sweep 8.3 (17.7) -> 8.1 (17.7) MB, 5.3 / 0.0 ms  (average mu = 0.918, current mu = 0.922) testing GC in old space requested
[8:0x42e8760]   120336 ms: Mark-sweep 8.3 (17.7) -> 8.1 (17.7) MB, 5.0 / 0.0 ms  (average mu = 0.922, current mu = 0.925) testing GC in old space requested
[8:0x42e8760]   120402 ms: Mark-sweep 8.3 (17.7) -> 8.1 (17.7) MB, 5.0 / 0.0 ms  (average mu = 0.923, current mu = 0.924) testing GC in old space requested
[8:0x42e8760]   120469 ms: Mark-sweep 8.3 (17.7) -> 8.1 (17.7) MB, 5.2 / 0.0 ms  (average mu = 0.922, current mu = 0.922) testing GC in old space requested
[8:0x42e8760]   120535 ms: Mark-sweep 8.3 (17.7) -> 8.1 (17.7) MB, 5.3 / 0.0 ms  (average mu = 0.922, current mu = 0.921) testing GC in old space requested
[8:0x42e8760]   120607 ms: Mark-sweep 8.3 (17.7) -> 8.1 (17.7) MB, 5.2 / 0.0 ms  (average mu = 0.924, current mu = 0.927) testing GC in old space requested
[8:0x42e8760]   120674 ms: Mark-sweep 8.3 (17.7) -> 8.1 (17.7) MB, 5.2 / 0.0 ms  (average mu = 0.923, current mu = 0.922) testing GC in old space requested
[8:0x42e8760]   120741 ms: Mark-sweep 8.3 (17.7) -> 8.1 (17.7) MB, 5.2 / 0.0 ms  (average mu = 0.923, current mu = 0.923) testing GC in old space requested
[8:0x42e8760]   120808 ms: Mark-sweep 8.3 (17.7) -> 8.1 (17.7) MB, 5.1 / 0.0 ms  (average mu = 0.923, current mu = 0.924) testing GC in old space requested
[8:0x42e8760]   120876 ms: Mark-sweep 8.3 (17.7) -> 8.1 (17.7) MB, 5.2 / 0.0 ms  (average mu = 0.923, current mu = 0.923) testing GC in old space requested
[8:0x42e8760]   120943 ms: Mark-sweep 8.3 (17.7) -> 8.1 (17.7) MB, 5.0 / 0.0 ms  (average mu = 0.924, current mu = 0.925) testing GC in old space requested
[8:0x42e8760]   121010 ms: Mark-sweep 8.3 (17.7) -> 8.1 (17.7) MB, 5.1 / 0.0 ms  (average mu = 0.924, current mu = 0.924) testing GC in old space requested
[8:0x42e8760]   121079 ms: Mark-sweep 8.3 (17.7) -> 8.1 (17.7) MB, 5.2 / 0.0 ms  (average mu = 0.924, current mu = 0.925) testing GC in old space requested
[8:0x42e8760]   121146 ms: Mark-sweep 8.3 (17.7) -> 8.1 (17.7) MB, 5.2 / 0.0 ms  (average mu = 0.923, current mu = 0.922) testing GC in old space requested
[8:0x42e8760]   121214 ms: Mark-sweep 8.3 (17.7) -> 8.1 (17.7) MB, 5.2 / 0.0 ms  (average mu = 0.924, current mu = 0.924) testing GC in old space requested
[8:0x42e8760]   121281 ms: Mark-sweep 8.3 (17.7) -> 8.1 (17.7) MB, 5.2 / 0.0 ms  (average mu = 0.923, current mu = 0.922) testing GC in old space requested
[8:0x42e8760]   121353 ms: Mark-sweep 8.3 (17.7) -> 8.1 (17.7) MB, 5.3 / 0.0 ms  (average mu = 0.924, current mu = 0.925) testing GC in old space requested
[8:0x42e8760]   121420 ms: Mark-sweep 8.3 (17.7) -> 8.1 (17.7) MB, 5.2 / 0.0 ms  (average mu = 0.923, current mu = 0.922) testing GC in old space requested
[8:0x42e8760]   121487 ms: Mark-sweep 8.3 (17.7) -> 8.1 (17.7) MB, 5.2 / 0.0 ms  (average mu = 0.923, current mu = 0.923) testing GC in old space requested
[8:0x42e8760]   121555 ms: Mark-sweep 8.3 (17.7) -> 8.1 (17.7) MB, 5.2 / 0.0 ms  (average mu = 0.923, current mu = 0.923) testing GC in old space requested
[8:0x42e8760]   121622 ms: Mark-sweep 8.3 (17.7) -> 8.1 (17.7) MB, 5.3 / 0.0 ms  (average mu = 0.922, current mu = 0.921) testing GC in old space requested
[8:0x42e8760]   121688 ms: Mark-sweep 8.3 (17.7) -> 8.1 (17.7) MB, 5.1 / 0.0 ms  (average mu = 0.922, current mu = 0.923) testing GC in old space requested
[8:0x42e8760]   121755 ms: Mark-sweep 8.3 (17.7) -> 8.1 (17.7) MB, 5.3 / 0.0 ms  (average mu = 0.922, current mu = 0.921) testing GC in old space requested
[8:0x42e8760]   121821 ms: Mark-sweep 8.3 (17.7) -> 8.1 (17.7) MB, 5.2 / 0.0 ms  (average mu = 0.922, current mu = 0.922) testing GC in old space requested
[8:0x42e8760]   121888 ms: Mark-sweep 8.3 (17.7) -> 8.1 (17.7) MB, 5.4 / 0.0 ms  (average mu = 0.921, current mu = 0.920) testing GC in old space requested
[8:0x42e8760]   121954 ms: Mark-sweep 8.3 (17.7) -> 8.1 (17.7) MB, 5.2 / 0.0 ms  (average mu = 0.921, current mu = 0.921) testing GC in old space requested
[8:0x42e8760]   122021 ms: Mark-sweep 8.3 (17.7) -> 8.1 (17.7) MB, 5.2 / 0.0 ms  (average mu = 0.922, current mu = 0.922) testing GC in old space requested
[8:0x42e8760]   122089 ms: Mark-sweep 8.3 (17.7) -> 8.1 (17.7) MB, 5.3 / 0.0 ms  (average mu = 0.922, current mu = 0.922) testing GC in old space requested
[8:0x42e8760]   122161 ms: Mark-sweep 8.3 (17.7) -> 8.1 (17.7) MB, 5.4 / 0.0 ms  (average mu = 0.924, current mu = 0.926) testing GC in old space requested
[8:0x42e8760]   122228 ms: Mark-sweep 8.3 (17.7) -> 8.1 (17.7) MB, 5.2 / 0.0 ms  (average mu = 0.923, current mu = 0.922) testing GC in old space requested
[8:0x42e8760]   122294 ms: Mark-sweep 8.3 (17.7) -> 8.1 (17.7) MB, 5.3 / 0.0 ms  (average mu = 0.921, current mu = 0.920) testing GC in old space requested
[8:0x42e8760]   122365 ms: Mark-sweep 8.3 (17.7) -> 8.1 (17.7) MB, 5.2 / 0.0 ms  (average mu = 0.924, current mu = 0.926) testing GC in old space requested
[8:0x42e8760]   122433 ms: Mark-sweep 8.3 (17.7) -> 8.1 (17.7) MB, 5.2 / 0.0 ms  (average mu = 0.924, current mu = 0.923) testing GC in old space requested
[8:0x42e8760]   122499 ms: Mark-sweep 8.3 (17.7) -> 8.1 (17.7) MB, 5.3 / 0.0 ms  (average mu = 0.922, current mu = 0.920) testing GC in old space requested
[8:0x42e8760]   122568 ms: Mark-sweep 8.3 (17.7) -> 8.1 (25.7) MB, 7.6 / 0.0 ms  (average mu = 0.906, current mu = 0.890) testing GC in old space requested
[8:0x42e8760]   122634 ms: Mark-sweep 8.3 (25.7) -> 8.1 (25.7) MB, 5.4 / 0.0 ms  (average mu = 0.913, current mu = 0.919) testing GC in old space requested
[8:0x42e8760]   122700 ms: Mark-sweep 8.3 (25.7) -> 8.1 (25.7) MB, 5.0 / 0.0 ms  (average mu = 0.918, current mu = 0.924) testing GC in old space requested
[8:0x42e8760]   122772 ms: Mark-sweep 8.3 (25.7) -> 8.1 (25.7) MB, 5.1 / 0.0 ms  (average mu = 0.924, current mu = 0.930) testing GC in old space requested
[8:0x42e8760]   122840 ms: Mark-sweep 8.3 (25.7) -> 8.1 (25.7) MB, 5.2 / 0.0 ms  (average mu = 0.924, current mu = 0.923) testing GC in old space requested
[8:0x42e8760]   122907 ms: Mark-sweep 8.3 (25.7) -> 8.1 (25.7) MB, 5.1 / 0.0 ms  (average mu = 0.923, current mu = 0.923) testing GC in old space requested
[8:0x42e8760]   122974 ms: Mark-sweep 8.3 (25.7) -> 8.1 (25.7) MB, 5.3 / 0.0 ms  (average mu = 0.922, current mu = 0.921) testing GC in old space requested
[8:0x42e8760]   123041 ms: Mark-sweep 8.3 (25.7) -> 8.1 (25.7) MB, 5.3 / 0.0 ms  (average mu = 0.922, current mu = 0.921) testing GC in old space requested
[8:0x42e8760]   123107 ms: Mark-sweep 8.3 (25.7) -> 8.1 (25.7) MB, 5.2 / 0.0 ms  (average mu = 0.921, current mu = 0.921) testing GC in old space requested
[8:0x42e8760]   123173 ms: Mark-sweep 8.3 (25.7) -> 8.1 (25.7) MB, 5.2 / 0.0 ms  (average mu = 0.921, current mu = 0.921) testing GC in old space requested
[8:0x42e8760]   123240 ms: Mark-sweep 8.3 (25.7) -> 8.1 (25.7) MB, 5.2 / 0.0 ms  (average mu = 0.922, current mu = 0.923) testing GC in old space requested
[8:0x42e8760]   123307 ms: Mark-sweep 8.3 (25.7) -> 8.1 (25.7) MB, 5.3 / 0.0 ms  (average mu = 0.922, current mu = 0.921) testing GC in old space requested
[8:0x42e8760]   123374 ms: Mark-sweep 8.3 (25.7) -> 8.1 (25.7) MB, 5.3 / 0.0 ms  (average mu = 0.922, current mu = 0.921) testing GC in old space requested
[8:0x42e8760]   123441 ms: Mark-sweep 8.3 (25.7) -> 8.1 (25.7) MB, 5.2 / 0.0 ms  (average mu = 0.922, current mu = 0.922) testing GC in old space requested
[8:0x42e8760]   123508 ms: Mark-sweep 8.3 (25.7) -> 8.1 (25.7) MB, 5.3 / 0.0 ms  (average mu = 0.921, current mu = 0.921) testing GC in old space requested
[8:0x42e8760]   123575 ms: Mark-sweep 8.3 (25.7) -> 8.1 (25.7) MB, 5.2 / 0.0 ms  (average mu = 0.922, current mu = 0.922) testing GC in old space requested
[8:0x42e8760]   123642 ms: Mark-sweep 8.3 (25.7) -> 8.1 (25.7) MB, 5.3 / 0.0 ms  (average mu = 0.921, current mu = 0.921) testing GC in old space requested
[8:0x42e8760]   123709 ms: Mark-sweep 8.3 (25.7) -> 8.1 (25.7) MB, 5.3 / 0.0 ms  (average mu = 0.921, current mu = 0.921) testing GC in old space requested
[8:0x42e8760]   123776 ms: Mark-sweep 8.3 (25.7) -> 8.1 (25.7) MB, 5.2 / 0.0 ms  (average mu = 0.922, current mu = 0.922) testing GC in old space requested
[8:0x42e8760]   123842 ms: Mark-sweep 8.3 (25.7) -> 8.1 (25.7) MB, 5.2 / 0.0 ms  (average mu = 0.922, current mu = 0.921) testing GC in old space requested
[8:0x42e8760]   123909 ms: Mark-sweep 8.3 (25.7) -> 8.1 (25.7) MB, 5.3 / 0.0 ms  (average mu = 0.921, current mu = 0.921) testing GC in old space requested
[8:0x42e8760]   123976 ms: Mark-sweep 8.3 (25.7) -> 8.1 (25.7) MB, 5.2 / 0.0 ms  (average mu = 0.921, current mu = 0.922) testing GC in old space requested
[8:0x42e8760]   124043 ms: Mark-sweep 8.3 (25.7) -> 8.1 (25.7) MB, 5.2 / 0.0 ms  (average mu = 0.922, current mu = 0.923) testing GC in old space requested
[8:0x42e8760]   124116 ms: Mark-sweep 8.3 (25.7) -> 8.1 (25.7) MB, 5.2 / 0.0 ms  (average mu = 0.925, current mu = 0.928) testing GC in old space requested
[8:0x42e8760]   124187 ms: Mark-sweep 8.3 (25.7) -> 8.1 (25.7) MB, 5.2 / 0.0 ms  (average mu = 0.926, current mu = 0.928) testing GC in old space requested
[8:0x42e8760]   124256 ms: Mark-sweep 8.3 (25.7) -> 8.1 (25.7) MB, 5.3 / 0.0 ms  (average mu = 0.925, current mu = 0.923) testing GC in old space requested
[8:0x42e8760]   124324 ms: Mark-sweep 8.3 (25.7) -> 8.1 (25.7) MB, 5.4 / 0.0 ms  (average mu = 0.923, current mu = 0.921) testing GC in old space requested
[8:0x42e8760]   124395 ms: Mark-sweep 8.3 (25.7) -> 8.1 (25.7) MB, 5.3 / 0.0 ms  (average mu = 0.924, current mu = 0.925) testing GC in old space requested
[8:0x42e8760]   124463 ms: Mark-sweep 8.3 (25.7) -> 8.1 (25.7) MB, 5.3 / 0.0 ms  (average mu = 0.923, current mu = 0.922) testing GC in old space requested
[8:0x42e8760]   124530 ms: Mark-sweep 8.3 (25.7) -> 8.1 (25.7) MB, 5.2 / 0.0 ms  (average mu = 0.922, current mu = 0.922) testing GC in old space requested
[8:0x42e8760]   124597 ms: Mark-sweep 8.3 (25.7) -> 8.1 (25.7) MB, 5.2 / 0.0 ms  (average mu = 0.922, current mu = 0.921) testing GC in old space requested
[8:0x42e8760]   124664 ms: Mark-sweep 8.3 (25.7) -> 8.1 (25.7) MB, 5.3 / 0.0 ms  (average mu = 0.921, current mu = 0.921) testing GC in old space requested
[8:0x42e8760]   124731 ms: Mark-sweep 8.3 (25.7) -> 8.1 (25.7) MB, 5.3 / 0.0 ms  (average mu = 0.921, current mu = 0.921) testing GC in old space requested
[8:0x42e8760]   124798 ms: Mark-sweep 8.3 (25.7) -> 8.1 (25.7) MB, 5.2 / 0.0 ms  (average mu = 0.922, current mu = 0.922) testing GC in old space requested
[8:0x42e8760]   124864 ms: Mark-sweep 8.3 (25.7) -> 8.1 (25.7) MB, 5.3 / 0.0 ms  (average mu = 0.921, current mu = 0.920) testing GC in old space requested
[8:0x42e8760]   124931 ms: Mark-sweep 8.3 (25.7) -> 8.1 (25.7) MB, 5.2 / 0.0 ms  (average mu = 0.921, current mu = 0.921) testing GC in old space requested
[8:0x42e8760]   125002 ms: Mark-sweep 8.3 (25.7) -> 8.1 (25.7) MB, 5.2 / 0.0 ms  (average mu = 0.924, current mu = 0.927) testing GC in old space requested
[8:0x42e8760]   125069 ms: Mark-sweep 8.3 (25.7) -> 8.1 (25.7) MB, 5.2 / 0.0 ms  (average mu = 0.923, current mu = 0.921) testing GC in old space requested
[8:0x42e8760]   125135 ms: Mark-sweep 8.3 (25.7) -> 8.1 (25.7) MB, 5.2 / 0.0 ms  (average mu = 0.923, current mu = 0.922) testing GC in old space requested
[8:0x42e8760]   125202 ms: Mark-sweep 8.3 (25.7) -> 8.1 (25.7) MB, 5.3 / 0.0 ms  (average mu = 0.921, current mu = 0.920) testing GC in old space requested
[8:0x42e8760]   125269 ms: Mark-sweep 8.3 (25.7) -> 8.1 (25.7) MB, 5.3 / 0.0 ms  (average mu = 0.921, current mu = 0.921) testing GC in old space requested
[8:0x42e8760]   125335 ms: Mark-sweep 8.3 (25.7) -> 8.1 (25.7) MB, 5.2 / 0.0 ms  (average mu = 0.922, current mu = 0.922) testing GC in old space requested
[8:0x42e8760]   125402 ms: Mark-sweep 8.3 (25.7) -> 8.1 (25.7) MB, 5.2 / 0.0 ms  (average mu = 0.922, current mu = 0.923) testing GC in old space requested
[8:0x42e8760]   125468 ms: Mark-sweep 8.3 (25.7) -> 8.1 (25.7) MB, 5.2 / 0.0 ms  (average mu = 0.922, current mu = 0.922) testing GC in old space requested
[8:0x42e8760]   125536 ms: Mark-sweep 8.3 (25.7) -> 8.1 (25.7) MB, 5.3 / 0.0 ms  (average mu = 0.921, current mu = 0.920) testing GC in old space requested
[8:0x42e8760]   125603 ms: Mark-sweep 8.3 (25.7) -> 8.1 (25.7) MB, 5.3 / 0.0 ms  (average mu = 0.921, current mu = 0.921) testing GC in old space requested
[8:0x42e8760]   125675 ms: Mark-sweep 8.3 (25.7) -> 8.1 (25.7) MB, 5.3 / 0.0 ms  (average mu = 0.924, current mu = 0.927) testing GC in old space requested
[8:0x42e8760]   125742 ms: Mark-sweep 8.3 (25.7) -> 8.1 (25.7) MB, 5.3 / 0.0 ms  (average mu = 0.923, current mu = 0.921) testing GC in old space requested
[8:0x42e8760]   125809 ms: Mark-sweep 8.3 (25.7) -> 8.1 (25.7) MB, 5.2 / 0.0 ms  (average mu = 0.922, current mu = 0.922) testing GC in old space requested
[8:0x42e8760]   125875 ms: Mark-sweep 8.3 (25.7) -> 8.1 (25.7) MB, 5.4 / 0.0 ms  (average mu = 0.921, current mu = 0.919) testing GC in old space requested
[8:0x42e8760]   125942 ms: Mark-sweep 8.3 (25.7) -> 8.1 (25.7) MB, 5.3 / 0.0 ms  (average mu = 0.920, current mu = 0.920) testing GC in old space requested
[8:0x42e8760]   126009 ms: Mark-sweep 8.3 (25.7) -> 8.1 (25.7) MB, 5.2 / 0.0 ms  (average mu = 0.921, current mu = 0.922) testing GC in old space requested
[8:0x42e8760]   126075 ms: Mark-sweep 8.3 (25.7) -> 8.1 (25.7) MB, 5.3 / 0.0 ms  (average mu = 0.921, current mu = 0.920) testing GC in old space requested
[8:0x42e8760]   126142 ms: Mark-sweep 8.3 (25.7) -> 8.1 (25.7) MB, 5.3 / 0.0 ms  (average mu = 0.921, current mu = 0.921) testing GC in old space requested
[8:0x42e8760]   126211 ms: Mark-sweep 8.3 (25.7) -> 8.1 (25.7) MB, 5.3 / 0.0 ms  (average mu = 0.922, current mu = 0.923) testing GC in old space requested
[8:0x42e8760]   126278 ms: Mark-sweep 8.3 (25.7) -> 8.1 (25.7) MB, 5.2 / 0.0 ms  (average mu = 0.922, current mu = 0.922) testing GC in old space requested
[8:0x42e8760]   126345 ms: Mark-sweep 8.3 (25.7) -> 8.1 (25.7) MB, 5.2 / 0.0 ms  (average mu = 0.922, current mu = 0.922) testing GC in old space requested
[8:0x42e8760]   126414 ms: Mark-sweep 8.3 (25.7) -> 8.1 (25.7) MB, 5.4 / 0.0 ms  (average mu = 0.922, current mu = 0.922) testing GC in old space requested
[8:0x42e8760]   126482 ms: Mark-sweep 8.3 (25.7) -> 8.1 (25.7) MB, 5.3 / 0.0 ms  (average mu = 0.922, current mu = 0.922) testing GC in old space requested
[8:0x42e8760]   126550 ms: Mark-sweep 8.3 (25.7) -> 8.1 (25.7) MB, 6.0 / 0.0 ms  (average mu = 0.916, current mu = 0.911) testing GC in old space requested
[8:0x42e8760]   126618 ms: Mark-sweep 8.3 (25.7) -> 8.1 (25.7) MB, 5.2 / 0.0 ms  (average mu = 0.920, current mu = 0.924) testing GC in old space requested
[8:0x42e8760]   126685 ms: Mark-sweep 8.3 (25.7) -> 8.1 (25.7) MB, 5.0 / 0.0 ms  (average mu = 0.923, current mu = 0.926) testing GC in old space requested
[8:0x42e8760]   126753 ms: Mark-sweep 8.3 (25.7) -> 8.1 (25.7) MB, 5.4 / 0.0 ms  (average mu = 0.922, current mu = 0.921) testing GC in old space requested
[8:0x42e8760]   126820 ms: Mark-sweep 8.3 (25.7) -> 8.1 (25.7) MB, 5.3 / 0.0 ms  (average mu = 0.922, current mu = 0.921) testing GC in old space requested
[8:0x42e8760]   126886 ms: Mark-sweep 8.3 (25.7) -> 8.1 (25.7) MB, 5.3 / 0.0 ms  (average mu = 0.921, current mu = 0.920) testing GC in old space requested
[8:0x42e8760]   126955 ms: Mark-sweep 8.3 (25.7) -> 8.1 (25.7) MB, 7.2 / 0.0 ms  (average mu = 0.908, current mu = 0.896) testing GC in old space requested
[8:0x42e8760]   127022 ms: Mark-sweep 8.3 (25.7) -> 8.1 (25.7) MB, 5.1 / 0.0 ms  (average mu = 0.916, current mu = 0.924) testing GC in old space requested
[8:0x42e8760]   127088 ms: Mark-sweep 8.3 (25.7) -> 8.1 (25.7) MB, 5.1 / 0.0 ms  (average mu = 0.919, current mu = 0.922) testing GC in old space requested
[8:0x42e8760]   127155 ms: Mark-sweep 8.3 (25.7) -> 8.1 (25.7) MB, 5.3 / 0.0 ms  (average mu = 0.920, current mu = 0.921) testing GC in old space requested
[8:0x42e8760]   127226 ms: Mark-sweep 8.3 (25.7) -> 8.1 (25.7) MB, 5.3 / 0.0 ms  (average mu = 0.923, current mu = 0.926) testing GC in old space requested
[8:0x42e8760]   127491 ms: Mark-sweep 8.3 (25.7) -> 8.1 (25.7) MB, 5.5 / 0.0 ms  (average mu = 0.968, current mu = 0.979) testing GC in old space requested
[8:0x42e8760]   127562 ms: Mark-sweep 8.3 (25.7) -> 8.1 (25.7) MB, 5.3 / 0.0 ms  (average mu = 0.955, current mu = 0.924) testing GC in old space requested
[8:0x42e8760]   127629 ms: Mark-sweep 8.3 (25.7) -> 8.1 (25.7) MB, 5.2 / 0.0 ms  (average mu = 0.943, current mu = 0.923) testing GC in old space requested
[8:0x42e8760]   127700 ms: Mark-sweep 8.3 (25.7) -> 8.1 (25.7) MB, 5.3 / 0.0 ms  (average mu = 0.936, current mu = 0.926) testing GC in old space requested
[8:0x42e8760]   127766 ms: Mark-sweep 8.3 (25.7) -> 8.1 (25.7) MB, 5.4 / 0.0 ms  (average mu = 0.928, current mu = 0.920) testing GC in old space requested
[8:0x42e8760]   127833 ms: Mark-sweep 8.3 (25.7) -> 8.1 (25.7) MB, 5.2 / 0.0 ms  (average mu = 0.925, current mu = 0.921) testing GC in old space requested
[8:0x42e8760]   127900 ms: Mark-sweep 8.3 (25.7) -> 8.1 (25.7) MB, 5.3 / 0.0 ms  (average mu = 0.923, current mu = 0.921) testing GC in old space requested
[8:0x42e8760]   127967 ms: Mark-sweep 8.3 (25.7) -> 8.1 (25.7) MB, 5.2 / 0.0 ms  (average mu = 0.923, current mu = 0.922) testing GC in old space requested
[8:0x42e8760]   128034 ms: Mark-sweep 8.3 (25.7) -> 8.1 (25.7) MB, 5.2 / 0.0 ms  (average mu = 0.922, current mu = 0.922) testing GC in old space requested
[8:0x42e8760]   128101 ms: Mark-sweep 8.3 (25.7) -> 8.1 (25.7) MB, 5.3 / 0.0 ms  (average mu = 0.922, current mu = 0.922) testing GC in old space requested
[8:0x42e8760]   128168 ms: Mark-sweep 8.3 (25.7) -> 8.1 (25.7) MB, 5.3 / 0.0 ms  (average mu = 0.922, current mu = 0.922) testing GC in old space requested
[8:0x42e8760]   128235 ms: Mark-sweep 8.3 (25.7) -> 8.1 (25.7) MB, 5.2 / 0.0 ms  (average mu = 0.922, current mu = 0.922) testing GC in old space requested
[8:0x42e8760]   128482 ms: Mark-sweep 8.3 (25.7) -> 8.1 (25.7) MB, 5.4 / 0.0 ms  (average mu = 0.966, current mu = 0.978) testing GC in old space requested
[8:0x42e8760]   128552 ms: Mark-sweep 8.3 (25.7) -> 8.1 (25.7) MB, 5.2 / 0.0 ms  (average mu = 0.954, current mu = 0.925) testing GC in old space requested
[8:0x42e8760]   128620 ms: Mark-sweep 8.3 (25.7) -> 8.1 (25.7) MB, 5.2 / 0.0 ms  (average mu = 0.943, current mu = 0.924) testing GC in old space requested
[8:0x42e8760]   128688 ms: Mark-sweep 8.3 (25.7) -> 8.1 (25.7) MB, 5.1 / 0.0 ms  (average mu = 0.935, current mu = 0.924) testing GC in old space requested
[8:0x42e8760]   128756 ms: Mark-sweep 8.3 (25.7) -> 8.1 (25.7) MB, 5.3 / 0.0 ms  (average mu = 0.929, current mu = 0.923) testing GC in old space requested
[8:0x42e8760]   129004 ms: Mark-sweep 8.3 (25.7) -> 8.1 (25.7) MB, 5.5 / 0.0 ms  (average mu = 0.967, current mu = 0.978) testing GC in old space requested
[8:0x42e8760]   129074 ms: Mark-sweep 8.3 (25.7) -> 8.1 (25.7) MB, 5.3 / 0.0 ms  (average mu = 0.954, current mu = 0.925) testing GC in old space requested
[8:0x42e8760]   129141 ms: Mark-sweep 8.3 (25.7) -> 8.1 (25.7) MB, 5.2 / 0.0 ms  (average mu = 0.943, current mu = 0.923) testing GC in old space requested
[8:0x42e8760]   129213 ms: Mark-sweep 8.3 (25.7) -> 8.1 (25.7) MB, 5.2 / 0.0 ms  (average mu = 0.936, current mu = 0.927) testing GC in old space requested
[8:0x42e8760]   129280 ms: Mark-sweep 8.3 (25.7) -> 8.1 (25.7) MB, 5.3 / 0.0 ms  (average mu = 0.929, current mu = 0.921) testing GC in old space requested
[8:0x42e8760]   129347 ms: Mark-sweep 8.3 (25.7) -> 8.1 (25.7) MB, 5.2 / 0.0 ms  (average mu = 0.925, current mu = 0.921) testing GC in old space requested
[8:0x42e8760]   129413 ms: Mark-sweep 8.3 (25.7) -> 8.1 (25.7) MB, 5.2 / 0.0 ms  (average mu = 0.924, current mu = 0.922) testing GC in old space requested
[8:0x42e8760]   129480 ms: Mark-sweep 8.3 (25.7) -> 8.1 (25.7) MB, 5.2 / 0.0 ms  (average mu = 0.923, current mu = 0.922) testing GC in old space requested
[8:0x42e8760]   129546 ms: Mark-sweep 8.3 (25.7) -> 8.1 (25.7) MB, 5.2 / 0.0 ms  (average mu = 0.922, current mu = 0.922) testing GC in old space requested
[8:0x42e8760]   129618 ms: Mark-sweep 8.3 (25.7) -> 8.1 (25.7) MB, 5.3 / 0.0 ms  (average mu = 0.924, current mu = 0.926) testing GC in old space requested
[8:0x42e8760]   129687 ms: Mark-sweep 8.3 (25.7) -> 8.1 (25.7) MB, 5.2 / 0.0 ms  (average mu = 0.924, current mu = 0.925) testing GC in old space requested
[8:0x42e8760]   129754 ms: Mark-sweep 8.3 (25.7) -> 8.1 (25.7) MB, 5.2 / 0.0 ms  (average mu = 0.923, current mu = 0.922) testing GC in old space requested
[8:0x42e8760]   129821 ms: Mark-sweep 8.3 (25.7) -> 8.1 (25.7) MB, 5.2 / 0.0 ms  (average mu = 0.923, current mu = 0.923) testing GC in old space requested
[8:0x42e8760]   129891 ms: Mark-sweep 8.3 (25.7) -> 8.1 (25.7) MB, 5.8 / 0.0 ms  (average mu = 0.920, current mu = 0.917) testing GC in old space requested
[8:0x42e8760]   129958 ms: Mark-sweep 8.3 (25.7) -> 8.1 (25.7) MB, 5.1 / 0.0 ms  (average mu = 0.922, current mu = 0.924) testing GC in old space requested
[8:0x42e8760]   130024 ms: Mark-sweep 8.3 (25.7) -> 8.1 (25.7) MB, 5.1 / 0.0 ms  (average mu = 0.923, current mu = 0.924) testing GC in old space requested
[8:0x42e8760]   130091 ms: Mark-sweep 8.3 (25.7) -> 8.1 (25.7) MB, 5.3 / 0.0 ms  (average mu = 0.922, current mu = 0.922) testing GC in old space requested
[8:0x42e8760]   130158 ms: Mark-sweep 8.3 (25.7) -> 8.1 (25.7) MB, 5.2 / 0.0 ms  (average mu = 0.922, current mu = 0.922) testing GC in old space requested
[8:0x42e8760]   130431 ms: Mark-sweep 8.3 (25.7) -> 8.1 (25.7) MB, 5.5 / 0.0 ms  (average mu = 0.969, current mu = 0.980) testing GC in old space requested
[8:0x42e8760]   130500 ms: Mark-sweep 8.3 (25.7) -> 8.1 (25.7) MB, 5.2 / 0.0 ms  (average mu = 0.956, current mu = 0.925) testing GC in old space requested
[8:0x42e8760]   130567 ms: Mark-sweep 8.3 (25.7) -> 8.1 (25.7) MB, 5.1 / 0.0 ms  (average mu = 0.945, current mu = 0.925) testing GC in old space requested
[8:0x42e8760]   130634 ms: Mark-sweep 8.3 (25.7) -> 8.1 (25.7) MB, 5.2 / 0.0 ms  (average mu = 0.935, current mu = 0.921) testing GC in old space requested
[8:0x42e8760]   130701 ms: Mark-sweep 8.3 (25.7) -> 8.1 (25.7) MB, 5.3 / 0.0 ms  (average mu = 0.929, current mu = 0.921) testing GC in old space requested
[8:0x42e8760]   130766 ms: Mark-sweep 8.3 (25.7) -> 8.1 (25.7) MB, 5.3 / 0.0 ms  (average mu = 0.924, current mu = 0.919) testing GC in old space requested
[8:0x42e8760]   130833 ms: Mark-sweep 8.3 (25.7) -> 8.1 (25.7) MB, 5.0 / 0.0 ms  (average mu = 0.924, current mu = 0.924) testing GC in old space requested
[8:0x42e8760]   130900 ms: Mark-sweep 8.3 (25.7) -> 8.1 (25.7) MB, 5.1 / 0.0 ms  (average mu = 0.924, current mu = 0.924) testing GC in old space requested
[8:0x42e8760]   130968 ms: Mark-sweep 8.3 (25.7) -> 8.1 (25.7) MB, 5.3 / 0.0 ms  (average mu = 0.923, current mu = 0.922) testing GC in old space requested
[8:0x42e8760]   131036 ms: Mark-sweep 8.3 (25.7) -> 8.1 (25.7) MB, 5.3 / 0.0 ms  (average mu = 0.922, current mu = 0.922) testing GC in old space requested
[8:0x42e8760]   131103 ms: Mark-sweep 8.3 (25.7) -> 8.1 (25.7) MB, 5.3 / 0.0 ms  (average mu = 0.922, current mu = 0.921) testing GC in old space requested
[8:0x42e8760]   131169 ms: Mark-sweep 8.3 (25.7) -> 8.1 (25.7) MB, 5.0 / 0.0 ms  (average mu = 0.923, current mu = 0.924) testing GC in old space requested
[8:0x42e8760]   131236 ms: Mark-sweep 8.3 (25.7) -> 8.1 (25.7) MB, 5.0 / 0.0 ms  (average mu = 0.923, current mu = 0.924) testing GC in old space requested
[8:0x42e8760]   131303 ms: Mark-sweep 8.3 (25.7) -> 8.1 (25.7) MB, 5.3 / 0.0 ms  (average mu = 0.922, current mu = 0.920) testing GC in old space requested
[8:0x42e8760]   131369 ms: Mark-sweep 8.3 (25.7) -> 8.1 (25.7) MB, 5.2 / 0.0 ms  (average mu = 0.921, current mu = 0.921) testing GC in old space requested
[8:0x42e8760]   131435 ms: Mark-sweep 8.3 (25.7) -> 8.1 (25.7) MB, 5.3 / 0.0 ms  (average mu = 0.920, current mu = 0.919) testing GC in old space requested
[8:0x42e8760]   131504 ms: Mark-sweep 8.3 (25.7) -> 8.1 (25.7) MB, 6.0 / 0.0 ms  (average mu = 0.917, current mu = 0.914) testing GC in old space requested
[8:0x42e8760]   131570 ms: Mark-sweep 8.3 (25.7) -> 8.1 (25.7) MB, 5.0 / 0.0 ms  (average mu = 0.921, current mu = 0.925) testing GC in old space requested
[8:0x42e8760]   131638 ms: Mark-sweep 8.3 (25.7) -> 8.1 (25.7) MB, 5.5 / 0.0 ms  (average mu = 0.920, current mu = 0.919) testing GC in old space requested
[8:0x42e8760]   131704 ms: Mark-sweep 8.3 (25.7) -> 8.1 (25.7) MB, 5.0 / 0.0 ms  (average mu = 0.922, current mu = 0.925) testing GC in old space requested
[8:0x42e8760]   131771 ms: Mark-sweep 8.3 (25.7) -> 8.1 (25.7) MB, 5.4 / 0.0 ms  (average mu = 0.921, current mu = 0.920) testing GC in old space requested
[8:0x42e8760]   131837 ms: Mark-sweep 8.3 (25.7) -> 8.1 (25.7) MB, 5.4 / 0.0 ms  (average mu = 0.920, current mu = 0.919) testing GC in old space requested
[8:0x42e8760]   131905 ms: Mark-sweep 8.3 (25.7) -> 8.1 (25.7) MB, 5.2 / 0.0 ms  (average mu = 0.921, current mu = 0.923) testing GC in old space requested
[8:0x42e8760]   131971 ms: Mark-sweep 8.3 (25.7) -> 8.1 (25.7) MB, 5.3 / 0.0 ms  (average mu = 0.921, current mu = 0.921) testing GC in old space requested
[8:0x42e8760]   132039 ms: Mark-sweep 8.3 (25.7) -> 8.1 (25.7) MB, 5.0 / 0.0 ms  (average mu = 0.923, current mu = 0.926) testing GC in old space requested
[8:0x42e8760]   132106 ms: Mark-sweep 8.3 (25.7) -> 8.1 (25.7) MB, 5.3 / 0.0 ms  (average mu = 0.922, current mu = 0.922) testing GC in old space requested
[8:0x42e8760]   132175 ms: Mark-sweep 8.3 (25.7) -> 8.1 (25.7) MB, 7.1 / 0.0 ms  (average mu = 0.909, current mu = 0.897) testing GC in old space requested
[8:0x42e8760]   132242 ms: Mark-sweep 8.3 (25.7) -> 8.1 (25.7) MB, 5.1 / 0.0 ms  (average mu = 0.917, current mu = 0.924) testing GC in old space requested
[8:0x42e8760]   132309 ms: Mark-sweep 8.3 (25.7) -> 8.1 (25.7) MB, 5.0 / 0.0 ms  (average mu = 0.921, current mu = 0.925) testing GC in old space requested
[8:0x42e8760]   132375 ms: Mark-sweep 8.3 (25.7) -> 8.1 (25.7) MB, 5.0 / 0.0 ms  (average mu = 0.922, current mu = 0.924) testing GC in old space requested
[8:0x42e8760]   132442 ms: Mark-sweep 8.3 (25.7) -> 8.1 (25.7) MB, 5.0 / 0.0 ms  (average mu = 0.923, current mu = 0.924) testing GC in old space requested
[8:0x42e8760]   132512 ms: Mark-sweep 8.3 (25.7) -> 8.1 (25.7) MB, 5.1 / 0.0 ms  (average mu = 0.925, current mu = 0.927) testing GC in old space requested
[8:0x42e8760]   132579 ms: Mark-sweep 8.3 (25.7) -> 8.1 (25.7) MB, 5.2 / 0.0 ms  (average mu = 0.924, current mu = 0.923) testing GC in old space requested
[8:0x42e8760]   132647 ms: Mark-sweep 8.3 (25.7) -> 8.1 (25.7) MB, 5.3 / 0.0 ms  (average mu = 0.923, current mu = 0.921) testing GC in old space requested
[8:0x42e8760]   132713 ms: Mark-sweep 8.3 (25.7) -> 8.1 (25.7) MB, 5.3 / 0.0 ms  (average mu = 0.922, current mu = 0.921) testing GC in old space requested
[8:0x42e8760]   132780 ms: Mark-sweep 8.3 (25.7) -> 8.1 (25.7) MB, 5.1 / 0.0 ms  (average mu = 0.922, current mu = 0.923) testing GC in old space requested
[8:0x42e8760]   132846 ms: Mark-sweep 8.3 (25.7) -> 8.1 (25.7) MB, 5.0 / 0.0 ms  (average mu = 0.923, current mu = 0.924) testing GC in old space requested
[8:0x42e8760]   132914 ms: Mark-sweep 8.3 (25.7) -> 8.1 (25.7) MB, 5.4 / 0.0 ms  (average mu = 0.922, current mu = 0.920) testing GC in old space requested
[8:0x42e8760]   132981 ms: Mark-sweep 8.3 (25.7) -> 8.1 (25.7) MB, 5.2 / 0.0 ms  (average mu = 0.922, current mu = 0.923) testing GC in old space requested
[8:0x42e8760]   133049 ms: Mark-sweep 8.3 (25.7) -> 8.1 (25.7) MB, 5.2 / 0.0 ms  (average mu = 0.923, current mu = 0.923) testing GC in old space requested
[8:0x42e8760]   133116 ms: Mark-sweep 8.3 (25.7) -> 8.1 (25.7) MB, 5.2 / 0.0 ms  (average mu = 0.923, current mu = 0.923) testing GC in old space requested
[8:0x42e8760]   133184 ms: Mark-sweep 8.3 (25.7) -> 8.1 (25.7) MB, 5.4 / 0.0 ms  (average mu = 0.922, current mu = 0.921) testing GC in old space requested
[8:0x42e8760]   133252 ms: Mark-sweep 8.3 (25.7) -> 8.1 (25.7) MB, 5.2 / 0.0 ms  (average mu = 0.923, current mu = 0.924) testing GC in old space requested
[8:0x42e8760]   133319 ms: Mark-sweep 8.3 (25.7) -> 8.1 (25.7) MB, 5.1 / 0.0 ms  (average mu = 0.924, current mu = 0.924) testing GC in old space requested
[8:0x42e8760]   133387 ms: Mark-sweep 8.3 (25.7) -> 8.1 (25.7) MB, 5.4 / 0.0 ms  (average mu = 0.922, current mu = 0.921) testing GC in old space requested
[8:0x42e8760]   133454 ms: Mark-sweep 8.3 (25.7) -> 8.1 (25.7) MB, 5.1 / 0.0 ms  (average mu = 0.923, current mu = 0.924) testing GC in old space requested
[8:0x42e8760]   133521 ms: Mark-sweep 8.3 (25.7) -> 8.1 (25.7) MB, 5.1 / 0.0 ms  (average mu = 0.924, current mu = 0.924) testing GC in old space requested
[8:0x42e8760]   133794 ms: Mark-sweep 8.3 (25.7) -> 8.1 (25.7) MB, 5.3 / 0.0 ms  (average mu = 0.969, current mu = 0.981) testing GC in old space requested
[8:0x42e8760]   133864 ms: Mark-sweep 8.3 (25.7) -> 8.1 (25.7) MB, 5.3 / 0.0 ms  (average mu = 0.956, current mu = 0.923) testing GC in old space requested
[8:0x42e8760]   133932 ms: Mark-sweep 8.3 (25.7) -> 8.1 (25.7) MB, 5.1 / 0.0 ms  (average mu = 0.945, current mu = 0.925) testing GC in old space requested
[8:0x42e8760]   133999 ms: Mark-sweep 8.3 (25.7) -> 8.1 (25.7) MB, 5.1 / 0.0 ms  (average mu = 0.937, current mu = 0.925) testing GC in old space requested
[8:0x42e8760]   134066 ms: Mark-sweep 8.3 (25.7) -> 8.1 (25.7) MB, 5.2 / 0.0 ms  (average mu = 0.930, current mu = 0.922) testing GC in old space requested
[8:0x42e8760]   134132 ms: Mark-sweep 8.3 (25.7) -> 8.1 (25.7) MB, 5.0 / 0.0 ms  (average mu = 0.927, current mu = 0.924) testing GC in old space requested
[8:0x42e8760]   134203 ms: Mark-sweep 8.3 (25.7) -> 8.1 (25.7) MB, 5.1 / 0.0 ms  (average mu = 0.927, current mu = 0.928) testing GC in old space requested
[8:0x42e8760]   134271 ms: Mark-sweep 8.3 (25.7) -> 8.1 (25.7) MB, 5.3 / 0.0 ms  (average mu = 0.925, current mu = 0.922) testing GC in old space requested
[8:0x42e8760]   134338 ms: Mark-sweep 8.3 (25.7) -> 8.1 (25.7) MB, 5.2 / 0.0 ms  (average mu = 0.923, current mu = 0.922) testing GC in old space requested
[8:0x42e8760]   134404 ms: Mark-sweep 8.3 (25.7) -> 8.1 (25.7) MB, 5.3 / 0.0 ms  (average mu = 0.922, current mu = 0.920) testing GC in old space requested
[8:0x42e8760]   134471 ms: Mark-sweep 8.3 (25.7) -> 8.1 (25.7) MB, 5.1 / 0.0 ms  (average mu = 0.923, current mu = 0.923) testing GC in old space requested
[8:0x42e8760]   134538 ms: Mark-sweep 8.3 (25.7) -> 8.1 (25.7) MB, 5.1 / 0.0 ms  (average mu = 0.923, current mu = 0.923) testing GC in old space requested
[8:0x42e8760]   134611 ms: Mark-sweep 8.3 (25.7) -> 8.1 (25.7) MB, 6.1 / 0.0 ms  (average mu = 0.920, current mu = 0.917) testing GC in old space requested
[8:0x42e8760]   134678 ms: Mark-sweep 8.3 (25.7) -> 8.1 (25.7) MB, 5.1 / 0.0 ms  (average mu = 0.922, current mu = 0.924) testing GC in old space requested
[8:0x42e8760]   134747 ms: Mark-sweep 8.3 (25.7) -> 8.1 (25.7) MB, 5.2 / 0.0 ms  (average mu = 0.923, current mu = 0.924) testing GC in old space requested
[8:0x42e8760]   134814 ms: Mark-sweep 8.3 (25.7) -> 8.1 (25.7) MB, 5.1 / 0.0 ms  (average mu = 0.924, current mu = 0.925) testing GC in old space requested
[8:0x42e8760]   134887 ms: Mark-sweep 8.3 (25.7) -> 8.1 (25.7) MB, 5.1 / 0.0 ms  (average mu = 0.927, current mu = 0.929) testing GC in old space requested
[8:0x42e8760]   134953 ms: Mark-sweep 8.3 (25.7) -> 8.1 (25.7) MB, 5.1 / 0.0 ms  (average mu = 0.925, current mu = 0.923) testing GC in old space requested
[8:0x42e8760]   135020 ms: Mark-sweep 8.3 (25.7) -> 8.1 (25.7) MB, 5.2 / 0.0 ms  (average mu = 0.924, current mu = 0.922) testing GC in old space requested
[8:0x42e8760]   135087 ms: Mark-sweep 8.3 (25.7) -> 8.1 (25.7) MB, 5.0 / 0.0 ms  (average mu = 0.924, current mu = 0.925) testing GC in old space requested
[8:0x42e8760]   135154 ms: Mark-sweep 8.3 (25.7) -> 8.1 (25.7) MB, 5.1 / 0.0 ms  (average mu = 0.924, current mu = 0.924) testing GC in old space requested
[8:0x42e8760]   135220 ms: Mark-sweep 8.3 (25.7) -> 8.1 (25.7) MB, 5.2 / 0.0 ms  (average mu = 0.923, current mu = 0.923) testing GC in old space requested
[8:0x42e8760]   135293 ms: Mark-sweep 8.3 (25.7) -> 8.1 (25.7) MB, 5.3 / 0.0 ms  (average mu = 0.925, current mu = 0.927) testing GC in old space requested
[8:0x42e8760]   135362 ms: Mark-sweep 8.3 (25.7) -> 8.1 (25.7) MB, 5.3 / 0.0 ms  (average mu = 0.924, current mu = 0.923) testing GC in old space requested
[8:0x42e8760]   135430 ms: Mark-sweep 8.3 (25.7) -> 8.1 (25.7) MB, 5.2 / 0.0 ms  (average mu = 0.925, current mu = 0.925) testing GC in old space requested
[8:0x42e8760]   135498 ms: Mark-sweep 8.3 (25.7) -> 8.1 (25.7) MB, 5.1 / 0.0 ms  (average mu = 0.925, current mu = 0.925) testing GC in old space requested
[8:0x42e8760]   135567 ms: Mark-sweep 8.3 (25.7) -> 8.1 (25.7) MB, 5.1 / 0.0 ms  (average mu = 0.925, current mu = 0.925) testing GC in old space requested
[8:0x42e8760]   135635 ms: Mark-sweep 8.3 (25.7) -> 8.1 (25.7) MB, 5.1 / 0.0 ms  (average mu = 0.925, current mu = 0.925) testing GC in old space requested
[8:0x42e8760]   135704 ms: Mark-sweep 8.3 (25.7) -> 8.1 (25.7) MB, 5.2 / 0.0 ms  (average mu = 0.925, current mu = 0.925) testing GC in old space requested
[8:0x42e8760]   135772 ms: Mark-sweep 8.3 (25.7) -> 8.1 (25.7) MB, 5.3 / 0.0 ms  (average mu = 0.924, current mu = 0.923) testing GC in old space requested
[8:0x42e8760]   135840 ms: Mark-sweep 8.3 (25.7) -> 8.1 (25.7) MB, 5.2 / 0.0 ms  (average mu = 0.924, current mu = 0.924) testing GC in old space requested
[8:0x42e8760]   135908 ms: Mark-sweep 8.3 (25.7) -> 8.1 (25.7) MB, 5.2 / 0.0 ms  (average mu = 0.923, current mu = 0.923) testing GC in old space requested
[8:0x42e8760]   135976 ms: Mark-sweep 8.3 (25.7) -> 8.1 (25.7) MB, 5.2 / 0.0 ms  (average mu = 0.923, current mu = 0.924) testing GC in old space requested
[8:0x42e8760]   136044 ms: Mark-sweep 8.3 (25.7) -> 8.1 (25.7) MB, 5.1 / 0.0 ms  (average mu = 0.924, current mu = 0.924) testing GC in old space requested
[8:0x42e8760]   136112 ms: Mark-sweep 8.3 (25.7) -> 8.1 (25.7) MB, 5.3 / 0.0 ms  (average mu = 0.923, current mu = 0.922) testing GC in old space requested
[8:0x42e8760]   136179 ms: Mark-sweep 8.3 (25.7) -> 8.1 (25.7) MB, 5.1 / 0.0 ms  (average mu = 0.923, current mu = 0.924) testing GC in old space requested
[8:0x42e8760]   136246 ms: Mark-sweep 8.3 (25.7) -> 8.1 (25.7) MB, 5.1 / 0.0 ms  (average mu = 0.924, current mu = 0.924) testing GC in old space requested
[8:0x42e8760]   136313 ms: Mark-sweep 8.3 (25.7) -> 8.1 (25.7) MB, 5.1 / 0.0 ms  (average mu = 0.924, current mu = 0.924) testing GC in old space requested
[8:0x42e8760]   136380 ms: Mark-sweep 8.3 (25.7) -> 8.1 (25.7) MB, 5.2 / 0.0 ms  (average mu = 0.923, current mu = 0.922) testing GC in old space requested
[8:0x42e8760]   136445 ms: Mark-sweep 8.3 (25.7) -> 8.1 (25.7) MB, 5.0 / 0.0 ms  (average mu = 0.923, current mu = 0.923) testing GC in old space requested
[8:0x42e8760]   136512 ms: Mark-sweep 8.3 (25.7) -> 8.1 (25.7) MB, 5.1 / 0.0 ms  (average mu = 0.923, current mu = 0.923) testing GC in old space requested
[8:0x42e8760]   136582 ms: Mark-sweep 8.3 (25.7) -> 8.1 (25.7) MB, 5.2 / 0.0 ms  (average mu = 0.925, current mu = 0.926) testing GC in old space requested
[8:0x42e8760]   136649 ms: Mark-sweep 8.3 (25.7) -> 8.1 (25.7) MB, 5.1 / 0.0 ms  (average mu = 0.924, current mu = 0.924) testing GC in old space requested
[8:0x42e8760]   136718 ms: Mark-sweep 8.3 (25.7) -> 8.1 (25.7) MB, 5.1 / 0.0 ms  (average mu = 0.925, current mu = 0.925) testing GC in old space requested
[8:0x42e8760]   136784 ms: Mark-sweep 8.3 (25.7) -> 8.1 (25.7) MB, 5.1 / 0.0 ms  (average mu = 0.924, current mu = 0.924) testing GC in old space requested
[8:0x42e8760]   136851 ms: Mark-sweep 8.3 (25.7) -> 8.1 (25.7) MB, 5.1 / 0.0 ms  (average mu = 0.924, current mu = 0.923) testing GC in old space requested
[8:0x42e8760]   136918 ms: Mark-sweep 8.3 (25.7) -> 8.1 (25.7) MB, 5.3 / 0.0 ms  (average mu = 0.922, current mu = 0.920) testing GC in old space requested
[8:0x42e8760]   136993 ms: Mark-sweep 8.3 (25.7) -> 8.1 (25.7) MB, 6.0 / 0.0 ms  (average mu = 0.921, current mu = 0.920) testing GC in old space requested
[8:0x42e8760]   137061 ms: Mark-sweep 8.3 (25.7) -> 8.2 (25.7) MB, 5.2 / 0.0 ms  (average mu = 0.923, current mu = 0.924) testing GC in old space requested
[8:0x42e8760]   137129 ms: Mark-sweep 8.3 (25.7) -> 8.1 (41.7) MB, 6.0 / 0.0 ms  (average mu = 0.917, current mu = 0.912) testing GC in old space requested
[8:0x42e8760]   137197 ms: Mark-sweep 8.3 (41.7) -> 8.1 (41.7) MB, 5.2 / 0.0 ms  (average mu = 0.920, current mu = 0.923) testing GC in old space requested
[8:0x42e8760]   137280 ms: Mark-sweep 8.3 (41.7) -> 8.1 (41.7) MB, 5.6 / 0.0 ms  (average mu = 0.927, current mu = 0.933) testing GC in old space requested
[8:0x42e8760]   137352 ms: Mark-sweep 8.3 (41.7) -> 8.1 (41.7) MB, 5.4 / 0.0 ms  (average mu = 0.926, current mu = 0.925) testing GC in old space requested
[8:0x42e8760]   137422 ms: Mark-sweep 8.3 (41.7) -> 8.1 (41.7) MB, 5.2 / 0.0 ms  (average mu = 0.926, current mu = 0.925) testing GC in old space requested
[8:0x42e8760]   137491 ms: Mark-sweep 8.3 (41.7) -> 8.1 (41.7) MB, 5.3 / 0.0 ms  (average mu = 0.925, current mu = 0.924) testing GC in old space requested
[8:0x42e8760]   137560 ms: Mark-sweep 8.3 (41.7) -> 8.1 (41.7) MB, 5.1 / 0.0 ms  (average mu = 0.925, current mu = 0.926) testing GC in old space requested
[8:0x42e8760]   137633 ms: Mark-sweep 8.3 (41.7) -> 8.1 (41.7) MB, 5.1 / 0.0 ms  (average mu = 0.928, current mu = 0.930) testing GC in old space requested
[8:0x42e8760]   137702 ms: Mark-sweep 8.3 (41.7) -> 8.1 (41.7) MB, 5.3 / 0.0 ms  (average mu = 0.926, current mu = 0.923) testing GC in old space requested
[8:0x42e8760]   137772 ms: Mark-sweep 8.3 (41.7) -> 8.1 (41.7) MB, 5.6 / 0.0 ms  (average mu = 0.923, current mu = 0.920) testing GC in old space requested
[8:0x42e8760]   137842 ms: Mark-sweep 8.3 (41.7) -> 8.1 (41.7) MB, 5.5 / 0.0 ms  (average mu = 0.922, current mu = 0.921) testing GC in old space requested
[8:0x42e8760]   137910 ms: Mark-sweep 8.3 (41.7) -> 8.1 (41.7) MB, 5.3 / 0.0 ms  (average mu = 0.922, current mu = 0.923) testing GC in old space requested
[8:0x42e8760]   137978 ms: Mark-sweep 8.3 (41.7) -> 8.1 (41.7) MB, 5.2 / 0.0 ms  (average mu = 0.923, current mu = 0.925) testing GC in old space requested
[8:0x42e8760]   138046 ms: Mark-sweep 8.3 (41.7) -> 8.1 (41.7) MB, 5.2 / 0.0 ms  (average mu = 0.923, current mu = 0.923) testing GC in old space requested
[8:0x42e8760]   138116 ms: Mark-sweep 8.3 (41.7) -> 8.1 (41.7) MB, 6.0 / 0.0 ms  (average mu = 0.919, current mu = 0.915) testing GC in old space requested
[8:0x42e8760]   138184 ms: Mark-sweep 8.3 (41.7) -> 8.1 (41.7) MB, 5.1 / 0.0 ms  (average mu = 0.922, current mu = 0.925) testing GC in old space requested
[8:0x42e8760]   138253 ms: Mark-sweep 8.3 (41.7) -> 8.1 (41.7) MB, 5.5 / 0.0 ms  (average mu = 0.921, current mu = 0.920) testing GC in old space requested
[8:0x42e8760]   138322 ms: Mark-sweep 8.3 (41.7) -> 8.1 (41.7) MB, 5.3 / 0.0 ms  (average mu = 0.922, current mu = 0.923) testing GC in old space requested
[8:0x42e8760]   138391 ms: Mark-sweep 8.3 (41.7) -> 8.1 (41.7) MB, 5.4 / 0.0 ms  (average mu = 0.922, current mu = 0.923) testing GC in old space requested
[8:0x42e8760]   138460 ms: Mark-sweep 8.3 (41.7) -> 8.1 (41.7) MB, 5.2 / 0.0 ms  (average mu = 0.923, current mu = 0.924) testing GC in old space requested
[8:0x42e8760]   138528 ms: Mark-sweep 8.3 (41.7) -> 8.1 (41.7) MB, 5.1 / 0.0 ms  (average mu = 0.924, current mu = 0.925) testing GC in old space requested
[8:0x42e8760]   138600 ms: Mark-sweep 8.3 (41.7) -> 8.1 (41.7) MB, 5.3 / 0.0 ms  (average mu = 0.926, current mu = 0.927) testing GC in old space requested
[8:0x42e8760]   138668 ms: Mark-sweep 8.3 (41.7) -> 8.1 (41.7) MB, 5.1 / 0.0 ms  (average mu = 0.925, current mu = 0.925) testing GC in old space requested
[8:0x42e8760]   138736 ms: Mark-sweep 8.3 (41.7) -> 8.1 (41.7) MB, 5.3 / 0.0 ms  (average mu = 0.924, current mu = 0.922) testing GC in old space requested
[8:0x42e8760]   138804 ms: Mark-sweep 8.3 (41.7) -> 8.1 (41.7) MB, 5.3 / 0.0 ms  (average mu = 0.923, current mu = 0.922) testing GC in old space requested
[8:0x42e8760]   138872 ms: Mark-sweep 8.3 (41.7) -> 8.1 (41.7) MB, 5.1 / 0.0 ms  (average mu = 0.924, current mu = 0.925) testing GC in old space requested
[8:0x42e8760]   138942 ms: Mark-sweep 8.3 (41.7) -> 8.1 (41.7) MB, 5.8 / 0.0 ms  (average mu = 0.920, current mu = 0.916) testing GC in old space requested
[8:0x42e8760]   139010 ms: Mark-sweep 8.3 (41.7) -> 8.1 (41.7) MB, 5.1 / 0.0 ms  (average mu = 0.923, current mu = 0.925) testing GC in old space requested
[8:0x42e8760]   139077 ms: Mark-sweep 8.3 (41.7) -> 8.1 (41.7) MB, 5.1 / 0.0 ms  (average mu = 0.923, current mu = 0.924) testing GC in old space requested
[8:0x42e8760]   139352 ms: Mark-sweep 8.3 (41.7) -> 8.1 (41.7) MB, 5.4 / 0.0 ms  (average mu = 0.969, current mu = 0.980) testing GC in old space requested
[8:0x42e8760]   139424 ms: Mark-sweep 8.3 (41.7) -> 8.1 (41.7) MB, 5.7 / 0.0 ms  (average mu = 0.955, current mu = 0.921) testing GC in old space requested
[8:0x42e8760]   139492 ms: Mark-sweep 8.3 (41.7) -> 8.1 (41.7) MB, 5.1 / 0.0 ms  (average mu = 0.944, current mu = 0.925) testing GC in old space requested
[8:0x42e8760]   139561 ms: Mark-sweep 8.3 (41.7) -> 8.1 (41.7) MB, 5.2 / 0.0 ms  (average mu = 0.936, current mu = 0.925) testing GC in old space requested
[8:0x42e8760]   139629 ms: Mark-sweep 8.3 (41.7) -> 8.1 (41.7) MB, 5.0 / 0.0 ms  (average mu = 0.931, current mu = 0.926) testing GC in old space requested
[8:0x42e8760]   139697 ms: Mark-sweep 8.3 (41.7) -> 8.1 (41.7) MB, 4.9 / 0.0 ms  (average mu = 0.929, current mu = 0.927) testing GC in old space requested
[8:0x42e8760]   139766 ms: Mark-sweep 8.3 (41.7) -> 8.1 (41.7) MB, 5.0 / 0.0 ms  (average mu = 0.928, current mu = 0.927) testing GC in old space requested
[8:0x42e8760]   139835 ms: Mark-sweep 8.3 (41.7) -> 8.1 (41.7) MB, 5.1 / 0.0 ms  (average mu = 0.927, current mu = 0.926) testing GC in old space requested
[8:0x42e8760]   139904 ms: Mark-sweep 8.3 (41.7) -> 8.1 (41.7) MB, 5.2 / 0.0 ms  (average mu = 0.926, current mu = 0.926) testing GC in old space requested
[8:0x42e8760]   139977 ms: Mark-sweep 8.3 (41.7) -> 8.1 (41.7) MB, 5.2 / 0.0 ms  (average mu = 0.928, current mu = 0.929) testing GC in old space requested
[8:0x42e8760]   140222 ms: Mark-sweep 8.3 (41.7) -> 8.1 (41.7) MB, 5.6 / 0.0 ms  (average mu = 0.966, current mu = 0.977) testing GC in old space requested
[8:0x42e8760]   140291 ms: Mark-sweep 8.3 (41.7) -> 8.1 (41.7) MB, 5.1 / 0.0 ms  (average mu = 0.954, current mu = 0.926) testing GC in old space requested
[8:0x42e8760]   140359 ms: Mark-sweep 8.3 (41.7) -> 8.1 (41.7) MB, 5.1 / 0.0 ms  (average mu = 0.943, current mu = 0.926) testing GC in old space requested
[8:0x42e8760]   140427 ms: Mark-sweep 8.3 (41.7) -> 8.1 (41.7) MB, 5.1 / 0.0 ms  (average mu = 0.935, current mu = 0.925) testing GC in old space requested
[8:0x42e8760]   140495 ms: Mark-sweep 8.3 (41.7) -> 8.1 (41.7) MB, 5.1 / 0.0 ms  (average mu = 0.931, current mu = 0.925) testing GC in old space requested
[8:0x42e8760]   140563 ms: Mark-sweep 8.3 (41.7) -> 8.1 (41.7) MB, 5.1 / 0.0 ms  (average mu = 0.928, current mu = 0.924) testing GC in old space requested
[8:0x42e8760]   140632 ms: Mark-sweep 8.3 (41.7) -> 8.1 (41.7) MB, 5.1 / 0.0 ms  (average mu = 0.926, current mu = 0.925) testing GC in old space requested
[8:0x42e8760]   140699 ms: Mark-sweep 8.3 (41.7) -> 8.1 (41.7) MB, 5.1 / 0.0 ms  (average mu = 0.925, current mu = 0.924) testing GC in old space requested
[8:0x42e8760]   140768 ms: Mark-sweep 8.3 (41.7) -> 8.1 (41.7) MB, 5.2 / 0.0 ms  (average mu = 0.925, current mu = 0.925) testing GC in old space requested
[8:0x42e8760]   140841 ms: Mark-sweep 8.3 (41.7) -> 8.1 (41.7) MB, 5.3 / 0.0 ms  (average mu = 0.926, current mu = 0.926) testing GC in old space requested
[8:0x42e8760]   140910 ms: Mark-sweep 8.3 (41.7) -> 8.1 (41.7) MB, 5.2 / 0.0 ms  (average mu = 0.925, current mu = 0.924) testing GC in old space requested
[8:0x42e8760]   140977 ms: Mark-sweep 8.3 (41.7) -> 8.1 (41.7) MB, 5.2 / 0.0 ms  (average mu = 0.924, current mu = 0.923) testing GC in old space requested
[8:0x42e8760]   141045 ms: Mark-sweep 8.3 (41.7) -> 8.1 (41.7) MB, 5.2 / 0.0 ms  (average mu = 0.924, current mu = 0.924) testing GC in old space requested
[8:0x42e8760]   141113 ms: Mark-sweep 8.3 (41.7) -> 8.1 (41.7) MB, 5.1 / 0.0 ms  (average mu = 0.924, current mu = 0.925) testing GC in old space requested
[8:0x42e8760]   141181 ms: Mark-sweep 8.3 (41.7) -> 8.1 (41.7) MB, 5.1 / 0.0 ms  (average mu = 0.925, current mu = 0.925) testing GC in old space requested
[8:0x42e8760]   141250 ms: Mark-sweep 8.3 (41.7) -> 8.1 (41.7) MB, 5.1 / 0.0 ms  (average mu = 0.925, current mu = 0.925) testing GC in old space requested
[8:0x42e8760]   141317 ms: Mark-sweep 8.3 (41.7) -> 8.1 (41.7) MB, 5.0 / 0.0 ms  (average mu = 0.926, current mu = 0.926) testing GC in old space requested
[8:0x42e8760]   141385 ms: Mark-sweep 8.3 (41.7) -> 8.1 (41.7) MB, 5.1 / 0.0 ms  (average mu = 0.925, current mu = 0.925) testing GC in old space requested
[8:0x42e8760]   141453 ms: Mark-sweep 8.3 (41.7) -> 8.1 (41.7) MB, 5.3 / 0.0 ms  (average mu = 0.923, current mu = 0.921) testing GC in old space requested
[8:0x42e8760]   141526 ms: Mark-sweep 8.3 (41.7) -> 8.1 (41.7) MB, 5.3 / 0.0 ms  (average mu = 0.926, current mu = 0.928) testing GC in old space requested
[8:0x42e8760]   141596 ms: Mark-sweep 8.3 (41.7) -> 8.1 (41.7) MB, 5.2 / 0.0 ms  (average mu = 0.926, current mu = 0.925) testing GC in old space requested
[8:0x42e8760]   141664 ms: Mark-sweep 8.3 (41.7) -> 8.1 (41.7) MB, 5.1 / 0.0 ms  (average mu = 0.925, current mu = 0.924) testing GC in old space requested
[8:0x42e8760]   141731 ms: Mark-sweep 8.3 (41.7) -> 8.1 (41.7) MB, 5.1 / 0.0 ms  (average mu = 0.925, current mu = 0.925) testing GC in old space requested
[8:0x42e8760]   141798 ms: Mark-sweep 8.3 (41.7) -> 8.1 (41.7) MB, 5.1 / 0.0 ms  (average mu = 0.925, current mu = 0.925) testing GC in old space requested
[8:0x42e8760]   141866 ms: Mark-sweep 8.3 (41.7) -> 8.1 (41.7) MB, 5.1 / 0.0 ms  (average mu = 0.925, current mu = 0.925) testing GC in old space requested
[8:0x42e8760]   141935 ms: Mark-sweep 8.3 (41.7) -> 8.1 (41.7) MB, 5.1 / 0.0 ms  (average mu = 0.925, current mu = 0.925) testing GC in old space requested
[8:0x42e8760]   142003 ms: Mark-sweep 8.3 (41.7) -> 8.1 (41.7) MB, 5.0 / 0.0 ms  (average mu = 0.926, current mu = 0.926) testing GC in old space requested
[8:0x42e8760]   142072 ms: Mark-sweep 8.3 (41.7) -> 8.1 (41.7) MB, 5.4 / 0.0 ms  (average mu = 0.923, current mu = 0.921) testing GC in old space requested
[8:0x42e8760]   142141 ms: Mark-sweep 8.3 (41.7) -> 8.1 (41.7) MB, 5.1 / 0.0 ms  (average mu = 0.925, current mu = 0.926) testing GC in old space requested
[8:0x42e8760]   142208 ms: Mark-sweep 8.3 (41.7) -> 8.1 (41.7) MB, 5.2 / 0.0 ms  (average mu = 0.924, current mu = 0.923) testing GC in old space requested
[8:0x42e8760]   142276 ms: Mark-sweep 8.3 (41.7) -> 8.1 (41.7) MB, 5.1 / 0.0 ms  (average mu = 0.925, current mu = 0.925) testing GC in old space requested
[8:0x42e8760]   142344 ms: Mark-sweep 8.3 (41.7) -> 8.1 (41.7) MB, 5.2 / 0.0 ms  (average mu = 0.924, current mu = 0.923) testing GC in old space requested
[8:0x42e8760]   142411 ms: Mark-sweep 8.3 (41.7) -> 8.1 (41.7) MB, 5.1 / 0.0 ms  (average mu = 0.924, current mu = 0.924) testing GC in old space requested
[8:0x42e8760]   142480 ms: Mark-sweep 8.3 (41.7) -> 8.1 (41.7) MB, 7.1 / 0.0 ms  (average mu = 0.910, current mu = 0.897) testing GC in old space requested
[8:0x42e8760]   142548 ms: Mark-sweep 8.3 (41.7) -> 8.1 (41.7) MB, 5.6 / 0.0 ms  (average mu = 0.914, current mu = 0.918) testing GC in old space requested
[8:0x42e8760]   142617 ms: Mark-sweep 8.3 (41.7) -> 8.1 (41.7) MB, 5.5 / 0.0 ms  (average mu = 0.917, current mu = 0.919) testing GC in old space requested
[8:0x42e8760]   142685 ms: Mark-sweep 8.3 (41.7) -> 8.1 (41.7) MB, 5.1 / 0.0 ms  (average mu = 0.921, current mu = 0.925) testing GC in old space requested
[8:0x42e8760]   142752 ms: Mark-sweep 8.3 (41.7) -> 8.1 (41.7) MB, 5.3 / 0.0 ms  (average mu = 0.921, current mu = 0.921) testing GC in old space requested
[8:0x42e8760]   142823 ms: Mark-sweep 8.3 (41.7) -> 8.1 (41.7) MB, 5.1 / 0.0 ms  (average mu = 0.925, current mu = 0.928) testing GC in old space requested
[8:0x42e8760]   142891 ms: Mark-sweep 8.3 (41.7) -> 8.1 (41.7) MB, 5.2 / 0.0 ms  (average mu = 0.924, current mu = 0.923) testing GC in old space requested
[8:0x42e8760]   142960 ms: Mark-sweep 8.3 (41.7) -> 8.1 (41.7) MB, 6.1 / 0.0 ms  (average mu = 0.918, current mu = 0.911) testing GC in old space requested
[8:0x42e8760]   143029 ms: Mark-sweep 8.3 (41.7) -> 8.1 (41.7) MB, 5.2 / 0.0 ms  (average mu = 0.921, current mu = 0.925) testing GC in old space requested
[8:0x42e8760]   143097 ms: Mark-sweep 8.3 (41.7) -> 8.1 (41.7) MB, 5.2 / 0.0 ms  (average mu = 0.922, current mu = 0.924) testing GC in old space requested
[8:0x42e8760]   143166 ms: Mark-sweep 8.3 (41.7) -> 8.1 (41.7) MB, 5.9 / 0.0 ms  (average mu = 0.918, current mu = 0.914) testing GC in old space requested
[8:0x42e8760]   143235 ms: Mark-sweep 8.3 (41.7) -> 8.1 (41.7) MB, 5.2 / 0.0 ms  (average mu = 0.921, current mu = 0.924) testing GC in old space requested
[8:0x42e8760]   143303 ms: Mark-sweep 8.3 (41.7) -> 8.1 (41.7) MB, 5.3 / 0.0 ms  (average mu = 0.922, current mu = 0.923) testing GC in old space requested
[8:0x42e8760]   143371 ms: Mark-sweep 8.3 (41.7) -> 8.1 (41.7) MB, 5.3 / 0.0 ms  (average mu = 0.922, current mu = 0.921) testing GC in old space requested
[8:0x42e8760]   143446 ms: Mark-sweep 8.3 (41.7) -> 8.1 (41.7) MB, 6.0 / 0.0 ms  (average mu = 0.921, current mu = 0.921) testing GC in old space requested
[8:0x42e8760]   143514 ms: Mark-sweep 8.3 (41.7) -> 8.1 (41.7) MB, 5.2 / 0.0 ms  (average mu = 0.923, current mu = 0.924) testing GC in old space requested
[8:0x42e8760]   143583 ms: Mark-sweep 8.3 (41.7) -> 8.1 (41.7) MB, 5.2 / 0.0 ms  (average mu = 0.923, current mu = 0.924) testing GC in old space requested
[8:0x42e8760]   143650 ms: Mark-sweep 8.3 (41.7) -> 8.1 (41.7) MB, 5.0 / 0.0 ms  (average mu = 0.925, current mu = 0.926) testing GC in old space requested
[8:0x42e8760]   143718 ms: Mark-sweep 8.3 (41.7) -> 8.1 (41.7) MB, 5.1 / 0.0 ms  (average mu = 0.924, current mu = 0.924) testing GC in old space requested
[8:0x42e8760]   143786 ms: Mark-sweep 8.3 (41.7) -> 8.1 (41.7) MB, 5.2 / 0.0 ms  (average mu = 0.924, current mu = 0.924) testing GC in old space requested
[8:0x42e8760]   143853 ms: Mark-sweep 8.3 (41.7) -> 8.1 (41.7) MB, 5.1 / 0.0 ms  (average mu = 0.924, current mu = 0.924) testing GC in old space requested
[8:0x42e8760]   143921 ms: Mark-sweep 8.3 (41.7) -> 8.1 (41.7) MB, 5.1 / 0.0 ms  (average mu = 0.924, current mu = 0.924) testing GC in old space requested
[8:0x42e8760]   143992 ms: Mark-sweep 8.3 (41.7) -> 8.1 (41.7) MB, 5.4 / 0.0 ms  (average mu = 0.924, current mu = 0.923) testing GC in old space requested
[8:0x42e8760]   144062 ms: Mark-sweep 8.3 (41.7) -> 8.1 (41.7) MB, 5.6 / 0.0 ms  (average mu = 0.922, current mu = 0.919) testing GC in old space requested
[8:0x42e8760]   144131 ms: Mark-sweep 8.3 (41.7) -> 8.1 (41.7) MB, 5.3 / 0.0 ms  (average mu = 0.922, current mu = 0.923) testing GC in old space requested
[8:0x42e8760]   144204 ms: Mark-sweep 8.3 (41.7) -> 8.1 (41.7) MB, 5.3 / 0.0 ms  (average mu = 0.925, current mu = 0.928) testing GC in old space requested
[8:0x42e8760]   144273 ms: Mark-sweep 8.3 (41.7) -> 8.1 (41.7) MB, 5.2 / 0.0 ms  (average mu = 0.925, current mu = 0.926) testing GC in old space requested
[8:0x42e8760]   144342 ms: Mark-sweep 8.3 (41.7) -> 8.1 (41.7) MB, 5.3 / 0.0 ms  (average mu = 0.924, current mu = 0.923) testing GC in old space requested
[8:0x42e8760]   144410 ms: Mark-sweep 8.3 (41.7) -> 8.1 (41.7) MB, 5.2 / 0.0 ms  (average mu = 0.924, current mu = 0.924) testing GC in old space requested
[8:0x42e8760]   144477 ms: Mark-sweep 8.3 (41.7) -> 8.1 (41.7) MB, 5.2 / 0.0 ms  (average mu = 0.924, current mu = 0.924) testing GC in old space requested
[8:0x42e8760]   144545 ms: Mark-sweep 8.3 (41.7) -> 8.1 (41.7) MB, 5.2 / 0.0 ms  (average mu = 0.923, current mu = 0.922) testing GC in old space requested
[8:0x42e8760]   144613 ms: Mark-sweep 8.3 (41.7) -> 8.1 (41.7) MB, 5.4 / 0.0 ms  (average mu = 0.922, current mu = 0.920) testing GC in old space requested
[8:0x42e8760]   144681 ms: Mark-sweep 8.3 (41.7) -> 8.1 (41.7) MB, 5.1 / 0.0 ms  (average mu = 0.924, current mu = 0.925) testing GC in old space requested
[8:0x42e8760]   144749 ms: Mark-sweep 8.3 (41.7) -> 8.1 (41.7) MB, 5.2 / 0.0 ms  (average mu = 0.924, current mu = 0.924) testing GC in old space requested
[8:0x42e8760]   144817 ms: Mark-sweep 8.3 (41.7) -> 8.1 (41.7) MB, 5.2 / 0.0 ms  (average mu = 0.923, current mu = 0.923) testing GC in old space requested
[8:0x42e8760]   145090 ms: Mark-sweep 8.3 (41.7) -> 8.1 (41.7) MB, 5.4 / 0.0 ms  (average mu = 0.969, current mu = 0.980) testing GC in old space requested
[8:0x42e8760]   145160 ms: Mark-sweep 8.3 (41.7) -> 8.1 (41.7) MB, 5.2 / 0.0 ms  (average mu = 0.956, current mu = 0.926) testing GC in old space requested
[8:0x42e8760]   145232 ms: Mark-sweep 8.3 (41.7) -> 8.1 (41.7) MB, 5.3 / 0.0 ms  (average mu = 0.945, current mu = 0.927) testing GC in old space requested
[8:0x42e8760]   145302 ms: Mark-sweep 8.3 (41.7) -> 8.1 (41.7) MB, 5.1 / 0.0 ms  (average mu = 0.938, current mu = 0.927) testing GC in old space requested
[8:0x42e8760]   145371 ms: Mark-sweep 8.3 (41.7) -> 8.1 (41.7) MB, 5.2 / 0.0 ms  (average mu = 0.931, current mu = 0.924) testing GC in old space requested
[8:0x42e8760]   145439 ms: Mark-sweep 8.3 (41.7) -> 8.1 (41.7) MB, 5.4 / 0.0 ms  (average mu = 0.926, current mu = 0.921) testing GC in old space requested
[8:0x42e8760]   145510 ms: Mark-sweep 8.3 (41.7) -> 8.1 (41.7) MB, 5.1 / 0.0 ms  (average mu = 0.927, current mu = 0.928) testing GC in old space requested
[8:0x42e8760]   145578 ms: Mark-sweep 8.3 (41.7) -> 8.1 (41.7) MB, 5.1 / 0.0 ms  (average mu = 0.926, current mu = 0.925) testing GC in old space requested
[8:0x42e8760]   145645 ms: Mark-sweep 8.3 (41.7) -> 8.1 (41.7) MB, 5.0 / 0.0 ms  (average mu = 0.926, current mu = 0.925) testing GC in old space requested
[8:0x42e8760]   145713 ms: Mark-sweep 8.3 (41.7) -> 8.1 (41.7) MB, 5.2 / 0.0 ms  (average mu = 0.924, current mu = 0.923) testing GC in old space requested
[8:0x42e8760]   145781 ms: Mark-sweep 8.3 (41.7) -> 8.1 (41.7) MB, 5.2 / 0.0 ms  (average mu = 0.924, current mu = 0.924) testing GC in old space requested
[8:0x42e8760]   145850 ms: Mark-sweep 8.3 (41.7) -> 8.1 (41.7) MB, 5.2 / 0.0 ms  (average mu = 0.925, current mu = 0.925) testing GC in old space requested
[8:0x42e8760]   145919 ms: Mark-sweep 8.3 (41.7) -> 8.1 (41.7) MB, 5.3 / 0.0 ms  (average mu = 0.924, current mu = 0.923) testing GC in old space requested
[8:0x42e8760]   145987 ms: Mark-sweep 8.3 (41.7) -> 8.1 (41.7) MB, 5.2 / 0.0 ms  (average mu = 0.924, current mu = 0.923) testing GC in old space requested
[8:0x42e8760]   146055 ms: Mark-sweep 8.3 (41.7) -> 8.1 (41.7) MB, 5.3 / 0.0 ms  (average mu = 0.923, current mu = 0.922) testing GC in old space requested
[8:0x42e8760]   146123 ms: Mark-sweep 8.3 (41.7) -> 8.1 (41.7) MB, 5.1 / 0.0 ms  (average mu = 0.924, current mu = 0.925) testing GC in old space requested
[8:0x42e8760]   146194 ms: Mark-sweep 8.3 (41.7) -> 8.1 (41.7) MB, 5.3 / 0.0 ms  (average mu = 0.925, current mu = 0.925) testing GC in old space requested
[8:0x42e8760]   146264 ms: Mark-sweep 8.3 (41.7) -> 8.1 (41.7) MB, 6.2 / 0.0 ms  (average mu = 0.918, current mu = 0.911) testing GC in old space requested
[8:0x42e8760]   146333 ms: Mark-sweep 8.3 (41.7) -> 8.1 (41.7) MB, 5.9 / 0.0 ms  (average mu = 0.916, current mu = 0.915) testing GC in old space requested
[8:0x42e8760]   146402 ms: Mark-sweep 8.3 (41.7) -> 8.1 (41.7) MB, 5.2 / 0.0 ms  (average mu = 0.920, current mu = 0.924) testing GC in old space requested
[8:0x42e8760]   146476 ms: Mark-sweep 8.3 (41.7) -> 8.2 (41.7) MB, 5.2 / 0.0 ms  (average mu = 0.925, current mu = 0.930) testing GC in old space requested
[8:0x42e8760]   146546 ms: Mark-sweep 8.3 (41.7) -> 8.1 (41.7) MB, 5.2 / 0.0 ms  (average mu = 0.925, current mu = 0.926) testing GC in old space requested
[8:0x42e8760]   146615 ms: Mark-sweep 8.3 (41.7) -> 8.1 (41.7) MB, 5.1 / 0.0 ms  (average mu = 0.925, current mu = 0.925) testing GC in old space requested
[8:0x42e8760]   146682 ms: Mark-sweep 8.3 (41.7) -> 8.1 (41.7) MB, 5.3 / 0.0 ms  (average mu = 0.924, current mu = 0.922) testing GC in old space requested
[8:0x42e8760]   146749 ms: Mark-sweep 8.3 (41.7) -> 8.1 (41.7) MB, 5.2 / 0.0 ms  (average mu = 0.923, current mu = 0.923) testing GC in old space requested
[8:0x42e8760]   146817 ms: Mark-sweep 8.3 (41.7) -> 8.1 (41.7) MB, 5.3 / 0.0 ms  (average mu = 0.922, current mu = 0.922) testing GC in old space requested
[8:0x42e8760]   146886 ms: Mark-sweep 8.3 (41.7) -> 8.1 (41.7) MB, 5.3 / 0.0 ms  (average mu = 0.922, current mu = 0.922) testing GC in old space requested
[8:0x42e8760]   146953 ms: Mark-sweep 8.3 (41.7) -> 8.1 (41.7) MB, 5.2 / 0.0 ms  (average mu = 0.923, current mu = 0.924) testing GC in old space requested
[8:0x42e8760]   147020 ms: Mark-sweep 8.3 (41.7) -> 8.1 (41.7) MB, 5.2 / 0.0 ms  (average mu = 0.923, current mu = 0.923) testing GC in old space requested
[8:0x42e8760]   147088 ms: Mark-sweep 8.3 (41.7) -> 8.1 (41.7) MB, 5.2 / 0.0 ms  (average mu = 0.923, current mu = 0.923) testing GC in old space requested
[8:0x42e8760]   147156 ms: Mark-sweep 8.3 (41.7) -> 8.1 (41.7) MB, 5.2 / 0.0 ms  (average mu = 0.923, current mu = 0.923) testing GC in old space requested
[8:0x42e8760]   147228 ms: Mark-sweep 8.3 (41.7) -> 8.1 (41.7) MB, 5.3 / 0.0 ms  (average mu = 0.925, current mu = 0.926) testing GC in old space requested
[8:0x42e8760]   147305 ms: Mark-sweep 8.3 (41.7) -> 8.1 (41.7) MB, 5.4 / 0.0 ms  (average mu = 0.927, current mu = 0.930) testing GC in old space requested
[8:0x42e8760]   147381 ms: Mark-sweep 8.3 (41.7) -> 8.1 (41.7) MB, 7.7 / 0.0 ms  (average mu = 0.913, current mu = 0.900) testing GC in old space requested
[8:0x42e8760]   147452 ms: Mark-sweep 8.3 (41.7) -> 8.1 (41.7) MB, 6.5 / 0.0 ms  (average mu = 0.911, current mu = 0.908) testing GC in old space requested
[8:0x42e8760]   147522 ms: Mark-sweep 8.3 (41.7) -> 8.1 (41.7) MB, 6.2 / 0.0 ms  (average mu = 0.911, current mu = 0.911) testing GC in old space requested
[8:0x42e8760]   147590 ms: Mark-sweep 8.3 (41.7) -> 8.1 (41.7) MB, 6.1 / 0.0 ms  (average mu = 0.911, current mu = 0.911) testing GC in old space requested
[8:0x42e8760]   147659 ms: Mark-sweep 8.3 (41.7) -> 8.1 (41.7) MB, 6.3 / 0.0 ms  (average mu = 0.910, current mu = 0.908) testing GC in old space requested
[8:0x42e8760]   147728 ms: Mark-sweep 8.3 (41.7) -> 8.1 (41.7) MB, 6.3 / 0.0 ms  (average mu = 0.909, current mu = 0.909) testing GC in old space requested
[8:0x42e8760]   147801 ms: Mark-sweep 8.3 (41.7) -> 8.1 (41.7) MB, 6.3 / 0.0 ms  (average mu = 0.912, current mu = 0.915) testing GC in old space requested
[8:0x42e8760]   147870 ms: Mark-sweep 8.3 (41.7) -> 8.1 (41.7) MB, 5.9 / 0.0 ms  (average mu = 0.913, current mu = 0.914) testing GC in old space requested
[8:0x42e8760]   147939 ms: Mark-sweep 8.3 (41.7) -> 8.1 (41.7) MB, 6.0 / 0.0 ms  (average mu = 0.913, current mu = 0.913) testing GC in old space requested
[8:0x42e8760]   148008 ms: Mark-sweep 8.3 (41.7) -> 8.2 (41.7) MB, 6.0 / 0.0 ms  (average mu = 0.913, current mu = 0.914) testing GC in old space requested
[8:0x42e8760]   148077 ms: Mark-sweep 8.3 (41.7) -> 8.2 (41.7) MB, 6.1 / 0.0 ms  (average mu = 0.912, current mu = 0.911) testing GC in old space requested
[8:0x42e8760]   148150 ms: Mark-sweep 8.3 (41.7) -> 8.2 (41.7) MB, 6.3 / 0.0 ms  (average mu = 0.913, current mu = 0.913) testing GC in old space requested
[8:0x42e8760]   148218 ms: Mark-sweep 8.3 (41.7) -> 8.2 (41.7) MB, 6.1 / 0.0 ms  (average mu = 0.912, current mu = 0.911) testing GC in old space requested
[8:0x42e8760]   148287 ms: Mark-sweep 8.3 (41.7) -> 8.2 (41.7) MB, 5.9 / 0.0 ms  (average mu = 0.913, current mu = 0.914) testing GC in old space requested
[8:0x42e8760]   148355 ms: Mark-sweep 8.3 (41.7) -> 8.2 (41.7) MB, 5.7 / 0.0 ms  (average mu = 0.914, current mu = 0.916) testing GC in old space requested
[8:0x42e8760]   148422 ms: Mark-sweep 8.3 (41.7) -> 8.2 (41.7) MB, 5.8 / 0.0 ms  (average mu = 0.914, current mu = 0.914) testing GC in old space requested
[8:0x42e8760]   148496 ms: Mark-sweep 8.3 (41.7) -> 8.2 (41.7) MB, 6.4 / 0.0 ms  (average mu = 0.914, current mu = 0.914) testing GC in old space requested
[8:0x42e8760]   148566 ms: Mark-sweep 8.3 (41.7) -> 8.2 (41.7) MB, 5.8 / 0.0 ms  (average mu = 0.915, current mu = 0.916) testing GC in old space requested
[8:0x42e8760]   148635 ms: Mark-sweep 8.3 (41.7) -> 8.2 (41.7) MB, 5.8 / 0.0 ms  (average mu = 0.916, current mu = 0.916) testing GC in old space requested
[8:0x42e8760]   148705 ms: Mark-sweep 8.3 (41.7) -> 8.2 (41.7) MB, 5.7 / 0.0 ms  (average mu = 0.917, current mu = 0.919) testing GC in old space requested
[8:0x42e8760]   148774 ms: Mark-sweep 8.3 (41.7) -> 8.2 (41.7) MB, 5.8 / 0.0 ms  (average mu = 0.917, current mu = 0.916) testing GC in old space requested
[8:0x42e8760]   148842 ms: Mark-sweep 8.3 (41.7) -> 8.2 (41.7) MB, 5.6 / 0.0 ms  (average mu = 0.917, current mu = 0.918) testing GC in old space requested
[8:0x42e8760]   148911 ms: Mark-sweep 8.3 (41.7) -> 8.2 (41.7) MB, 5.7 / 0.0 ms  (average mu = 0.917, current mu = 0.917) testing GC in old space requested
[8:0x42e8760]   148979 ms: Mark-sweep 8.3 (41.7) -> 8.2 (41.7) MB, 5.7 / 0.0 ms  (average mu = 0.917, current mu = 0.917) testing GC in old space requested
[8:0x42e8760]   149047 ms: Mark-sweep 8.3 (41.7) -> 8.2 (41.7) MB, 5.7 / 0.0 ms  (average mu = 0.917, current mu = 0.916) testing GC in old space requested
[8:0x42e8760]   149115 ms: Mark-sweep 8.3 (41.7) -> 8.2 (41.7) MB, 5.6 / 0.0 ms  (average mu = 0.917, current mu = 0.918) testing GC in old space requested
[8:0x42e8760]   149184 ms: Mark-sweep 8.3 (41.7) -> 8.2 (41.7) MB, 5.6 / 0.0 ms  (average mu = 0.918, current mu = 0.919) testing GC in old space requested
[8:0x42e8760]   149257 ms: Mark-sweep 8.3 (41.7) -> 8.2 (41.7) MB, 5.3 / 0.0 ms  (average mu = 0.923, current mu = 0.927) testing GC in old space requested
[8:0x42e8760]   149326 ms: Mark-sweep 8.3 (41.7) -> 8.2 (41.7) MB, 5.3 / 0.0 ms  (average mu = 0.923, current mu = 0.923) testing GC in old space requested
[8:0x42e8760]   149393 ms: Mark-sweep 8.3 (41.7) -> 8.2 (41.7) MB, 5.2 / 0.0 ms  (average mu = 0.923, current mu = 0.923) testing GC in old space requested
[8:0x42e8760]   149460 ms: Mark-sweep 8.3 (41.7) -> 8.2 (41.7) MB, 5.3 / 0.0 ms  (average mu = 0.922, current mu = 0.920) testing GC in old space requested
[8:0x42e8760]   149527 ms: Mark-sweep 8.3 (41.7) -> 8.2 (41.7) MB, 5.2 / 0.0 ms  (average mu = 0.922, current mu = 0.922) testing GC in old space requested
[8:0x42e8760]   149595 ms: Mark-sweep 8.3 (41.7) -> 8.2 (41.7) MB, 5.2 / 0.0 ms  (average mu = 0.922, current mu = 0.923) testing GC in old space requested
[8:0x42e8760]   149661 ms: Mark-sweep 8.3 (41.7) -> 8.2 (41.7) MB, 5.1 / 0.0 ms  (average mu = 0.923, current mu = 0.924) testing GC in old space requested
[8:0x42e8760]   149729 ms: Mark-sweep 8.3 (41.7) -> 8.2 (41.7) MB, 5.1 / 0.0 ms  (average mu = 0.923, current mu = 0.924) testing GC in old space requested
[8:0x42e8760]   149799 ms: Mark-sweep 8.3 (41.7) -> 8.2 (41.7) MB, 5.2 / 0.0 ms  (average mu = 0.924, current mu = 0.926) testing GC in old space requested
[8:0x42e8760]   149871 ms: Mark-sweep 8.3 (41.7) -> 8.2 (41.7) MB, 5.2 / 0.0 ms  (average mu = 0.926, current mu = 0.928) testing GC in old space requested
[8:0x42e8760]   149939 ms: Mark-sweep 8.3 (41.7) -> 8.2 (41.7) MB, 5.1 / 0.0 ms  (average mu = 0.926, current mu = 0.926) testing GC in old space requested
[8:0x42e8760]   150006 ms: Mark-sweep 8.3 (41.7) -> 8.2 (41.7) MB, 5.2 / 0.0 ms  (average mu = 0.924, current mu = 0.922) testing GC in old space requested
[8:0x42e8760]   150075 ms: Mark-sweep 8.3 (41.7) -> 8.2 (41.7) MB, 5.8 / 0.0 ms  (average mu = 0.920, current mu = 0.916) testing GC in old space requested
[8:0x42e8760]   150143 ms: Mark-sweep 8.3 (41.7) -> 8.2 (41.7) MB, 5.2 / 0.0 ms  (average mu = 0.922, current mu = 0.923) testing GC in old space requested
[8:0x42e8760]   150211 ms: Mark-sweep 8.3 (41.7) -> 8.2 (41.7) MB, 5.2 / 0.0 ms  (average mu = 0.923, current mu = 0.923) testing GC in old space requested
[8:0x42e8760]   150279 ms: Mark-sweep 8.3 (41.7) -> 8.2 (41.7) MB, 5.2 / 0.0 ms  (average mu = 0.923, current mu = 0.923) testing GC in old space requested
[8:0x42e8760]   150347 ms: Mark-sweep 8.3 (41.7) -> 8.2 (41.7) MB, 5.2 / 0.0 ms  (average mu = 0.923, current mu = 0.923) testing GC in old space requested
[8:0x42e8760]   150414 ms: Mark-sweep 8.3 (41.7) -> 8.2 (41.7) MB, 5.1 / 0.0 ms  (average mu = 0.923, current mu = 0.924) testing GC in old space requested
[8:0x42e8760]   150481 ms: Mark-sweep 8.3 (41.7) -> 8.2 (41.7) MB, 5.2 / 0.0 ms  (average mu = 0.923, current mu = 0.922) testing GC in old space requested
[8:0x42e8760]   150548 ms: Mark-sweep 8.3 (41.7) -> 8.2 (41.7) MB, 5.2 / 0.0 ms  (average mu = 0.923, current mu = 0.924) testing GC in old space requested
[8:0x42e8760]   150616 ms: Mark-sweep 8.3 (41.7) -> 8.2 (41.7) MB, 5.2 / 0.0 ms  (average mu = 0.923, current mu = 0.923) testing GC in old space requested
[8:0x42e8760]   150684 ms: Mark-sweep 8.3 (41.7) -> 8.2 (41.7) MB, 5.5 / 0.0 ms  (average mu = 0.921, current mu = 0.920) testing GC in old space requested
[8:0x42e8760]   150752 ms: Mark-sweep 8.3 (41.7) -> 8.2 (41.7) MB, 5.3 / 0.0 ms  (average mu = 0.922, current mu = 0.922) testing GC in old space requested
[8:0x42e8760]   150821 ms: Mark-sweep 8.3 (41.7) -> 8.2 (41.7) MB, 5.2 / 0.0 ms  (average mu = 0.923, current mu = 0.924) testing GC in old space requested
[8:0x42e8760]   150889 ms: Mark-sweep 8.3 (41.7) -> 8.2 (41.7) MB, 5.3 / 0.0 ms  (average mu = 0.923, current mu = 0.923) testing GC in old space requested
[8:0x42e8760]   150958 ms: Mark-sweep 8.3 (41.7) -> 8.2 (41.7) MB, 5.2 / 0.0 ms  (average mu = 0.923, current mu = 0.924) testing GC in old space requested
[8:0x42e8760]   151026 ms: Mark-sweep 8.3 (41.7) -> 8.2 (41.7) MB, 5.2 / 0.0 ms  (average mu = 0.923, current mu = 0.923) testing GC in old space requested
[8:0x42e8760]   151094 ms: Mark-sweep 8.3 (41.7) -> 8.2 (41.7) MB, 5.2 / 0.0 ms  (average mu = 0.923, current mu = 0.923) testing GC in old space requested
[8:0x42e8760]   151161 ms: Mark-sweep 8.3 (41.7) -> 8.2 (41.7) MB, 5.2 / 0.0 ms  (average mu = 0.923, current mu = 0.923) testing GC in old space requested
[8:0x42e8760]   151236 ms: Mark-sweep 8.3 (41.7) -> 8.2 (41.7) MB, 6.1 / 0.0 ms  (average mu = 0.920, current mu = 0.918) testing GC in old space requested
[8:0x42e8760]   151306 ms: Mark-sweep 8.4 (41.7) -> 8.2 (41.7) MB, 6.3 / 0.0 ms  (average mu = 0.915, current mu = 0.910) testing GC in old space requested
[8:0x42e8760]   151375 ms: Mark-sweep 8.3 (41.7) -> 8.2 (41.7) MB, 5.9 / 0.0 ms  (average mu = 0.915, current mu = 0.914) testing GC in old space requested
[8:0x42e8760]   151447 ms: Mark-sweep 8.3 (41.7) -> 8.2 (41.7) MB, 6.2 / 0.0 ms  (average mu = 0.914, current mu = 0.914) testing GC in old space requested
[8:0x42e8760]   151517 ms: Mark-sweep 8.3 (41.7) -> 8.2 (41.7) MB, 6.4 / 0.0 ms  (average mu = 0.911, current mu = 0.907) testing GC in old space requested
[8:0x42e8760]   151586 ms: Mark-sweep 8.3 (41.7) -> 8.2 (41.7) MB, 6.3 / 0.0 ms  (average mu = 0.910, current mu = 0.908) testing GC in old space requested
[8:0x42e8760]   151654 ms: Mark-sweep 8.3 (41.7) -> 8.2 (41.7) MB, 6.1 / 0.0 ms  (average mu = 0.910, current mu = 0.910) testing GC in old space requested
[8:0x42e8760]   151724 ms: Mark-sweep 8.3 (41.7) -> 8.2 (41.7) MB, 6.2 / 0.0 ms  (average mu = 0.910, current mu = 0.910) testing GC in old space requested
[8:0x42e8760]   151793 ms: Mark-sweep 8.3 (41.7) -> 8.2 (41.7) MB, 6.1 / 0.0 ms  (average mu = 0.911, current mu = 0.912) testing GC in old space requested
[8:0x42e8760]   151862 ms: Mark-sweep 8.3 (41.7) -> 8.2 (41.7) MB, 6.1 / 0.0 ms  (average mu = 0.911, current mu = 0.911) testing GC in old space requested
[8:0x42e8760]   151936 ms: Mark-sweep 8.3 (41.7) -> 8.2 (41.7) MB, 6.4 / 0.0 ms  (average mu = 0.912, current mu = 0.913) testing GC in old space requested
[8:0x42e8760]   152005 ms: Mark-sweep 8.3 (41.7) -> 8.2 (41.7) MB, 6.1 / 0.0 ms  (average mu = 0.912, current mu = 0.911) testing GC in old space requested
[8:0x42e8760]   152078 ms: Mark-sweep 8.3 (41.7) -> 8.2 (41.7) MB, 6.1 / 0.0 ms  (average mu = 0.914, current mu = 0.916) testing GC in old space requested
[8:0x42e8760]   152147 ms: Mark-sweep 8.3 (41.7) -> 8.2 (41.7) MB, 6.2 / 0.0 ms  (average mu = 0.913, current mu = 0.911) testing GC in old space requested
[8:0x42e8760]   152219 ms: Mark-sweep 8.3 (41.7) -> 8.2 (41.7) MB, 7.2 / 0.0 ms  (average mu = 0.907, current mu = 0.901) testing GC in old space requested
[8:0x42e8760]   152289 ms: Mark-sweep 8.3 (41.7) -> 8.2 (41.7) MB, 6.2 / 0.0 ms  (average mu = 0.909, current mu = 0.911) testing GC in old space requested
[8:0x42e8760]   152358 ms: Mark-sweep 8.3 (41.7) -> 8.2 (41.7) MB, 6.3 / 0.0 ms  (average mu = 0.908, current mu = 0.908) testing GC in old space requested
[8:0x42e8760]   152427 ms: Mark-sweep 8.3 (41.7) -> 8.2 (41.7) MB, 6.3 / 0.0 ms  (average mu = 0.908, current mu = 0.909) testing GC in old space requested
[8:0x42e8760]   152496 ms: Mark-sweep 8.3 (41.7) -> 8.2 (41.7) MB, 6.2 / 0.0 ms  (average mu = 0.910, current mu = 0.911) testing GC in old space requested
[8:0x42e8760]   152566 ms: Mark-sweep 8.3 (41.7) -> 8.2 (41.7) MB, 6.4 / 0.0 ms  (average mu = 0.909, current mu = 0.908) testing GC in old space requested
[8:0x42e8760]   152635 ms: Mark-sweep 8.3 (41.7) -> 8.2 (41.7) MB, 6.4 / 0.0 ms  (average mu = 0.909, current mu = 0.908) testing GC in old space requested
[8:0x42e8760]   152704 ms: Mark-sweep 8.3 (41.7) -> 8.2 (41.7) MB, 6.3 / 0.0 ms  (average mu = 0.908, current mu = 0.908) testing GC in old space requested
[8:0x42e8760]   152773 ms: Mark-sweep 8.3 (41.7) -> 8.2 (41.7) MB, 6.3 / 0.0 ms  (average mu = 0.909, current mu = 0.910) testing GC in old space requested
[8:0x42e8760]   152842 ms: Mark-sweep 8.3 (41.7) -> 8.2 (41.7) MB, 6.1 / 0.0 ms  (average mu = 0.910, current mu = 0.911) testing GC in old space requested
[8:0x42e8760]   152911 ms: Mark-sweep 8.3 (41.7) -> 8.2 (41.7) MB, 6.4 / 0.0 ms  (average mu = 0.909, current mu = 0.908) testing GC in old space requested
[8:0x42e8760]   152981 ms: Mark-sweep 8.3 (41.7) -> 8.2 (41.7) MB, 6.4 / 0.0 ms  (average mu = 0.908, current mu = 0.908) testing GC in old space requested
[8:0x42e8760]   153051 ms: Mark-sweep 8.3 (41.7) -> 8.2 (41.7) MB, 6.4 / 0.0 ms  (average mu = 0.909, current mu = 0.909) testing GC in old space requested
[8:0x42e8760]   153121 ms: Mark-sweep 8.3 (41.7) -> 8.2 (41.7) MB, 6.5 / 0.0 ms  (average mu = 0.907, current mu = 0.906) testing GC in old space requested
[8:0x42e8760]   153190 ms: Mark-sweep 8.3 (41.7) -> 8.2 (41.7) MB, 6.3 / 0.0 ms  (average mu = 0.908, current mu = 0.909) testing GC in old space requested
[8:0x42e8760]   153259 ms: Mark-sweep 8.3 (41.7) -> 8.2 (41.7) MB, 6.0 / 0.0 ms  (average mu = 0.911, current mu = 0.913) testing GC in old space requested
[8:0x42e8760]   153327 ms: Mark-sweep 8.3 (41.7) -> 8.2 (41.7) MB, 6.0 / 0.0 ms  (average mu = 0.911, current mu = 0.912) testing GC in old space requested
[8:0x42e8760]   153400 ms: Mark-sweep 8.3 (41.7) -> 8.2 (41.7) MB, 5.9 / 0.0 ms  (average mu = 0.915, current mu = 0.918) testing GC in old space requested
[8:0x42e8760]   153469 ms: Mark-sweep 8.3 (41.7) -> 8.2 (41.7) MB, 5.9 / 0.0 ms  (average mu = 0.915, current mu = 0.915) testing GC in old space requested
[8:0x42e8760]   153538 ms: Mark-sweep 8.3 (41.7) -> 8.2 (41.7) MB, 6.0 / 0.0 ms  (average mu = 0.914, current mu = 0.912) testing GC in old space requested
[8:0x42e8760]   153608 ms: Mark-sweep 8.3 (41.7) -> 8.2 (41.7) MB, 7.0 / 0.0 ms  (average mu = 0.907, current mu = 0.901) testing GC in old space requested
[8:0x42e8760]   153677 ms: Mark-sweep 8.3 (41.7) -> 8.2 (41.7) MB, 6.3 / 0.0 ms  (average mu = 0.908, current mu = 0.909) testing GC in old space requested
[8:0x42e8760]   153746 ms: Mark-sweep 8.3 (41.7) -> 8.2 (41.7) MB, 6.6 / 0.0 ms  (average mu = 0.906, current mu = 0.904) testing GC in old space requested
[8:0x42e8760]   153815 ms: Mark-sweep 8.3 (41.7) -> 8.2 (41.7) MB, 6.5 / 0.0 ms  (average mu = 0.906, current mu = 0.906) testing GC in old space requested
[8:0x42e8760]   153884 ms: Mark-sweep 8.3 (41.7) -> 8.2 (41.7) MB, 6.3 / 0.0 ms  (average mu = 0.907, current mu = 0.909) testing GC in old space requested
[8:0x42e8760]   153953 ms: Mark-sweep 8.3 (41.7) -> 8.2 (41.7) MB, 6.0 / 0.0 ms  (average mu = 0.910, current mu = 0.912) testing GC in old space requested
[8:0x42e8760]   154025 ms: Mark-sweep 8.3 (41.7) -> 8.2 (41.7) MB, 6.1 / 0.0 ms  (average mu = 0.913, current mu = 0.916) testing GC in old space requested
[8:0x42e8760]   154095 ms: Mark-sweep 8.3 (41.7) -> 8.2 (41.7) MB, 6.0 / 0.0 ms  (average mu = 0.913, current mu = 0.913) testing GC in old space requested
[8:0x42e8760]   154163 ms: Mark-sweep 8.3 (41.7) -> 8.2 (41.7) MB, 6.1 / 0.0 ms  (average mu = 0.912, current mu = 0.911) testing GC in old space requested
[8:0x42e8760]   154232 ms: Mark-sweep 8.3 (41.7) -> 8.2 (41.7) MB, 6.1 / 0.0 ms  (average mu = 0.911, current mu = 0.911) testing GC in old space requested
[8:0x42e8760]   154301 ms: Mark-sweep 8.3 (41.7) -> 8.2 (41.7) MB, 6.1 / 0.0 ms  (average mu = 0.911, current mu = 0.912) testing GC in old space requested
[8:0x42e8760]   154369 ms: Mark-sweep 8.3 (41.7) -> 8.2 (41.7) MB, 6.1 / 0.0 ms  (average mu = 0.911, current mu = 0.912) testing GC in old space requested
[8:0x42e8760]   154438 ms: Mark-sweep 8.3 (41.7) -> 8.2 (41.7) MB, 6.0 / 0.0 ms  (average mu = 0.912, current mu = 0.913) testing GC in old space requested
[8:0x42e8760]   154507 ms: Mark-sweep 8.3 (41.7) -> 8.2 (41.7) MB, 6.2 / 0.0 ms  (average mu = 0.911, current mu = 0.909) testing GC in old space requested
[8:0x42e8760]   154576 ms: Mark-sweep 8.3 (41.7) -> 8.2 (41.7) MB, 6.3 / 0.0 ms  (average mu = 0.909, current mu = 0.908) testing GC in old space requested
[8:0x42e8760]   154649 ms: Mark-sweep 8.3 (41.7) -> 8.2 (41.7) MB, 6.4 / 0.0 ms  (average mu = 0.911, current mu = 0.912) testing GC in old space requested
[8:0x42e8760]   154717 ms: Mark-sweep 8.3 (41.7) -> 8.2 (41.7) MB, 6.1 / 0.0 ms  (average mu = 0.911, current mu = 0.911) testing GC in old space requested
[8:0x42e8760]   154786 ms: Mark-sweep 8.3 (41.7) -> 8.2 (41.7) MB, 6.0 / 0.0 ms  (average mu = 0.912, current mu = 0.912) testing GC in old space requested
[8:0x42e8760]   154853 ms: Mark-sweep 8.3 (41.7) -> 8.2 (41.7) MB, 6.0 / 0.0 ms  (average mu = 0.911, current mu = 0.911) testing GC in old space requested
[8:0x42e8760]   154923 ms: Mark-sweep 8.3 (41.7) -> 8.2 (41.7) MB, 6.2 / 0.0 ms  (average mu = 0.911, current mu = 0.911) testing GC in old space requested
[8:0x42e8760]   154993 ms: Mark-sweep 8.3 (41.7) -> 8.2 (41.7) MB, 6.2 / 0.0 ms  (average mu = 0.911, current mu = 0.910) testing GC in old space requested
[8:0x42e8760]   155062 ms: Mark-sweep 8.3 (41.7) -> 8.2 (41.7) MB, 6.3 / 0.0 ms  (average mu = 0.910, current mu = 0.909) testing GC in old space requested
[8:0x42e8760]   155130 ms: Mark-sweep 8.3 (41.7) -> 8.2 (41.7) MB, 6.1 / 0.0 ms  (average mu = 0.910, current mu = 0.911) testing GC in old space requested
[8:0x42e8760]   155199 ms: Mark-sweep 8.3 (41.7) -> 8.2 (41.7) MB, 6.0 / 0.0 ms  (average mu = 0.912, current mu = 0.913) testing GC in old space requested
[8:0x42e8760]   155269 ms: Mark-sweep 8.3 (41.7) -> 8.2 (41.7) MB, 5.8 / 0.0 ms  (average mu = 0.914, current mu = 0.916) testing GC in old space requested
[8:0x42e8760]   155347 ms: Mark-sweep 8.3 (41.7) -> 8.2 (41.7) MB, 6.4 / 0.0 ms  (average mu = 0.916, current mu = 0.918) testing GC in old space requested
[8:0x42e8760]   155417 ms: Mark-sweep 8.3 (41.7) -> 8.2 (41.7) MB, 6.2 / 0.0 ms  (average mu = 0.914, current mu = 0.912) testing GC in old space requested
[8:0x42e8760]   155486 ms: Mark-sweep 8.3 (41.7) -> 8.2 (41.7) MB, 5.6 / 0.0 ms  (average mu = 0.916, current mu = 0.918) testing GC in old space requested
[8:0x42e8760]   155554 ms: Mark-sweep 8.3 (41.7) -> 8.2 (41.7) MB, 5.8 / 0.0 ms  (average mu = 0.915, current mu = 0.915) testing GC in old space requested
[8:0x42e8760]   155621 ms: Mark-sweep 8.3 (41.7) -> 8.2 (41.7) MB, 5.8 / 0.0 ms  (average mu = 0.915, current mu = 0.914) testing GC in old space requested
[8:0x42e8760]   155689 ms: Mark-sweep 8.3 (41.7) -> 8.2 (41.7) MB, 6.0 / 0.0 ms  (average mu = 0.913, current mu = 0.911) testing GC in old space requested
[8:0x42e8760]   155758 ms: Mark-sweep 8.3 (41.7) -> 8.2 (41.7) MB, 6.5 / 0.0 ms  (average mu = 0.909, current mu = 0.905) testing GC in old space requested
[8:0x42e8760]   155826 ms: Mark-sweep 8.3 (41.7) -> 8.2 (41.7) MB, 6.0 / 0.0 ms  (average mu = 0.910, current mu = 0.911) testing GC in old space requested
[8:0x42e8760]   155896 ms: Mark-sweep 8.3 (41.7) -> 8.2 (41.7) MB, 6.3 / 0.0 ms  (average mu = 0.910, current mu = 0.910) testing GC in old space requested
[8:0x42e8760]   155966 ms: Mark-sweep 8.3 (41.7) -> 8.2 (41.7) MB, 6.4 / 0.0 ms  (average mu = 0.909, current mu = 0.908) testing GC in old space requested
[8:0x42e8760]   156035 ms: Mark-sweep 8.3 (41.7) -> 8.2 (41.7) MB, 6.3 / 0.0 ms  (average mu = 0.909, current mu = 0.909) testing GC in old space requested
[8:0x42e8760]   156105 ms: Mark-sweep 8.3 (41.7) -> 8.2 (41.7) MB, 6.4 / 0.0 ms  (average mu = 0.908, current mu = 0.908) testing GC in old space requested
[8:0x42e8760]   156174 ms: Mark-sweep 8.3 (41.7) -> 8.2 (41.7) MB, 5.9 / 0.0 ms  (average mu = 0.911, current mu = 0.914) testing GC in old space requested
[8:0x42e8760]   156243 ms: Mark-sweep 8.3 (41.7) -> 8.2 (41.7) MB, 5.5 / 0.0 ms  (average mu = 0.916, current mu = 0.920) testing GC in old space requested
[8:0x42e8760]   156311 ms: Mark-sweep 8.3 (41.7) -> 8.2 (41.7) MB, 5.4 / 0.0 ms  (average mu = 0.919, current mu = 0.922) testing GC in old space requested
[8:0x42e8760]   156379 ms: Mark-sweep 8.3 (41.7) -> 8.2 (41.7) MB, 5.4 / 0.0 ms  (average mu = 0.920, current mu = 0.921) testing GC in old space requested
[8:0x42e8760]   156446 ms: Mark-sweep 8.3 (41.7) -> 8.2 (41.7) MB, 5.2 / 0.0 ms  (average mu = 0.921, current mu = 0.923) testing GC in old space requested
[8:0x42e8760]   156513 ms: Mark-sweep 8.3 (41.7) -> 8.2 (41.7) MB, 5.3 / 0.0 ms  (average mu = 0.921, current mu = 0.921) testing GC in old space requested
[8:0x42e8760]   156580 ms: Mark-sweep 8.3 (41.7) -> 8.2 (41.7) MB, 5.2 / 0.0 ms  (average mu = 0.922, current mu = 0.922) testing GC in old space requested
[8:0x42e8760]   156649 ms: Mark-sweep 8.3 (41.7) -> 8.2 (41.7) MB, 5.2 / 0.0 ms  (average mu = 0.923, current mu = 0.925) testing GC in old space requested
[8:0x42e8760]   156721 ms: Mark-sweep 8.3 (41.7) -> 8.2 (41.7) MB, 5.3 / 0.0 ms  (average mu = 0.925, current mu = 0.926) testing GC in old space requested
[8:0x42e8760]   156788 ms: Mark-sweep 8.3 (41.7) -> 8.2 (41.7) MB, 5.3 / 0.0 ms  (average mu = 0.923, current mu = 0.921) testing GC in old space requested
[8:0x42e8760]   156855 ms: Mark-sweep 8.3 (41.7) -> 8.2 (41.7) MB, 5.3 / 0.0 ms  (average mu = 0.922, current mu = 0.922) testing GC in old space requested
[8:0x42e8760]   156923 ms: Mark-sweep 8.3 (41.7) -> 8.2 (41.7) MB, 5.4 / 0.0 ms  (average mu = 0.921, current mu = 0.920) testing GC in old space requested
[8:0x42e8760]   156991 ms: Mark-sweep 8.3 (41.7) -> 8.2 (41.7) MB, 5.3 / 0.0 ms  (average mu = 0.922, current mu = 0.922) testing GC in old space requested
[8:0x42e8760]   157058 ms: Mark-sweep 8.3 (41.7) -> 8.2 (41.7) MB, 5.2 / 0.0 ms  (average mu = 0.922, current mu = 0.923) testing GC in old space requested
[8:0x42e8760]   157126 ms: Mark-sweep 8.3 (41.7) -> 8.2 (41.7) MB, 5.3 / 0.0 ms  (average mu = 0.922, current mu = 0.922) testing GC in old space requested
[8:0x42e8760]   157194 ms: Mark-sweep 8.3 (41.7) -> 8.2 (41.7) MB, 5.4 / 0.0 ms  (average mu = 0.921, current mu = 0.921) testing GC in old space requested
[8:0x42e8760]   157271 ms: Mark-sweep 8.3 (41.7) -> 8.2 (41.7) MB, 7.4 / 0.0 ms  (average mu = 0.912, current mu = 0.904) testing GC in old space requested
[8:0x42e8760]   157349 ms: Mark-sweep 8.3 (41.7) -> 8.2 (41.7) MB, 5.8 / 0.0 ms  (average mu = 0.920, current mu = 0.927) testing GC in old space requested
[8:0x42e8760]   157424 ms: Mark-sweep 8.3 (41.7) -> 8.2 (41.7) MB, 5.7 / 0.0 ms  (average mu = 0.922, current mu = 0.924) testing GC in old space requested
[8:0x42e8760]   157494 ms: Mark-sweep 8.3 (41.7) -> 8.2 (41.7) MB, 5.7 / 0.0 ms  (average mu = 0.920, current mu = 0.918) testing GC in old space requested
[8:0x42e8760]   157567 ms: Mark-sweep 8.3 (41.7) -> 8.2 (41.7) MB, 6.5 / 0.0 ms  (average mu = 0.915, current mu = 0.911) testing GC in old space requested
[8:0x42e8760]   157634 ms: Mark-sweep 8.4 (41.7) -> 8.2 (41.7) MB, 5.3 / 0.0 ms  (average mu = 0.918, current mu = 0.921) testing GC in old space requested
[8:0x42e8760]   157702 ms: Mark-sweep 8.4 (41.7) -> 8.2 (41.7) MB, 5.9 / 0.0 ms  (average mu = 0.916, current mu = 0.913) testing GC in old space requested
[8:0x42e8760]   157770 ms: Mark-sweep 8.4 (41.7) -> 8.2 (41.7) MB, 6.0 / 0.0 ms  (average mu = 0.913, current mu = 0.911) testing GC in old space requested
[8:0x42e8760]   157838 ms: Mark-sweep 8.4 (41.7) -> 8.2 (41.7) MB, 5.3 / 0.0 ms  (average mu = 0.917, current mu = 0.922) testing GC in old space requested
[8:0x42e8760]   157906 ms: Mark-sweep 8.4 (41.7) -> 8.2 (41.7) MB, 5.4 / 0.0 ms  (average mu = 0.920, current mu = 0.922) testing GC in old space requested
[8:0x42e8760]   157973 ms: Mark-sweep 8.4 (41.7) -> 8.2 (41.7) MB, 5.4 / 0.0 ms  (average mu = 0.920, current mu = 0.920) testing GC in old space requested
[8:0x42e8760]   158040 ms: Mark-sweep 8.4 (41.7) -> 8.2 (41.7) MB, 5.3 / 0.0 ms  (average mu = 0.920, current mu = 0.920) testing GC in old space requested
[8:0x42e8760]   158108 ms: Mark-sweep 8.4 (41.7) -> 8.2 (41.7) MB, 5.3 / 0.0 ms  (average mu = 0.921, current mu = 0.921) testing GC in old space requested
[8:0x42e8760]   158179 ms: Mark-sweep 8.4 (41.7) -> 8.2 (41.7) MB, 5.4 / 0.0 ms  (average mu = 0.923, current mu = 0.925) testing GC in old space requested
[8:0x42e8760]   158247 ms: Mark-sweep 8.4 (41.7) -> 8.2 (41.7) MB, 5.4 / 0.0 ms  (average mu = 0.922, current mu = 0.921) testing GC in old space requested
[8:0x42e8760]   158315 ms: Mark-sweep 8.4 (41.7) -> 8.2 (41.7) MB, 5.2 / 0.0 ms  (average mu = 0.922, current mu = 0.922) testing GC in old space requested
[8:0x42e8760]   158383 ms: Mark-sweep 8.4 (41.7) -> 8.2 (41.7) MB, 5.3 / 0.0 ms  (average mu = 0.922, current mu = 0.922) testing GC in old space requested
[8:0x42e8760]   158632 ms: Mark-sweep 8.4 (41.7) -> 8.2 (41.7) MB, 5.7 / 0.0 ms  (average mu = 0.965, current mu = 0.977) testing GC in old space requested
[8:0x42e8760]   158707 ms: Mark-sweep 8.4 (41.7) -> 8.2 (41.7) MB, 5.5 / 0.0 ms  (average mu = 0.953, current mu = 0.927) testing GC in old space requested
[8:0x42e8760]   158775 ms: Mark-sweep 8.4 (41.7) -> 8.2 (41.7) MB, 5.3 / 0.0 ms  (average mu = 0.942, current mu = 0.923) testing GC in old space requested
[8:0x42e8760]   158843 ms: Mark-sweep 8.4 (41.7) -> 8.2 (41.7) MB, 5.3 / 0.0 ms  (average mu = 0.933, current mu = 0.922) testing GC in old space requested
[8:0x42e8760]   158911 ms: Mark-sweep 8.4 (41.7) -> 8.2 (41.7) MB, 6.0 / 0.0 ms  (average mu = 0.923, current mu = 0.912) testing GC in old space requested
[8:0x42e8760]   158986 ms: Mark-sweep 8.4 (41.7) -> 8.2 (41.7) MB, 6.1 / 0.0 ms  (average mu = 0.921, current mu = 0.918) testing GC in old space requested
[8:0x42e8760]   159055 ms: Mark-sweep 8.4 (41.7) -> 8.2 (41.7) MB, 6.1 / 0.0 ms  (average mu = 0.917, current mu = 0.912) testing GC in old space requested
[8:0x42e8760]   159124 ms: Mark-sweep 8.4 (41.7) -> 8.2 (41.7) MB, 6.0 / 0.0 ms  (average mu = 0.915, current mu = 0.913) testing GC in old space requested
[8:0x42e8760]   159192 ms: Mark-sweep 8.4 (41.7) -> 8.2 (41.7) MB, 5.5 / 0.0 ms  (average mu = 0.917, current mu = 0.919) testing GC in old space requested
[8:0x42e8760]   159259 ms: Mark-sweep 8.4 (41.7) -> 8.2 (41.7) MB, 5.5 / 0.0 ms  (average mu = 0.918, current mu = 0.919) testing GC in old space requested
[8:0x42e8760]   159331 ms: Mark-sweep 8.4 (41.7) -> 8.2 (41.7) MB, 5.5 / 0.0 ms  (average mu = 0.921, current mu = 0.924) testing GC in old space requested
[8:0x42e8760]   159399 ms: Mark-sweep 8.4 (41.7) -> 8.2 (41.7) MB, 5.2 / 0.0 ms  (average mu = 0.922, current mu = 0.923) testing GC in old space requested
[8:0x42e8760]   159466 ms: Mark-sweep 8.4 (41.7) -> 8.2 (41.7) MB, 5.3 / 0.0 ms  (average mu = 0.921, current mu = 0.921) testing GC in old space requested
[8:0x42e8760]   159534 ms: Mark-sweep 8.4 (41.7) -> 8.2 (41.7) MB, 5.4 / 0.0 ms  (average mu = 0.920, current mu = 0.919) testing GC in old space requested
[8:0x42e8760]   159606 ms: Mark-sweep 8.4 (41.7) -> 8.2 (41.7) MB, 5.5 / 0.0 ms  (average mu = 0.922, current mu = 0.924) testing GC in old space requested
[8:0x42e8760]   159675 ms: Mark-sweep 8.4 (41.7) -> 8.2 (41.7) MB, 5.6 / 0.0 ms  (average mu = 0.920, current mu = 0.918) testing GC in old space requested
[8:0x42e8760]   159744 ms: Mark-sweep 8.4 (41.7) -> 8.2 (41.7) MB, 5.6 / 0.0 ms  (average mu = 0.919, current mu = 0.919) testing GC in old space requested
[8:0x42e8760]   159812 ms: Mark-sweep 8.4 (41.7) -> 8.2 (41.7) MB, 5.4 / 0.0 ms  (average mu = 0.920, current mu = 0.921) testing GC in old space requested
[8:0x42e8760]   159884 ms: Mark-sweep 8.4 (41.7) -> 8.2 (41.7) MB, 5.6 / 0.0 ms  (average mu = 0.921, current mu = 0.922) testing GC in old space requested
[8:0x42e8760]   159952 ms: Mark-sweep 8.4 (41.7) -> 8.2 (41.7) MB, 5.4 / 0.0 ms  (average mu = 0.921, current mu = 0.921) testing GC in old space requested
[8:0x42e8760]   160019 ms: Mark-sweep 8.4 (41.7) -> 8.2 (41.7) MB, 5.4 / 0.0 ms  (average mu = 0.921, current mu = 0.920) testing GC in old space requested
[8:0x42e8760]   160087 ms: Mark-sweep 8.4 (41.7) -> 8.2 (41.7) MB, 5.5 / 0.0 ms  (average mu = 0.920, current mu = 0.920) testing GC in old space requested
[8:0x42e8760]   160155 ms: Mark-sweep 8.4 (41.7) -> 8.2 (41.7) MB, 5.3 / 0.0 ms  (average mu = 0.921, current mu = 0.921) testing GC in old space requested
[8:0x42e8760]   160227 ms: Mark-sweep 8.4 (41.7) -> 8.2 (41.7) MB, 5.6 / 0.0 ms  (average mu = 0.922, current mu = 0.923) testing GC in old space requested
[8:0x42e8760]   160295 ms: Mark-sweep 8.4 (41.7) -> 8.2 (41.7) MB, 5.5 / 0.0 ms  (average mu = 0.921, current mu = 0.920) testing GC in old space requested
[8:0x42e8760]   160363 ms: Mark-sweep 8.4 (41.7) -> 8.2 (41.7) MB, 5.3 / 0.0 ms  (average mu = 0.921, current mu = 0.921) testing GC in old space requested
[8:0x42e8760]   160431 ms: Mark-sweep 8.4 (41.7) -> 8.2 (41.7) MB, 5.5 / 0.0 ms  (average mu = 0.920, current mu = 0.920) testing GC in old space requested
[8:0x42e8760]   160498 ms: Mark-sweep 8.4 (41.7) -> 8.2 (41.7) MB, 5.4 / 0.0 ms  (average mu = 0.920, current mu = 0.920) testing GC in old space requested
[8:0x42e8760]   160569 ms: Mark-sweep 8.4 (41.7) -> 8.2 (41.7) MB, 5.3 / 0.0 ms  (average mu = 0.923, current mu = 0.926) testing GC in old space requested
[8:0x42e8760]   160637 ms: Mark-sweep 8.4 (41.7) -> 8.2 (41.7) MB, 5.2 / 0.0 ms  (average mu = 0.923, current mu = 0.923) testing GC in old space requested
[8:0x42e8760]   160704 ms: Mark-sweep 8.4 (41.7) -> 8.2 (41.7) MB, 5.3 / 0.0 ms  (average mu = 0.922, current mu = 0.921) testing GC in old space requested
[8:0x42e8760]   160775 ms: Mark-sweep 8.4 (41.7) -> 8.2 (41.7) MB, 6.2 / 0.0 ms  (average mu = 0.917, current mu = 0.913) testing GC in old space requested
[8:0x42e8760]   160842 ms: Mark-sweep 8.4 (41.7) -> 8.2 (41.7) MB, 5.2 / 0.0 ms  (average mu = 0.920, current mu = 0.923) testing GC in old space requested
[8:0x42e8760]   160910 ms: Mark-sweep 8.4 (41.7) -> 8.2 (41.7) MB, 5.4 / 0.0 ms  (average mu = 0.920, current mu = 0.920) testing GC in old space requested
[8:0x42e8760]   160984 ms: Mark-sweep 8.4 (41.7) -> 8.2 (41.7) MB, 11.8 / 0.0 ms  (average mu = 0.879, current mu = 0.841) testing GC in old space requested
[8:0x42e8760]   161059 ms: Mark-sweep 8.4 (41.7) -> 8.2 (41.7) MB, 6.8 / 0.0 ms  (average mu = 0.895, current mu = 0.910) testing GC in old space requested
[8:0x42e8760]   161129 ms: Mark-sweep 8.4 (41.7) -> 8.2 (41.7) MB, 6.3 / 0.0 ms  (average mu = 0.902, current mu = 0.910) testing GC in old space requested
[8:0x42e8760]   161198 ms: Mark-sweep 8.4 (41.7) -> 8.2 (41.7) MB, 6.4 / 0.0 ms  (average mu = 0.905, current mu = 0.908) testing GC in old space requested
[8:0x42e8760]   161271 ms: Mark-sweep 8.4 (41.7) -> 8.2 (41.7) MB, 6.3 / 0.0 ms  (average mu = 0.909, current mu = 0.913) testing GC in old space requested
[8:0x42e8760]   161340 ms: Mark-sweep 8.4 (41.7) -> 8.2 (41.7) MB, 6.4 / 0.0 ms  (average mu = 0.908, current mu = 0.908) testing GC in old space requested
[8:0x42e8760]   161409 ms: Mark-sweep 8.4 (41.7) -> 8.2 (41.7) MB, 6.0 / 0.0 ms  (average mu = 0.911, current mu = 0.913) testing GC in old space requested
[8:0x42e8760]   161477 ms: Mark-sweep 8.4 (41.7) -> 8.2 (41.7) MB, 6.0 / 0.0 ms  (average mu = 0.911, current mu = 0.912) testing GC in old space requested
[8:0x42e8760]   161545 ms: Mark-sweep 8.4 (41.7) -> 8.2 (41.7) MB, 6.1 / 0.0 ms  (average mu = 0.911, current mu = 0.911) testing GC in old space requested
[8:0x42e8760]   161619 ms: Mark-sweep 8.4 (41.7) -> 8.2 (41.7) MB, 6.3 / 0.0 ms  (average mu = 0.913, current mu = 0.914) testing GC in old space requested
[8:0x42e8760]   161687 ms: Mark-sweep 8.4 (41.7) -> 8.2 (41.7) MB, 6.3 / 0.0 ms  (average mu = 0.910, current mu = 0.907) testing GC in old space requested
[8:0x42e8760]   161755 ms: Mark-sweep 8.4 (41.7) -> 8.2 (41.7) MB, 6.4 / 0.0 ms  (average mu = 0.908, current mu = 0.907) testing GC in old space requested
[8:0x42e8760]   161824 ms: Mark-sweep 8.4 (41.7) -> 8.2 (41.7) MB, 6.3 / 0.0 ms  (average mu = 0.909, current mu = 0.909) testing GC in old space requested
[8:0x42e8760]   161895 ms: Mark-sweep 8.4 (41.7) -> 8.2 (41.7) MB, 6.6 / 0.0 ms  (average mu = 0.908, current mu = 0.908) testing GC in old space requested
[8:0x42e8760]   161966 ms: Mark-sweep 8.4 (41.7) -> 8.2 (41.7) MB, 6.3 / 0.0 ms  (average mu = 0.909, current mu = 0.910) testing GC in old space requested
[8:0x42e8760]   162036 ms: Mark-sweep 8.4 (41.7) -> 8.2 (41.7) MB, 6.3 / 0.0 ms  (average mu = 0.910, current mu = 0.910) testing GC in old space requested
[8:0x42e8760]   162106 ms: Mark-sweep 8.4 (41.7) -> 8.2 (41.7) MB, 6.2 / 0.0 ms  (average mu = 0.911, current mu = 0.912) testing GC in old space requested
[8:0x42e8760]   162175 ms: Mark-sweep 8.4 (41.7) -> 8.2 (41.7) MB, 6.2 / 0.0 ms  (average mu = 0.910, current mu = 0.909) testing GC in old space requested
[8:0x42e8760]   162244 ms: Mark-sweep 8.4 (41.7) -> 8.2 (41.7) MB, 6.1 / 0.0 ms  (average mu = 0.911, current mu = 0.912) testing GC in old space requested
[8:0x42e8760]   162318 ms: Mark-sweep 8.4 (41.7) -> 8.2 (41.7) MB, 6.2 / 0.0 ms  (average mu = 0.913, current mu = 0.916) testing GC in old space requested
[8:0x42e8760]   162386 ms: Mark-sweep 8.4 (41.7) -> 8.2 (41.7) MB, 6.1 / 0.0 ms  (average mu = 0.912, current mu = 0.910) testing GC in old space requested
[8:0x42e8760]   162455 ms: Mark-sweep 8.4 (41.7) -> 8.2 (41.7) MB, 6.2 / 0.0 ms  (average mu = 0.911, current mu = 0.910) testing GC in old space requested
[8:0x42e8760]   162525 ms: Mark-sweep 8.4 (41.7) -> 8.2 (41.7) MB, 6.6 / 0.0 ms  (average mu = 0.908, current mu = 0.905) testing GC in old space requested
[8:0x42e8760]   162595 ms: Mark-sweep 8.4 (41.7) -> 8.2 (41.7) MB, 6.4 / 0.0 ms  (average mu = 0.909, current mu = 0.910) testing GC in old space requested
[8:0x42e8760]   162664 ms: Mark-sweep 8.4 (41.7) -> 8.2 (41.7) MB, 5.9 / 0.0 ms  (average mu = 0.911, current mu = 0.913) testing GC in old space requested
[8:0x42e8760]   162732 ms: Mark-sweep 8.4 (41.7) -> 8.2 (41.7) MB, 5.8 / 0.0 ms  (average mu = 0.913, current mu = 0.914) testing GC in old space requested
[8:0x42e8760]   162800 ms: Mark-sweep 8.4 (41.7) -> 8.2 (41.7) MB, 6.3 / 0.0 ms  (average mu = 0.911, current mu = 0.909) testing GC in old space requested
[8:0x42e8760]   162869 ms: Mark-sweep 8.4 (41.7) -> 8.2 (41.7) MB, 6.2 / 0.0 ms  (average mu = 0.910, current mu = 0.909) testing GC in old space requested
[8:0x42e8760]   162938 ms: Mark-sweep 8.4 (41.7) -> 8.2 (41.7) MB, 6.4 / 0.0 ms  (average mu = 0.908, current mu = 0.907) testing GC in old space requested
[8:0x42e8760]   163006 ms: Mark-sweep 8.4 (41.7) -> 8.2 (41.7) MB, 5.9 / 0.0 ms  (average mu = 0.911, current mu = 0.914) testing GC in old space requested
[8:0x42e8760]   163079 ms: Mark-sweep 8.4 (41.7) -> 8.2 (41.7) MB, 5.9 / 0.0 ms  (average mu = 0.915, current mu = 0.920) testing GC in old space requested
[8:0x42e8760]   163147 ms: Mark-sweep 8.4 (41.7) -> 8.2 (41.7) MB, 5.7 / 0.0 ms  (average mu = 0.916, current mu = 0.916) testing GC in old space requested
[8:0x42e8760]   163220 ms: Mark-sweep 8.4 (41.7) -> 8.2 (41.7) MB, 6.3 / 0.0 ms  (average mu = 0.915, current mu = 0.913) testing GC in old space requested
[8:0x42e8760]   163289 ms: Mark-sweep 8.4 (41.7) -> 8.2 (41.7) MB, 6.4 / 0.0 ms  (average mu = 0.911, current mu = 0.908) testing GC in old space requested
[8:0x42e8760]   163358 ms: Mark-sweep 8.4 (41.7) -> 8.2 (41.7) MB, 6.0 / 0.0 ms  (average mu = 0.912, current mu = 0.913) testing GC in old space requested
[8:0x42e8760]   163426 ms: Mark-sweep 8.4 (41.7) -> 8.2 (41.7) MB, 6.0 / 0.0 ms  (average mu = 0.912, current mu = 0.913) testing GC in old space requested
[8:0x42e8760]   163494 ms: Mark-sweep 8.4 (41.7) -> 8.2 (41.7) MB, 5.3 / 0.0 ms  (average mu = 0.917, current mu = 0.922) testing GC in old space requested
[8:0x42e8760]   163562 ms: Mark-sweep 8.4 (41.7) -> 8.2 (41.7) MB, 5.3 / 0.0 ms  (average mu = 0.919, current mu = 0.921) testing GC in old space requested
[8:0x42e8760]   163629 ms: Mark-sweep 8.4 (41.7) -> 8.2 (41.7) MB, 5.3 / 0.0 ms  (average mu = 0.921, current mu = 0.922) testing GC in old space requested
[8:0x42e8760]   163700 ms: Mark-sweep 8.4 (41.7) -> 8.2 (41.7) MB, 5.2 / 0.0 ms  (average mu = 0.924, current mu = 0.927) testing GC in old space requested
[8:0x42e8760]   163768 ms: Mark-sweep 8.4 (41.7) -> 8.2 (41.7) MB, 5.3 / 0.0 ms  (average mu = 0.923, current mu = 0.922) testing GC in old space requested
[8:0x42e8760]   163840 ms: Mark-sweep 8.4 (41.7) -> 8.2 (41.7) MB, 6.1 / 0.0 ms  (average mu = 0.919, current mu = 0.916) testing GC in old space requested
[8:0x42e8760]   163909 ms: Mark-sweep 8.4 (41.7) -> 8.2 (41.7) MB, 6.5 / 0.0 ms  (average mu = 0.913, current mu = 0.906) testing GC in old space requested
[8:0x42e8760]   163979 ms: Mark-sweep 8.4 (41.7) -> 8.2 (41.7) MB, 6.4 / 0.0 ms  (average mu = 0.911, current mu = 0.909) testing GC in old space requested
[8:0x42e8760]   164048 ms: Mark-sweep 8.4 (41.7) -> 8.2 (41.7) MB, 6.5 / 0.0 ms  (average mu = 0.909, current mu = 0.907) testing GC in old space requested
[8:0x42e8760]   164119 ms: Mark-sweep 8.4 (41.7) -> 8.2 (41.7) MB, 6.6 / 0.0 ms  (average mu = 0.908, current mu = 0.907) testing GC in old space requested
[8:0x42e8760]   164189 ms: Mark-sweep 8.4 (41.7) -> 8.3 (41.7) MB, 6.5 / 0.0 ms  (average mu = 0.908, current mu = 0.907) testing GC in old space requested
[8:0x42e8760]   164260 ms: Mark-sweep 8.4 (41.7) -> 8.3 (41.7) MB, 6.6 / 0.0 ms  (average mu = 0.908, current mu = 0.908) testing GC in old space requested
[8:0x42e8760]   164330 ms: Mark-sweep 8.4 (41.7) -> 8.3 (41.7) MB, 6.2 / 0.0 ms  (average mu = 0.910, current mu = 0.912) testing GC in old space requested
[8:0x42e8760]   164402 ms: Mark-sweep 8.4 (41.7) -> 8.3 (41.7) MB, 6.1 / 0.0 ms  (average mu = 0.912, current mu = 0.915) testing GC in old space requested
[8:0x42e8760]   164474 ms: Mark-sweep 8.4 (41.7) -> 8.3 (41.7) MB, 6.2 / 0.0 ms  (average mu = 0.913, current mu = 0.914) testing GC in old space requested
[8:0x42e8760]   164543 ms: Mark-sweep 8.4 (41.7) -> 8.3 (41.7) MB, 6.3 / 0.0 ms  (average mu = 0.911, current mu = 0.908) testing GC in old space requested
[8:0x42e8760]   164611 ms: Mark-sweep 8.4 (41.7) -> 8.3 (41.7) MB, 6.3 / 0.0 ms  (average mu = 0.909, current mu = 0.907) testing GC in old space requested
[8:0x42e8760]   164679 ms: Mark-sweep 8.4 (41.7) -> 8.3 (41.7) MB, 6.3 / 0.0 ms  (average mu = 0.908, current mu = 0.908) testing GC in old space requested
[8:0x42e8760]   164748 ms: Mark-sweep 8.4 (41.7) -> 8.3 (41.7) MB, 6.3 / 0.0 ms  (average mu = 0.908, current mu = 0.908) testing GC in old space requested
[8:0x42e8760]   164816 ms: Mark-sweep 8.4 (41.7) -> 8.3 (41.7) MB, 6.2 / 0.0 ms  (average mu = 0.908, current mu = 0.909) testing GC in old space requested
[8:0x42e8760]   164884 ms: Mark-sweep 8.4 (41.7) -> 8.3 (41.7) MB, 6.2 / 0.0 ms  (average mu = 0.909, current mu = 0.909) testing GC in old space requested
[8:0x42e8760]   164953 ms: Mark-sweep 8.4 (41.7) -> 8.3 (41.7) MB, 6.3 / 0.0 ms  (average mu = 0.909, current mu = 0.909) testing GC in old space requested
[8:0x42e8760]   165025 ms: Mark-sweep 8.4 (41.7) -> 8.3 (41.7) MB, 6.3 / 0.0 ms  (average mu = 0.911, current mu = 0.912) testing GC in old space requested
[8:0x42e8760]   165094 ms: Mark-sweep 8.4 (41.7) -> 8.3 (41.7) MB, 5.8 / 0.0 ms  (average mu = 0.913, current mu = 0.916) testing GC in old space requested
[8:0x42e8760]   165167 ms: Mark-sweep 8.4 (41.7) -> 8.3 (41.7) MB, 5.8 / 0.0 ms  (average mu = 0.917, current mu = 0.920) testing GC in old space requested
[8:0x42e8760]   165235 ms: Mark-sweep 8.4 (41.7) -> 8.3 (41.7) MB, 5.7 / 0.0 ms  (average mu = 0.917, current mu = 0.916) testing GC in old space requested
[8:0x42e8760]   165303 ms: Mark-sweep 8.4 (41.7) -> 8.3 (41.7) MB, 5.8 / 0.0 ms  (average mu = 0.916, current mu = 0.915) testing GC in old space requested
[8:0x42e8760]   165371 ms: Mark-sweep 8.4 (41.7) -> 8.3 (41.7) MB, 6.0 / 0.0 ms  (average mu = 0.914, current mu = 0.912) testing GC in old space requested
[8:0x42e8760]   165440 ms: Mark-sweep 8.4 (41.7) -> 8.3 (41.7) MB, 6.2 / 0.0 ms  (average mu = 0.912, current mu = 0.910) testing GC in old space requested
[8:0x42e8760]   165509 ms: Mark-sweep 8.4 (41.7) -> 8.3 (41.7) MB, 6.4 / 0.0 ms  (average mu = 0.910, current mu = 0.907) testing GC in old space requested
[8:0x42e8760]   165577 ms: Mark-sweep 8.4 (41.7) -> 8.3 (41.7) MB, 5.9 / 0.0 ms  (average mu = 0.912, current mu = 0.913) testing GC in old space requested
[8:0x42e8760]   165646 ms: Mark-sweep 8.4 (41.7) -> 8.3 (41.7) MB, 6.0 / 0.0 ms  (average mu = 0.913, current mu = 0.914) testing GC in old space requested
[8:0x42e8760]   165715 ms: Mark-sweep 8.4 (41.7) -> 8.3 (41.7) MB, 6.4 / 0.0 ms  (average mu = 0.910, current mu = 0.908) testing GC in old space requested
[8:0x42e8760]   165796 ms: Mark-sweep 8.4 (41.7) -> 8.3 (41.7) MB, 7.1 / 0.0 ms  (average mu = 0.911, current mu = 0.911) testing GC in old space requested
[8:0x42e8760]   165865 ms: Mark-sweep 8.4 (41.7) -> 8.3 (41.7) MB, 6.0 / 0.0 ms  (average mu = 0.912, current mu = 0.914) testing GC in old space requested
[8:0x42e8760]   165935 ms: Mark-sweep 8.4 (41.7) -> 8.3 (41.7) MB, 6.6 / 0.0 ms  (average mu = 0.909, current mu = 0.906) testing GC in old space requested
[8:0x42e8760]   166004 ms: Mark-sweep 8.4 (41.7) -> 8.3 (41.7) MB, 5.8 / 0.0 ms  (average mu = 0.912, current mu = 0.915) testing GC in old space requested
[8:0x42e8760]   166072 ms: Mark-sweep 8.4 (41.7) -> 8.3 (41.7) MB, 5.9 / 0.0 ms  (average mu = 0.913, current mu = 0.914) testing GC in old space requested
[8:0x42e8760]   166141 ms: Mark-sweep 8.4 (41.7) -> 8.3 (41.7) MB, 5.8 / 0.0 ms  (average mu = 0.914, current mu = 0.916) testing GC in old space requested
[8:0x42e8760]   166210 ms: Mark-sweep 8.4 (41.7) -> 8.3 (41.7) MB, 5.9 / 0.0 ms  (average mu = 0.914, current mu = 0.914) testing GC in old space requested
[8:0x42e8760]   166281 ms: Mark-sweep 8.4 (41.7) -> 8.3 (41.7) MB, 6.4 / 0.0 ms  (average mu = 0.912, current mu = 0.909) testing GC in old space requested
[8:0x42e8760]   166352 ms: Mark-sweep 8.4 (41.7) -> 8.3 (41.7) MB, 6.5 / 0.0 ms  (average mu = 0.910, current mu = 0.908) testing GC in old space requested
[8:0x42e8760]   166423 ms: Mark-sweep 8.4 (41.7) -> 8.3 (41.7) MB, 6.2 / 0.0 ms  (average mu = 0.911, current mu = 0.913) testing GC in old space requested
[8:0x42e8760]   166493 ms: Mark-sweep 8.4 (41.7) -> 8.3 (41.7) MB, 6.4 / 0.0 ms  (average mu = 0.910, current mu = 0.908) testing GC in old space requested
[8:0x42e8760]   166562 ms: Mark-sweep 8.4 (41.7) -> 8.3 (41.7) MB, 6.3 / 0.0 ms  (average mu = 0.909, current mu = 0.909) testing GC in old space requested
[8:0x42e8760]   166631 ms: Mark-sweep 8.4 (41.7) -> 8.3 (41.7) MB, 6.3 / 0.0 ms  (average mu = 0.909, current mu = 0.910) testing GC in old space requested
[8:0x42e8760]   166701 ms: Mark-sweep 8.4 (41.7) -> 8.3 (41.7) MB, 6.5 / 0.0 ms  (average mu = 0.908, current mu = 0.907) testing GC in old space requested
[8:0x42e8760]   166769 ms: Mark-sweep 8.4 (41.7) -> 8.3 (41.7) MB, 5.8 / 0.0 ms  (average mu = 0.911, current mu = 0.915) testing GC in old space requested
[8:0x42e8760]   166838 ms: Mark-sweep 8.4 (41.7) -> 8.3 (41.7) MB, 6.0 / 0.0 ms  (average mu = 0.912, current mu = 0.913) testing GC in old space requested
[8:0x42e8760]   166907 ms: Mark-sweep 8.4 (41.7) -> 8.3 (41.7) MB, 5.9 / 0.0 ms  (average mu = 0.913, current mu = 0.915) testing GC in old space requested
[8:0x42e8760]   166978 ms: Mark-sweep 8.4 (41.7) -> 8.3 (41.7) MB, 5.8 / 0.0 ms  (average mu = 0.916, current mu = 0.918) testing GC in old space requested
[8:0x42e8760]   167046 ms: Mark-sweep 8.4 (41.7) -> 8.3 (41.7) MB, 5.8 / 0.0 ms  (average mu = 0.915, current mu = 0.915) testing GC in old space requested
[8:0x42e8760]   167114 ms: Mark-sweep 8.4 (41.7) -> 8.3 (41.7) MB, 5.8 / 0.0 ms  (average mu = 0.915, current mu = 0.915) testing GC in old space requested
[8:0x42e8760]   167183 ms: Mark-sweep 8.4 (41.7) -> 8.3 (41.7) MB, 5.7 / 0.0 ms  (average mu = 0.916, current mu = 0.917) testing GC in old space requested
[8:0x42e8760]   167260 ms: Mark-sweep 8.4 (41.7) -> 8.3 (41.7) MB, 5.8 / 0.0 ms  (average mu = 0.920, current mu = 0.924) testing GC in old space requested
[8:0x42e8760]   167335 ms: Mark-sweep 8.4 (41.7) -> 8.3 (41.7) MB, 5.7 / 0.0 ms  (average mu = 0.922, current mu = 0.924) testing GC in old space requested
[8:0x42e8760]   167405 ms: Mark-sweep 8.4 (41.7) -> 8.3 (41.7) MB, 5.5 / 0.0 ms  (average mu = 0.922, current mu = 0.922) testing GC in old space requested
[8:0x42e8760]   167473 ms: Mark-sweep 8.4 (41.7) -> 8.3 (41.7) MB, 5.4 / 0.0 ms  (average mu = 0.921, current mu = 0.921) testing GC in old space requested
[8:0x42e8760]   167541 ms: Mark-sweep 8.4 (41.7) -> 8.3 (41.7) MB, 5.3 / 0.0 ms  (average mu = 0.922, current mu = 0.922) testing GC in old space requested
[8:0x42e8760]   167610 ms: Mark-sweep 8.4 (41.7) -> 8.3 (41.7) MB, 6.5 / 0.0 ms  (average mu = 0.914, current mu = 0.906) testing GC in old space requested
[8:0x42e8760]   167682 ms: Mark-sweep 8.4 (41.7) -> 8.3 (41.7) MB, 6.3 / 0.0 ms  (average mu = 0.912, current mu = 0.911) testing GC in old space requested
[8:0x42e8760]   167751 ms: Mark-sweep 8.4 (41.7) -> 8.3 (41.7) MB, 6.3 / 0.0 ms  (average mu = 0.910, current mu = 0.908) testing GC in old space requested
[8:0x42e8760]   167820 ms: Mark-sweep 8.4 (41.7) -> 8.3 (41.7) MB, 6.4 / 0.0 ms  (average mu = 0.909, current mu = 0.907) testing GC in old space requested
[8:0x42e8760]   167890 ms: Mark-sweep 8.4 (41.7) -> 8.3 (41.7) MB, 6.3 / 0.0 ms  (average mu = 0.910, current mu = 0.911) testing GC in old space requested
[8:0x42e8760]   167960 ms: Mark-sweep 8.4 (41.7) -> 8.3 (41.7) MB, 6.2 / 0.0 ms  (average mu = 0.911, current mu = 0.912) testing GC in old space requested
[8:0x42e8760]   168030 ms: Mark-sweep 8.4 (41.7) -> 8.3 (41.7) MB, 6.2 / 0.0 ms  (average mu = 0.911, current mu = 0.911) testing GC in old space requested
[8:0x42e8760]   168099 ms: Mark-sweep 8.4 (41.7) -> 8.3 (41.7) MB, 6.3 / 0.0 ms  (average mu = 0.910, current mu = 0.909) testing GC in old space requested
[8:0x42e8760]   168168 ms: Mark-sweep 8.4 (41.7) -> 8.3 (41.7) MB, 6.2 / 0.0 ms  (average mu = 0.910, current mu = 0.910) testing GC in old space requested
[8:0x42e8760]   168236 ms: Mark-sweep 8.4 (41.7) -> 8.3 (41.7) MB, 6.2 / 0.0 ms  (average mu = 0.909, current mu = 0.909) testing GC in old space requested
[8:0x42e8760]   168305 ms: Mark-sweep 8.4 (41.7) -> 8.3 (41.7) MB, 6.1 / 0.0 ms  (average mu = 0.910, current mu = 0.911) testing GC in old space requested
[8:0x42e8760]   168373 ms: Mark-sweep 8.4 (41.7) -> 8.3 (41.7) MB, 5.8 / 0.0 ms  (average mu = 0.912, current mu = 0.914) testing GC in old space requested
[8:0x42e8760]   168441 ms: Mark-sweep 8.4 (41.7) -> 8.3 (41.7) MB, 5.8 / 0.0 ms  (average mu = 0.913, current mu = 0.915) testing GC in old space requested
[8:0x42e8760]   168510 ms: Mark-sweep 8.4 (41.7) -> 8.3 (41.7) MB, 5.8 / 0.0 ms  (average mu = 0.915, current mu = 0.916) testing GC in old space requested
[8:0x42e8760]   168580 ms: Mark-sweep 8.4 (41.7) -> 8.3 (41.7) MB, 5.8 / 0.0 ms  (average mu = 0.916, current mu = 0.917) testing GC in old space requested
[8:0x42e8760]   168650 ms: Mark-sweep 8.4 (41.7) -> 8.3 (41.7) MB, 6.2 / 0.0 ms  (average mu = 0.914, current mu = 0.912) testing GC in old space requested
[8:0x42e8760]   168718 ms: Mark-sweep 8.4 (41.7) -> 8.3 (41.9) MB, 6.0 / 0.0 ms  (average mu = 0.913, current mu = 0.913) testing GC in old space requested
[8:0x42e8760]   168787 ms: Mark-sweep 8.4 (41.9) -> 8.3 (41.9) MB, 6.3 / 0.0 ms  (average mu = 0.911, current mu = 0.909) testing GC in old space requested
[8:0x42e8760]   168856 ms: Mark-sweep 8.4 (41.9) -> 8.3 (41.9) MB, 6.2 / 0.0 ms  (average mu = 0.910, current mu = 0.910) testing GC in old space requested
[8:0x42e8760]   168925 ms: Mark-sweep 8.4 (41.9) -> 8.3 (41.9) MB, 6.2 / 0.0 ms  (average mu = 0.910, current mu = 0.910) testing GC in old space requested
[8:0x42e8760]   168994 ms: Mark-sweep 8.4 (41.9) -> 8.3 (41.9) MB, 6.4 / 0.0 ms  (average mu = 0.909, current mu = 0.908) testing GC in old space requested
[8:0x42e8760]   169062 ms: Mark-sweep 8.4 (41.9) -> 8.3 (41.9) MB, 6.0 / 0.0 ms  (average mu = 0.910, current mu = 0.912) testing GC in old space requested
[8:0x42e8760]   169131 ms: Mark-sweep 8.4 (41.9) -> 8.3 (41.9) MB, 6.7 / 0.0 ms  (average mu = 0.907, current mu = 0.903) testing GC in old space requested
[8:0x42e8760]   169205 ms: Mark-sweep 8.4 (41.9) -> 8.3 (41.9) MB, 6.2 / 0.0 ms  (average mu = 0.911, current mu = 0.915) testing GC in old space requested
[8:0x42e8760]   169274 ms: Mark-sweep 8.4 (41.9) -> 8.3 (41.9) MB, 6.1 / 0.0 ms  (average mu = 0.912, current mu = 0.913) testing GC in old space requested
[8:0x42e8760]   169344 ms: Mark-sweep 8.4 (41.9) -> 8.3 (41.9) MB, 6.6 / 0.0 ms  (average mu = 0.908, current mu = 0.904) testing GC in old space requested
[8:0x42e8760]   169412 ms: Mark-sweep 8.4 (41.9) -> 8.3 (41.9) MB, 6.1 / 0.0 ms  (average mu = 0.909, current mu = 0.910) testing GC in old space requested
[8:0x42e8760]   169481 ms: Mark-sweep 8.4 (41.9) -> 8.3 (41.9) MB, 6.3 / 0.0 ms  (average mu = 0.909, current mu = 0.908) testing GC in old space requested
[8:0x42e8760]   169550 ms: Mark-sweep 8.4 (41.9) -> 8.3 (41.9) MB, 5.8 / 0.0 ms  (average mu = 0.912, current mu = 0.916) testing GC in old space requested
[8:0x42e8760]   169623 ms: Mark-sweep 8.4 (41.9) -> 8.3 (41.9) MB, 7.9 / 0.0 ms  (average mu = 0.901, current mu = 0.891) testing GC in old space requested
[8:0x42e8760]   169692 ms: Mark-sweep 8.4 (41.9) -> 8.3 (41.9) MB, 6.6 / 0.0 ms  (average mu = 0.903, current mu = 0.904) testing GC in old space requested
[8:0x42e8760]   169761 ms: Mark-sweep 8.4 (41.9) -> 8.3 (41.9) MB, 5.8 / 0.0 ms  (average mu = 0.909, current mu = 0.916) testing GC in old space requested
[8:0x42e8760]   169830 ms: Mark-sweep 8.4 (41.9) -> 8.3 (41.9) MB, 5.7 / 0.0 ms  (average mu = 0.913, current mu = 0.917) testing GC in old space requested
[8:0x42e8760]   169903 ms: Mark-sweep 8.4 (41.9) -> 8.3 (41.9) MB, 6.0 / 0.0 ms  (average mu = 0.916, current mu = 0.919) testing GC in old space requested
[8:0x42e8760]   169974 ms: Mark-sweep 8.4 (41.9) -> 8.3 (41.9) MB, 6.3 / 0.0 ms  (average mu = 0.913, current mu = 0.910) testing GC in old space requested
[8:0x42e8760]   170043 ms: Mark-sweep 8.4 (41.9) -> 8.3 (41.9) MB, 5.9 / 0.0 ms  (average mu = 0.914, current mu = 0.914) testing GC in old space requested
[8:0x42e8760]   170112 ms: Mark-sweep 8.4 (41.9) -> 8.3 (41.9) MB, 6.4 / 0.0 ms  (average mu = 0.911, current mu = 0.908) testing GC in old space requested
[8:0x42e8760]   170181 ms: Mark-sweep 8.4 (41.9) -> 8.3 (41.9) MB, 6.2 / 0.0 ms  (average mu = 0.911, current mu = 0.910) testing GC in old space requested
[8:0x42e8760]   170250 ms: Mark-sweep 8.4 (41.9) -> 8.3 (41.9) MB, 5.3 / 0.0 ms  (average mu = 0.916, current mu = 0.922) testing GC in old space requested
[8:0x42e8760]   170318 ms: Mark-sweep 8.4 (41.9) -> 8.3 (41.9) MB, 5.3 / 0.0 ms  (average mu = 0.919, current mu = 0.922) testing GC in old space requested
[8:0x42e8760]   170387 ms: Mark-sweep 8.4 (41.9) -> 8.3 (41.9) MB, 5.3 / 0.0 ms  (average mu = 0.921, current mu = 0.922) testing GC in old space requested
[8:0x42e8760]   170455 ms: Mark-sweep 8.4 (41.9) -> 8.3 (41.9) MB, 5.5 / 0.0 ms  (average mu = 0.920, current mu = 0.920) testing GC in old space requested
[8:0x42e8760]   170528 ms: Mark-sweep 8.4 (41.9) -> 8.3 (41.9) MB, 5.6 / 0.0 ms  (average mu = 0.922, current mu = 0.923) testing GC in old space requested
[8:0x42e8760]   170596 ms: Mark-sweep 8.4 (41.9) -> 8.3 (41.9) MB, 5.6 / 0.0 ms  (average mu = 0.920, current mu = 0.918) testing GC in old space requested
[8:0x42e8760]   170664 ms: Mark-sweep 8.4 (41.9) -> 8.3 (41.9) MB, 5.3 / 0.0 ms  (average mu = 0.921, current mu = 0.922) testing GC in old space requested
[8:0x42e8760]   170732 ms: Mark-sweep 8.4 (41.9) -> 8.3 (41.9) MB, 5.4 / 0.0 ms  (average mu = 0.921, current mu = 0.921) testing GC in old space requested
[8:0x42e8760]   170801 ms: Mark-sweep 8.4 (41.9) -> 8.3 (41.9) MB, 5.5 / 0.0 ms  (average mu = 0.920, current mu = 0.919) testing GC in old space requested
[8:0x42e8760]   170876 ms: Mark-sweep 8.4 (41.9) -> 8.3 (41.9) MB, 6.4 / 0.0 ms  (average mu = 0.917, current mu = 0.915) testing GC in old space requested
[8:0x42e8760]   170945 ms: Mark-sweep 8.4 (41.9) -> 8.3 (41.9) MB, 5.4 / 0.0 ms  (average mu = 0.919, current mu = 0.922) testing GC in old space requested
[8:0x42e8760]   171012 ms: Mark-sweep 8.4 (41.9) -> 8.3 (41.9) MB, 5.2 / 0.0 ms  (average mu = 0.921, current mu = 0.922) testing GC in old space requested
[8:0x42e8760]   171079 ms: Mark-sweep 8.4 (41.9) -> 8.3 (41.9) MB, 5.5 / 0.0 ms  (average mu = 0.919, current mu = 0.917) testing GC in old space requested
[8:0x42e8760]   171146 ms: Mark-sweep 8.4 (41.9) -> 8.3 (41.9) MB, 5.5 / 0.0 ms  (average mu = 0.918, current mu = 0.918) testing GC in old space requested
[8:0x42e8760]   171214 ms: Mark-sweep 8.4 (41.9) -> 8.3 (41.9) MB, 5.5 / 0.0 ms  (average mu = 0.919, current mu = 0.919) testing GC in old space requested
[8:0x42e8760]   171283 ms: Mark-sweep 8.4 (41.9) -> 8.3 (41.9) MB, 5.6 / 0.0 ms  (average mu = 0.919, current mu = 0.919) testing GC in old space requested
[8:0x42e8760]   171351 ms: Mark-sweep 8.4 (41.9) -> 8.3 (41.9) MB, 5.3 / 0.0 ms  (average mu = 0.920, current mu = 0.922) testing GC in old space requested
[8:0x42e8760]   171418 ms: Mark-sweep 8.4 (41.9) -> 8.3 (41.9) MB, 5.3 / 0.0 ms  (average mu = 0.921, current mu = 0.921) testing GC in old space requested
[8:0x42e8760]   171485 ms: Mark-sweep 8.4 (41.9) -> 8.3 (41.9) MB, 5.5 / 0.0 ms  (average mu = 0.919, current mu = 0.917) testing GC in old space requested
[8:0x42e8760]   171553 ms: Mark-sweep 8.4 (41.9) -> 8.3 (41.9) MB, 5.6 / 0.0 ms  (average mu = 0.918, current mu = 0.916) testing GC in old space requested
[8:0x42e8760]   171620 ms: Mark-sweep 8.4 (41.9) -> 8.3 (41.9) MB, 5.5 / 0.0 ms  (average mu = 0.918, current mu = 0.917) testing GC in old space requested
[8:0x42e8760]   171687 ms: Mark-sweep 8.4 (41.9) -> 8.3 (41.9) MB, 5.4 / 0.0 ms  (average mu = 0.919, current mu = 0.920) testing GC in old space requested
[8:0x42e8760]   171754 ms: Mark-sweep 8.4 (41.9) -> 8.3 (41.9) MB, 5.3 / 0.0 ms  (average mu = 0.920, current mu = 0.921) testing GC in old space requested
[8:0x42e8760]   171826 ms: Mark-sweep 8.4 (41.9) -> 8.3 (41.9) MB, 5.6 / 0.0 ms  (average mu = 0.921, current mu = 0.922) testing GC in old space requested
[8:0x42e8760]   171894 ms: Mark-sweep 8.4 (41.9) -> 8.3 (41.9) MB, 5.5 / 0.0 ms  (average mu = 0.920, current mu = 0.920) testing GC in old space requested
[8:0x42e8760]   171962 ms: Mark-sweep 8.4 (41.9) -> 8.3 (41.9) MB, 5.5 / 0.0 ms  (average mu = 0.920, current mu = 0.919) testing GC in old space requested
[8:0x42e8760]   172030 ms: Mark-sweep 8.4 (41.9) -> 8.3 (41.9) MB, 5.5 / 0.0 ms  (average mu = 0.920, current mu = 0.920) testing GC in old space requested
[8:0x42e8760]   172098 ms: Mark-sweep 8.4 (41.9) -> 8.3 (41.9) MB, 5.3 / 0.0 ms  (average mu = 0.921, current mu = 0.921) testing GC in old space requested
[8:0x42e8760]   172166 ms: Mark-sweep 8.4 (41.9) -> 8.3 (41.9) MB, 5.7 / 0.0 ms  (average mu = 0.919, current mu = 0.917) testing GC in old space requested
[8:0x42e8760]   172234 ms: Mark-sweep 8.4 (41.9) -> 8.3 (41.9) MB, 5.8 / 0.0 ms  (average mu = 0.917, current mu = 0.915) testing GC in old space requested
[8:0x42e8760]   172891 ms: Mark-sweep 8.4 (41.9) -> 8.3 (41.9) MB, 5.8 / 0.0 ms  (average mu = 0.984, current mu = 0.991) testing GC in old space requested
[8:0x42e8760]   172962 ms: Mark-sweep 8.4 (41.9) -> 8.3 (41.9) MB, 5.4 / 0.0 ms  (average mu = 0.974, current mu = 0.924) testing GC in old space requested
[8:0x42e8760]   173036 ms: Mark-sweep 8.4 (41.9) -> 8.3 (41.9) MB, 5.3 / 0.0 ms  (average mu = 0.963, current mu = 0.927) testing GC in old space requested
[8:0x42e8760]   173104 ms: Mark-sweep 8.4 (41.9) -> 8.3 (41.9) MB, 5.6 / 0.0 ms  (average mu = 0.948, current mu = 0.918) testing GC in old space requested
[8:0x42e8760]   173173 ms: Mark-sweep 8.4 (41.9) -> 8.3 (41.9) MB, 5.5 / 0.0 ms  (average mu = 0.938, current mu = 0.921) testing GC in old space requested
[8:0x42e8760]   173245 ms: Mark-sweep 8.4 (41.9) -> 8.3 (41.9) MB, 5.6 / 0.0 ms  (average mu = 0.930, current mu = 0.921) testing GC in old space requested
[8:0x42e8760]   173315 ms: Mark-sweep 8.4 (41.9) -> 8.3 (41.9) MB, 5.3 / 0.0 ms  (average mu = 0.928, current mu = 0.925) testing GC in old space requested
[8:0x42e8760]   173384 ms: Mark-sweep 8.4 (41.9) -> 8.3 (41.9) MB, 5.2 / 0.0 ms  (average mu = 0.926, current mu = 0.924) testing GC in old space requested
[8:0x42e8760]   173452 ms: Mark-sweep 8.4 (41.9) -> 8.3 (41.9) MB, 5.6 / 0.0 ms  (average mu = 0.922, current mu = 0.918) testing GC in old space requested
[8:0x42e8760]   173520 ms: Mark-sweep 8.4 (41.9) -> 8.3 (41.9) MB, 5.5 / 0.0 ms  (average mu = 0.921, current mu = 0.919) testing GC in old space requested
[8:0x42e8760]   173594 ms: Mark-sweep 8.4 (41.9) -> 8.3 (41.9) MB, 5.5 / 0.0 ms  (average mu = 0.923, current mu = 0.926) testing GC in old space requested
[8:0x42e8760]   173663 ms: Mark-sweep 8.4 (41.9) -> 8.3 (41.9) MB, 5.3 / 0.0 ms  (average mu = 0.923, current mu = 0.923) testing GC in old space requested
[8:0x42e8760]   173731 ms: Mark-sweep 8.4 (41.9) -> 8.3 (41.9) MB, 5.2 / 0.0 ms  (average mu = 0.923, current mu = 0.923) testing GC in old space requested
[8:0x42e8760]   173800 ms: Mark-sweep 8.4 (41.9) -> 8.3 (41.9) MB, 6.3 / 0.0 ms  (average mu = 0.916, current mu = 0.909) testing GC in old space requested
[8:0x42e8760]   173873 ms: Mark-sweep 8.4 (41.9) -> 8.3 (41.9) MB, 5.4 / 0.0 ms  (average mu = 0.921, current mu = 0.926) testing GC in old space requested
[8:0x42e8760]   173942 ms: Mark-sweep 8.4 (41.9) -> 8.3 (41.9) MB, 5.3 / 0.0 ms  (average mu = 0.922, current mu = 0.922) testing GC in old space requested
[8:0x42e8760]   174010 ms: Mark-sweep 8.4 (41.9) -> 8.3 (41.9) MB, 5.3 / 0.0 ms  (average mu = 0.922, current mu = 0.922) testing GC in old space requested
[8:0x42e8760]   174078 ms: Mark-sweep 8.4 (41.9) -> 8.3 (41.9) MB, 5.3 / 0.0 ms  (average mu = 0.922, current mu = 0.921) testing GC in old space requested
[8:0x42e8760]   174146 ms: Mark-sweep 8.4 (41.9) -> 8.3 (41.9) MB, 5.6 / 0.0 ms  (average mu = 0.920, current mu = 0.918) testing GC in old space requested
[8:0x42e8760]   174219 ms: Mark-sweep 8.4 (41.9) -> 8.3 (41.9) MB, 5.4 / 0.0 ms  (average mu = 0.923, current mu = 0.927) testing GC in old space requested
[8:0x42e8760]   174288 ms: Mark-sweep 8.4 (41.9) -> 8.3 (41.9) MB, 5.3 / 0.0 ms  (average mu = 0.923, current mu = 0.922) testing GC in old space requested
[8:0x42e8760]   174356 ms: Mark-sweep 8.4 (41.9) -> 8.3 (41.9) MB, 5.7 / 0.0 ms  (average mu = 0.920, current mu = 0.917) testing GC in old space requested
[8:0x42e8760]   174423 ms: Mark-sweep 8.4 (41.9) -> 8.3 (41.9) MB, 5.4 / 0.0 ms  (average mu = 0.920, current mu = 0.920) testing GC in old space requested
[8:0x42e8760]   174492 ms: Mark-sweep 8.4 (41.9) -> 8.3 (41.9) MB, 5.2 / 0.0 ms  (average mu = 0.922, current mu = 0.924) testing GC in old space requested
[8:0x42e8760]   174565 ms: Mark-sweep 8.4 (41.9) -> 8.3 (41.9) MB, 5.8 / 0.0 ms  (average mu = 0.922, current mu = 0.922) testing GC in old space requested
[8:0x42e8760]   174634 ms: Mark-sweep 8.4 (41.9) -> 8.3 (41.9) MB, 5.3 / 0.0 ms  (average mu = 0.922, current mu = 0.922) testing GC in old space requested
[8:0x42e8760]   174701 ms: Mark-sweep 8.4 (41.9) -> 8.3 (41.9) MB, 5.3 / 0.0 ms  (average mu = 0.922, current mu = 0.922) testing GC in old space requested
[8:0x42e8760]   174769 ms: Mark-sweep 8.4 (41.9) -> 8.3 (41.9) MB, 5.3 / 0.0 ms  (average mu = 0.922, current mu = 0.922) testing GC in old space requested
[8:0x42e8760]   174839 ms: Mark-sweep 8.4 (41.9) -> 8.3 (41.9) MB, 6.1 / 0.0 ms  (average mu = 0.917, current mu = 0.913) testing GC in old space requested
[8:0x42e8760]   174908 ms: Mark-sweep 8.5 (41.9) -> 8.3 (41.9) MB, 5.3 / 0.0 ms  (average mu = 0.920, current mu = 0.923) testing GC in old space requested
[8:0x42e8760]   174981 ms: Mark-sweep 8.5 (41.9) -> 8.3 (41.9) MB, 5.6 / 0.0 ms  (average mu = 0.922, current mu = 0.923) testing GC in old space requested
[8:0x42e8760]   175049 ms: Mark-sweep 8.5 (41.9) -> 8.3 (41.9) MB, 5.6 / 0.0 ms  (average mu = 0.920, current mu = 0.919) testing GC in old space requested
[8:0x42e8760]   175118 ms: Mark-sweep 8.5 (41.9) -> 8.3 (41.9) MB, 5.2 / 0.0 ms  (average mu = 0.922, current mu = 0.924) testing GC in old space requested
[8:0x42e8760]   175187 ms: Mark-sweep 8.5 (41.9) -> 8.3 (41.9) MB, 5.2 / 0.0 ms  (average mu = 0.924, current mu = 0.925) testing GC in old space requested
[8:0x42e8760]   175255 ms: Mark-sweep 8.5 (41.9) -> 8.3 (41.9) MB, 5.2 / 0.0 ms  (average mu = 0.924, current mu = 0.924) testing GC in old space requested
[8:0x42e8760]   175324 ms: Mark-sweep 8.5 (41.9) -> 8.3 (41.9) MB, 5.3 / 0.0 ms  (average mu = 0.923, current mu = 0.923) testing GC in old space requested
[8:0x42e8760]   175392 ms: Mark-sweep 8.5 (41.9) -> 8.3 (41.9) MB, 5.1 / 0.0 ms  (average mu = 0.924, current mu = 0.924) testing GC in old space requested
[8:0x42e8760]   175460 ms: Mark-sweep 8.5 (41.9) -> 8.3 (41.9) MB, 5.2 / 0.0 ms  (average mu = 0.924, current mu = 0.923) testing GC in old space requested
[8:0x42e8760]   175527 ms: Mark-sweep 8.5 (41.9) -> 8.3 (41.9) MB, 5.2 / 0.0 ms  (average mu = 0.923, current mu = 0.922) testing GC in old space requested
[8:0x42e8760]   175600 ms: Mark-sweep 8.5 (41.9) -> 8.3 (41.9) MB, 5.5 / 0.0 ms  (average mu = 0.924, current mu = 0.924) testing GC in old space requested
[8:0x42e8760]   175668 ms: Mark-sweep 8.5 (41.9) -> 8.3 (41.9) MB, 5.1 / 0.0 ms  (average mu = 0.924, current mu = 0.925) testing GC in old space requested
[8:0x42e8760]   175736 ms: Mark-sweep 8.5 (41.9) -> 8.3 (41.9) MB, 5.2 / 0.0 ms  (average mu = 0.924, current mu = 0.923) testing GC in old space requested
[8:0x42e8760]   175804 ms: Mark-sweep 8.5 (41.9) -> 8.3 (41.9) MB, 5.2 / 0.0 ms  (average mu = 0.924, current mu = 0.924) testing GC in old space requested
[8:0x42e8760]   175873 ms: Mark-sweep 8.5 (41.9) -> 8.3 (41.9) MB, 5.4 / 0.0 ms  (average mu = 0.923, current mu = 0.922) testing GC in old space requested
[8:0x42e8760]   175941 ms: Mark-sweep 8.5 (41.9) -> 8.3 (41.9) MB, 5.5 / 0.0 ms  (average mu = 0.922, current mu = 0.921) testing GC in old space requested
[8:0x42e8760]   176009 ms: Mark-sweep 8.5 (41.9) -> 8.3 (41.9) MB, 5.3 / 0.0 ms  (average mu = 0.922, current mu = 0.921) testing GC in old space requested
[8:0x42e8760]   176077 ms: Mark-sweep 8.5 (41.9) -> 8.3 (41.9) MB, 5.2 / 0.0 ms  (average mu = 0.922, current mu = 0.923) testing GC in old space requested
[8:0x42e8760]   176144 ms: Mark-sweep 8.5 (41.9) -> 8.3 (41.9) MB, 5.2 / 0.0 ms  (average mu = 0.922, current mu = 0.923) testing GC in old space requested
[8:0x42e8760]   176213 ms: Mark-sweep 8.5 (41.9) -> 8.3 (41.9) MB, 5.6 / 0.0 ms  (average mu = 0.920, current mu = 0.919) testing GC in old space requested
[8:0x42e8760]   176286 ms: Mark-sweep 8.5 (41.9) -> 8.3 (41.9) MB, 5.3 / 0.0 ms  (average mu = 0.924, current mu = 0.927) testing GC in old space requested
[8:0x42e8760]   176353 ms: Mark-sweep 8.5 (41.9) -> 8.3 (41.9) MB, 5.4 / 0.0 ms  (average mu = 0.922, current mu = 0.920) testing GC in old space requested
[8:0x42e8760]   176426 ms: Mark-sweep 8.5 (41.9) -> 8.3 (41.9) MB, 5.3 / 0.0 ms  (average mu = 0.925, current mu = 0.927) testing GC in old space requested
[8:0x42e8760]   176493 ms: Mark-sweep 8.5 (41.9) -> 8.3 (41.9) MB, 5.1 / 0.0 ms  (average mu = 0.924, current mu = 0.924) testing GC in old space requested
[8:0x42e8760]   176561 ms: Mark-sweep 8.5 (41.9) -> 8.3 (41.9) MB, 5.2 / 0.0 ms  (average mu = 0.924, current mu = 0.923) testing GC in old space requested
[8:0x42e8760]   176629 ms: Mark-sweep 8.5 (41.9) -> 8.3 (41.9) MB, 5.2 / 0.0 ms  (average mu = 0.923, current mu = 0.923) testing GC in old space requested
[8:0x42e8760]   176696 ms: Mark-sweep 8.5 (41.9) -> 8.3 (41.9) MB, 5.2 / 0.0 ms  (average mu = 0.923, current mu = 0.923) testing GC in old space requested
[8:0x42e8760]   176763 ms: Mark-sweep 8.5 (41.9) -> 8.3 (41.9) MB, 5.3 / 0.0 ms  (average mu = 0.922, current mu = 0.921) testing GC in old space requested
[8:0x42e8760]   176830 ms: Mark-sweep 8.5 (41.9) -> 8.3 (41.9) MB, 5.5 / 0.0 ms  (average mu = 0.920, current mu = 0.918) testing GC in old space requested
[8:0x42e8760]   176897 ms: Mark-sweep 8.5 (41.9) -> 8.3 (41.9) MB, 5.4 / 0.0 ms  (average mu = 0.920, current mu = 0.919) testing GC in old space requested
[8:0x42e8760]   176972 ms: Mark-sweep 8.5 (41.9) -> 8.3 (41.9) MB, 5.3 / 0.0 ms  (average mu = 0.924, current mu = 0.929) testing GC in old space requested
[8:0x42e8760]   177041 ms: Mark-sweep 8.5 (41.9) -> 8.3 (41.9) MB, 5.3 / 0.0 ms  (average mu = 0.924, current mu = 0.924) testing GC in old space requested
[8:0x42e8760]   177109 ms: Mark-sweep 8.5 (41.9) -> 8.3 (41.9) MB, 5.1 / 0.0 ms  (average mu = 0.925, current mu = 0.925) testing GC in old space requested
[8:0x42e8760]   177178 ms: Mark-sweep 8.5 (41.9) -> 8.3 (41.9) MB, 5.2 / 0.0 ms  (average mu = 0.925, current mu = 0.924) testing GC in old space requested
[8:0x42e8760]   177249 ms: Mark-sweep 8.5 (41.9) -> 8.3 (41.9) MB, 5.6 / 0.0 ms  (average mu = 0.923, current mu = 0.921) testing GC in old space requested
[8:0x42e8760]   177324 ms: Mark-sweep 8.5 (41.9) -> 8.3 (41.9) MB, 5.6 / 0.0 ms  (average mu = 0.925, current mu = 0.926) testing GC in old space requested
[8:0x42e8760]   177395 ms: Mark-sweep 8.5 (41.9) -> 8.3 (41.9) MB, 5.2 / 0.0 ms  (average mu = 0.925, current mu = 0.926) testing GC in old space requested
[8:0x42e8760]   177463 ms: Mark-sweep 8.5 (41.9) -> 8.3 (41.9) MB, 5.6 / 0.0 ms  (average mu = 0.922, current mu = 0.919) testing GC in old space requested
[8:0x42e8760]   177531 ms: Mark-sweep 8.5 (41.9) -> 8.3 (41.9) MB, 5.3 / 0.0 ms  (average mu = 0.922, current mu = 0.923) testing GC in old space requested
[8:0x42e8760]   177604 ms: Mark-sweep 8.5 (41.9) -> 8.3 (41.9) MB, 5.3 / 0.0 ms  (average mu = 0.925, current mu = 0.927) testing GC in old space requested
[8:0x42e8760]   177671 ms: Mark-sweep 8.5 (41.9) -> 8.3 (41.9) MB, 5.3 / 0.0 ms  (average mu = 0.923, current mu = 0.922) testing GC in old space requested
[8:0x42e8760]   177740 ms: Mark-sweep 8.5 (41.9) -> 8.3 (41.9) MB, 5.3 / 0.0 ms  (average mu = 0.923, current mu = 0.923) testing GC in old space requested
[8:0x42e8760]   177808 ms: Mark-sweep 8.5 (41.9) -> 8.3 (41.9) MB, 5.3 / 0.0 ms  (average mu = 0.923, current mu = 0.922) testing GC in old space requested
[8:0x42e8760]   177876 ms: Mark-sweep 8.5 (41.9) -> 8.3 (41.9) MB, 5.4 / 0.0 ms  (average mu = 0.922, current mu = 0.921) testing GC in old space requested
[8:0x42e8760]   177943 ms: Mark-sweep 8.5 (41.9) -> 8.3 (41.9) MB, 5.3 / 0.0 ms  (average mu = 0.921, current mu = 0.921) testing GC in old space requested
[8:0x42e8760]   178012 ms: Mark-sweep 8.5 (41.9) -> 8.3 (41.9) MB, 5.3 / 0.0 ms  (average mu = 0.922, current mu = 0.923) testing GC in old space requested
[8:0x42e8760]   178080 ms: Mark-sweep 8.5 (41.9) -> 8.3 (41.9) MB, 5.5 / 0.0 ms  (average mu = 0.920, current mu = 0.918) testing GC in old space requested
[8:0x42e8760]   178148 ms: Mark-sweep 8.5 (41.9) -> 8.3 (41.9) MB, 5.3 / 0.0 ms  (average mu = 0.921, current mu = 0.922) testing GC in old space requested
[8:0x42e8760]   178215 ms: Mark-sweep 8.5 (41.9) -> 8.3 (41.9) MB, 5.3 / 0.0 ms  (average mu = 0.921, current mu = 0.921) testing GC in old space requested
[8:0x42e8760]   178285 ms: Mark-sweep 8.5 (41.9) -> 8.3 (41.9) MB, 5.4 / 0.0 ms  (average mu = 0.922, current mu = 0.922) testing GC in old space requested
[8:0x42e8760]   178353 ms: Mark-sweep 8.5 (41.9) -> 8.3 (41.9) MB, 5.3 / 0.0 ms  (average mu = 0.922, current mu = 0.922) testing GC in old space requested
[8:0x42e8760]   178421 ms: Mark-sweep 8.5 (41.9) -> 8.3 (41.9) MB, 5.3 / 0.0 ms  (average mu = 0.921, current mu = 0.921) testing GC in old space requested
[8:0x42e8760]   178488 ms: Mark-sweep 8.5 (41.9) -> 8.3 (41.9) MB, 5.2 / 0.0 ms  (average mu = 0.922, current mu = 0.922) testing GC in old space requested
[8:0x42e8760]   178554 ms: Mark-sweep 8.5 (41.9) -> 8.3 (41.9) MB, 5.2 / 0.0 ms  (average mu = 0.922, current mu = 0.922) testing GC in old space requested
[8:0x42e8760]   178624 ms: Mark-sweep 8.5 (41.9) -> 8.3 (41.9) MB, 7.8 / 0.0 ms  (average mu = 0.905, current mu = 0.889) testing GC in old space requested
[8:0x42e8760]   178692 ms: Mark-sweep 8.5 (41.9) -> 8.3 (41.9) MB, 5.8 / 0.0 ms  (average mu = 0.910, current mu = 0.915) testing GC in old space requested
[8:0x42e8760]   178759 ms: Mark-sweep 8.5 (41.9) -> 8.3 (41.9) MB, 5.2 / 0.0 ms  (average mu = 0.917, current mu = 0.923) testing GC in old space requested
[8:0x42e8760]   178827 ms: Mark-sweep 8.5 (41.9) -> 8.3 (41.9) MB, 5.3 / 0.0 ms  (average mu = 0.919, current mu = 0.921) testing GC in old space requested
[8:0x42e8760]   178895 ms: Mark-sweep 8.5 (41.9) -> 8.3 (41.9) MB, 5.4 / 0.0 ms  (average mu = 0.920, current mu = 0.921) testing GC in old space requested
[8:0x42e8760]   178963 ms: Mark-sweep 8.5 (41.9) -> 8.3 (41.9) MB, 5.3 / 0.0 ms  (average mu = 0.921, current mu = 0.921) testing GC in old space requested
[8:0x42e8760]   179036 ms: Mark-sweep 8.5 (41.9) -> 8.3 (41.9) MB, 5.3 / 0.0 ms  (average mu = 0.924, current mu = 0.927) testing GC in old space requested
[8:0x42e8760]   179105 ms: Mark-sweep 8.5 (41.9) -> 8.3 (41.9) MB, 5.2 / 0.0 ms  (average mu = 0.925, current mu = 0.925) testing GC in old space requested
[8:0x42e8760]   179175 ms: Mark-sweep 8.5 (41.9) -> 8.3 (41.9) MB, 5.2 / 0.0 ms  (average mu = 0.925, current mu = 0.925) testing GC in old space requested
[8:0x42e8760]   179245 ms: Mark-sweep 8.5 (41.9) -> 8.3 (41.9) MB, 5.4 / 0.0 ms  (average mu = 0.924, current mu = 0.923) testing GC in old space requested
[8:0x42e8760]   179318 ms: Mark-sweep 8.5 (41.9) -> 8.3 (41.9) MB, 6.4 / 0.0 ms  (average mu = 0.918, current mu = 0.912) testing GC in old space requested
[8:0x42e8760]   179388 ms: Mark-sweep 8.5 (41.9) -> 8.3 (41.9) MB, 5.4 / 0.0 ms  (average mu = 0.921, current mu = 0.923) testing GC in old space requested
[8:0x42e8760]   179457 ms: Mark-sweep 8.5 (41.9) -> 8.3 (41.9) MB, 5.3 / 0.0 ms  (average mu = 0.922, current mu = 0.923) testing GC in old space requested
[8:0x42e8760]   179528 ms: Mark-sweep 8.5 (41.9) -> 8.3 (41.9) MB, 5.4 / 0.0 ms  (average mu = 0.923, current mu = 0.923) testing GC in old space requested
[8:0x42e8760]   179603 ms: Mark-sweep 8.5 (41.9) -> 8.3 (41.9) MB, 5.4 / 0.0 ms  (average mu = 0.926, current mu = 0.929) testing GC in old space requested
[8:0x42e8760]   179674 ms: Mark-sweep 8.5 (41.9) -> 8.3 (41.9) MB, 5.4 / 0.0 ms  (average mu = 0.925, current mu = 0.924) testing GC in old space requested
[8:0x42e8760]   179744 ms: Mark-sweep 8.5 (41.9) -> 8.3 (41.9) MB, 5.3 / 0.0 ms  (average mu = 0.924, current mu = 0.924) testing GC in old space requested
[8:0x42e8760]   179813 ms: Mark-sweep 8.5 (41.9) -> 8.3 (41.9) MB, 5.3 / 0.0 ms  (average mu = 0.924, current mu = 0.924) testing GC in old space requested
[8:0x42e8760]   179883 ms: Mark-sweep 8.5 (41.9) -> 8.3 (41.9) MB, 5.4 / 0.0 ms  (average mu = 0.923, current mu = 0.922) testing GC in old space requested
[8:0x42e8760]   179954 ms: Mark-sweep 8.5 (41.9) -> 8.3 (41.9) MB, 6.6 / 0.0 ms  (average mu = 0.915, current mu = 0.908) testing GC in old space requested
[8:0x42e8760]   180024 ms: Mark-sweep 8.5 (41.9) -> 8.3 (41.9) MB, 6.1 / 0.0 ms  (average mu = 0.914, current mu = 0.913) testing GC in old space requested
[8:0x42e8760]   180098 ms: Mark-sweep 8.5 (41.9) -> 8.3 (41.9) MB, 5.5 / 0.0 ms  (average mu = 0.920, current mu = 0.926) testing GC in old space requested
[8:0x42e8760]   180167 ms: Mark-sweep 8.5 (41.9) -> 8.3 (41.9) MB, 5.4 / 0.0 ms  (average mu = 0.921, current mu = 0.922) testing GC in old space requested
[8:0x42e8760]   180236 ms: Mark-sweep 8.5 (41.9) -> 8.3 (41.9) MB, 5.4 / 0.0 ms  (average mu = 0.922, current mu = 0.922) testing GC in old space requested
[8:0x42e8760]   180509 ms: Mark-sweep 8.5 (41.9) -> 8.3 (41.9) MB, 5.5 / 0.0 ms  (average mu = 0.968, current mu = 0.980) testing GC in old space requested
[8:0x42e8760]   180580 ms: Mark-sweep 8.5 (41.9) -> 8.3 (41.9) MB, 5.4 / 0.0 ms  (average mu = 0.955, current mu = 0.924) testing GC in old space requested
[8:0x42e8760]   180649 ms: Mark-sweep 8.5 (41.9) -> 8.3 (41.9) MB, 5.4 / 0.0 ms  (average mu = 0.943, current mu = 0.922) testing GC in old space requested
[8:0x42e8760]   180717 ms: Mark-sweep 8.5 (41.9) -> 8.3 (41.9) MB, 5.3 / 0.0 ms  (average mu = 0.934, current mu = 0.922) testing GC in old space requested
[8:0x42e8760]   180787 ms: Mark-sweep 8.5 (41.9) -> 8.3 (41.9) MB, 5.6 / 0.0 ms  (average mu = 0.927, current mu = 0.919) testing GC in old space requested
[8:0x42e8760]   180855 ms: Mark-sweep 8.5 (41.9) -> 8.3 (41.9) MB, 5.3 / 0.0 ms  (average mu = 0.925, current mu = 0.922) testing GC in old space requested
[8:0x42e8760]   180924 ms: Mark-sweep 8.5 (41.9) -> 8.3 (41.9) MB, 5.7 / 0.0 ms  (average mu = 0.921, current mu = 0.916) testing GC in old space requested
[8:0x42e8760]   180991 ms: Mark-sweep 8.5 (41.9) -> 8.3 (41.9) MB, 5.7 / 0.0 ms  (average mu = 0.918, current mu = 0.916) testing GC in old space requested
[8:0x42e8760]   181060 ms: Mark-sweep 8.5 (41.9) -> 8.3 (41.9) MB, 5.7 / 0.0 ms  (average mu = 0.918, current mu = 0.917) testing GC in old space requested
[8:0x42e8760]   181128 ms: Mark-sweep 8.5 (41.9) -> 8.3 (41.9) MB, 5.6 / 0.0 ms  (average mu = 0.917, current mu = 0.917) testing GC in old space requested
[8:0x42e8760]   181372 ms: Mark-sweep 8.5 (41.9) -> 8.3 (41.9) MB, 6.1 / 0.0 ms  (average mu = 0.962, current mu = 0.975) testing GC in old space requested
[8:0x42e8760]   181445 ms: Mark-sweep 8.5 (41.9) -> 8.3 (41.9) MB, 5.6 / 0.0 ms  (average mu = 0.950, current mu = 0.923) testing GC in old space requested
[8:0x42e8760]   181514 ms: Mark-sweep 8.5 (42.2) -> 8.3 (42.2) MB, 5.3 / 0.0 ms  (average mu = 0.940, current mu = 0.924) testing GC in old space requested
[8:0x42e8760]   181588 ms: Mark-sweep 8.5 (42.2) -> 8.3 (42.2) MB, 5.7 / 0.0 ms  (average mu = 0.933, current mu = 0.923) testing GC in old space requested
[8:0x42e8760]   181657 ms: Mark-sweep 8.5 (42.2) -> 8.3 (42.2) MB, 5.4 / 0.0 ms  (average mu = 0.928, current mu = 0.923) testing GC in old space requested
[8:0x42e8760]   181726 ms: Mark-sweep 8.5 (42.2) -> 8.3 (42.2) MB, 5.2 / 0.0 ms  (average mu = 0.927, current mu = 0.925) testing GC in old space requested
[8:0x42e8760]   181796 ms: Mark-sweep 8.5 (42.2) -> 8.3 (42.2) MB, 6.0 / 0.0 ms  (average mu = 0.921, current mu = 0.914) testing GC in old space requested
[8:0x42e8760]   181867 ms: Mark-sweep 8.5 (42.2) -> 8.3 (42.2) MB, 6.0 / 0.0 ms  (average mu = 0.919, current mu = 0.916) testing GC in old space requested
[8:0x42e8760]   181940 ms: Mark-sweep 8.5 (42.2) -> 8.3 (42.2) MB, 7.0 / 0.0 ms  (average mu = 0.911, current mu = 0.904) testing GC in old space requested
[8:0x42e8760]   182015 ms: Mark-sweep 8.5 (42.2) -> 8.3 (42.2) MB, 5.5 / 0.0 ms  (average mu = 0.919, current mu = 0.926) testing GC in old space requested
[8:0x42e8760]   182083 ms: Mark-sweep 8.5 (42.2) -> 8.3 (42.2) MB, 5.2 / 0.0 ms  (average mu = 0.921, current mu = 0.923) testing GC in old space requested
[8:0x42e8760]   182155 ms: Mark-sweep 8.5 (42.2) -> 8.3 (41.9) MB, 5.5 / 0.0 ms  (average mu = 0.922, current mu = 0.924) testing GC in old space requested
[8:0x42e8760]   182223 ms: Mark-sweep 8.5 (41.9) -> 8.3 (41.9) MB, 5.2 / 0.0 ms  (average mu = 0.923, current mu = 0.924) testing GC in old space requested
[8:0x42e8760]   182292 ms: Mark-sweep 8.5 (41.9) -> 8.3 (41.9) MB, 5.3 / 0.0 ms  (average mu = 0.923, current mu = 0.923) testing GC in old space requested
[8:0x42e8760]   182361 ms: Mark-sweep 8.5 (41.9) -> 8.3 (41.9) MB, 5.3 / 0.0 ms  (average mu = 0.923, current mu = 0.924) testing GC in old space requested
[8:0x42e8760]   182432 ms: Mark-sweep 8.5 (41.9) -> 8.3 (41.9) MB, 5.9 / 0.0 ms  (average mu = 0.920, current mu = 0.916) testing GC in old space requested
[8:0x42e8760]   182503 ms: Mark-sweep 8.5 (41.9) -> 8.3 (41.9) MB, 6.1 / 0.0 ms  (average mu = 0.917, current mu = 0.914) testing GC in old space requested
[8:0x42e8760]   182574 ms: Mark-sweep 8.5 (41.9) -> 8.3 (41.9) MB, 6.1 / 0.0 ms  (average mu = 0.915, current mu = 0.913) testing GC in old space requested
